 mod-killer

 Timestamp is 51df18d1 (Fri Jul 12 00:42:57 2013)

 Preferred load address is 01000000

 Start         Length     Name                   Class
 0001:00000000 00000098H .idata$5                CODE
 0001:00000098 000009d4H .rdata                  CODE
 0001:00000a6c 000016b2H .text                   CODE
 0001:00002120 00001e41H code                    CODE
 0001:00003f64 00000050H .idata$2                CODE
 0001:00003fb4 00000014H .idata$3                CODE
 0001:00003fc8 00000098H .idata$4                CODE
 0001:00004060 0000027eH .idata$6                CODE
 0001:000042e0 0000009cH .edata                  CODE
 0002:00000000 00000054H .data                   DATA
 0002:00000058 00000ef8H .bss                    DATA

  Address         Publics by Value              Rva+Base       Lib:Object

 0001:00000000       __imp__RegSetValueExW@24   01001000     advapi32:ADVAPI32.dll
 0001:00000004       __imp__RegEnumKeyExW@32    01001004     advapi32:ADVAPI32.dll
 0001:00000008       __imp__RegOpenKeyExW@20    01001008     advapi32:ADVAPI32.dll
 0001:0000000c       __imp__RegEnumValueW@32    0100100c     advapi32:ADVAPI32.dll
 0001:00000010       __imp__RegQueryInfoKeyW@48 01001010     advapi32:ADVAPI32.dll
 0001:00000014       __imp__RegQueryValueExW@24 01001014     advapi32:ADVAPI32.dll
 0001:00000018       __imp__RegCreateKeyExW@36  01001018     advapi32:ADVAPI32.dll
 0001:0000001c       __imp__RegCloseKey@4       0100101c     advapi32:ADVAPI32.dll
 0001:00000020       \177ADVAPI32_NULL_THUNK_DATA 01001020     advapi32:ADVAPI32.dll
 0001:00000024       __imp__HeapDestroy@4       01001024     kernel32:KERNEL32.dll
 0001:00000028       __imp__HeapCreate@12       01001028     kernel32:KERNEL32.dll
 0001:0000002c       __imp__MultiByteToWideChar@24 0100102c     kernel32:KERNEL32.dll
 0001:00000030       __imp__GetTempPathW@8      01001030     kernel32:KERNEL32.dll
 0001:00000034       __imp__GetLastError@0      01001034     kernel32:KERNEL32.dll
 0001:00000038       __imp__CloseHandle@4       01001038     kernel32:KERNEL32.dll
 0001:0000003c       __imp__DeleteFileW@4       0100103c     kernel32:KERNEL32.dll
 0001:00000040       __imp__CreateProcessW@40   01001040     kernel32:KERNEL32.dll
 0001:00000044       __imp__MoveFileExW@12      01001044     kernel32:KERNEL32.dll
 0001:00000048       __imp__InitializeCriticalSection@4 01001048     kernel32:KERNEL32.dll
 0001:0000004c       __imp__LeaveCriticalSection@4 0100104c     kernel32:KERNEL32.dll
 0001:00000050       __imp__EnterCriticalSection@4 01001050     kernel32:KERNEL32.dll
 0001:00000054       __imp__lstrcatW@8          01001054     kernel32:KERNEL32.dll
 0001:00000058       __imp__DeleteCriticalSection@4 01001058     kernel32:KERNEL32.dll
 0001:0000005c       __imp__IsBadReadPtr@8      0100105c     kernel32:KERNEL32.dll
 0001:00000060       __imp__GetProcessHeap@0    01001060     kernel32:KERNEL32.dll
 0001:00000064       __imp__HeapFree@12         01001064     kernel32:KERNEL32.dll
 0001:00000068       __imp__HeapAlloc@12        01001068     kernel32:KERNEL32.dll
 0001:0000006c       __imp__HeapReAlloc@16      0100106c     kernel32:KERNEL32.dll
 0001:00000070       __imp__GetTempFileNameW@16 01001070     kernel32:KERNEL32.dll
 0001:00000074       \177KERNEL32_NULL_THUNK_DATA 01001074     kernel32:KERNEL32.dll
 0001:00000078       __imp__PathCombineW@12     01001078     shlwapi:SHLWAPI.dll
 0001:0000007c       __imp__StrStrIA@8          0100107c     shlwapi:SHLWAPI.dll
 0001:00000080       __imp__wvnsprintfW@16      01001080     shlwapi:SHLWAPI.dll
 0001:00000084       __imp__SHDeleteKeyW@8      01001084     shlwapi:SHLWAPI.dll
 0001:00000088       __imp__PathUnquoteSpacesW@4 01001088     shlwapi:SHLWAPI.dll
 0001:0000008c       \177SHLWAPI_NULL_THUNK_DATA 0100108c     shlwapi:SHLWAPI.dll
 0001:00000090       __imp__URLDownloadToFileW@20 01001090     urlmon:urlmon.dll
 0001:00000094       \177urlmon_NULL_THUNK_DATA 01001094     urlmon:urlmon.dll
 0001:00000098       ??_C@_19DOGDICKI@?$AA?4?$AAe?$AAx?$AAe?$AA?$AA@ 01001098     core.obj
 0001:000000a4       ??_C@_1BA@CPFBBMOJ@?$AAU?$AAr?$AAl?$AA?3?$AA?5?$AA?$CF?$AAs?$AA?$AA@ 010010a4     core.obj
 0001:000000b4       ??_C@_0DN@OOMCMGDJ@C?3?2Zeus?5projects?2last?2src_curren@ 010010b4     core.obj
 0001:000000f4       ??_C@_0P@KFONJGGG@DownloadAndRun?$AA@ 010010f4     core.obj
 0001:00000104       ??_C@_19GBMGDAIM@?$AA?$CC?$AA?$CF?$AAs?$AA?$CC?$AA?$AA@ 01001104     core.obj
 0001:00000110       ??_C@_1FC@PDNIDJIP@?$AAn?$AAe?$AAw?$AA?5?$AA7?$AA7?$AA?4?$AAe?$AAx?$AAe?$AA?5?$AAs?$AAu?$AAc?$AAc?$AAe?$AAs?$AAs?$AAf?$AAu?$AAl?$AAl?$AAy?$AA?5?$AAs?$AAt?$AAa?$AAr?$AAt?$AAe?$AAd?$AA?5@ 01001110     core.obj
 0001:00000164       ??_C@_1DK@LPENEOBP@?$AAE?$AAr?$AAr?$AAo?$AAr?$AA?5?$AAw?$AAh?$AAe?$AAn?$AA?5?$AAc?$AAr?$AAe?$AAa?$AAt?$AAi?$AAn?$AAg?$AA?5?$AAp?$AAr?$AAo?$AAc?$AAe?$AAs?$AAs?$AA?4?$AA?$AA@ 01001164     core.obj
 0001:000001a0       ??_C@_1DK@GKPJLFHI@?$AAC?$AAr?$AAe?$AAa?$AAt?$AAe?$AAP?$AAr?$AAo?$AAc?$AAe?$AAs?$AAs?$AAW?$AA?5?$AAe?$AAr?$AAr?$AAo?$AAr?$AA?3?$AA?5?$AA0?$AAx?$AA?$CF?$AAX?$AA?$AN?$AA?6?$AA?$AA@ 010011a0     core.obj
 0001:000001e0       ??_C@_1EA@CMBPBEBM@?$AAU?$AAR?$AAL?$AAD?$AAo?$AAw?$AAn?$AAl?$AAo?$AAa?$AAd?$AAT?$AAo?$AAF?$AAi?$AAl?$AAe?$AA?5?$AAe?$AAr?$AAr?$AAo?$AAr?$AA?3?$AA?5?$AA0?$AAx?$AA?$CF?$AAX?$AA?$AN?$AA?6?$AA?$AA@ 010011e0     core.obj
 0001:00000220       ??_C@_1BA@CMPJMHAL@?$AAR?$AAe?$AAc?$AAy?$AAc?$AAl?$AAe?$AA?$AA@ 01001220     core.obj
 0001:00000230       ??_C@_1BC@PEBNNJOF@?$AAR?$AAE?$AAC?$AAY?$AAC?$AAL?$AAE?$AAR?$AA?$AA@ 01001230     core.obj
 0001:00000244       ??_C@_1DG@LLGCCMHF@?$AAF?$AAo?$AAu?$AAn?$AAd?$AA?5?$AA7?$AA7?$AA?4?$AAe?$AAx?$AAe?$AA?5?$AAr?$AAe?$AAg?$AAi?$AAs?$AAt?$AAr?$AAy?$AA?5?$AAk?$AAe?$AAy?$AA?4?$AA?$AA@ 01001244     core.obj
 0001:0000027c       ??_C@_0M@NDFHEOPL@findKeyProc?$AA@ 0100127c     core.obj
 0001:00000288       ??_C@_1KE@NLFHFBDC@?$AA7?$AA7?$AA?4?$AAe?$AAx?$AAe?$AA?5?$AAs?$AAu?$AAc?$AAc?$AAe?$AAs?$AAs?$AAf?$AAu?$AAl?$AAy?$AA?5?$AAu?$AAn?$AAi?$AAn?$AAs?$AAt?$AAa?$AAl?$AAl?$AAe?$AAd?$AA?4?$AA?5@ 01001288     core.obj
 0001:00000330       ??_C@_1KI@IEEHNI@?$AA7?$AA7?$AA?4?$AAe?$AAx?$AAe?$AA?5?$AAs?$AAu?$AAc?$AAc?$AAe?$AAs?$AAs?$AAf?$AAu?$AAl?$AAy?$AA?5?$AAu?$AAn?$AAi?$AAn?$AAs?$AAt?$AAa?$AAl?$AAl?$AAe?$AAd?$AA?4?$AA?5@ 01001330     core.obj
 0001:000003d8       ??_C@_1DI@NOIADJOM@?$AA7?$AA7?$AA?4?$AAe?$AAx?$AAe?$AA?5?$AAe?$AAr?$AAr?$AAo?$AAr?$AA?5?$AAw?$AAh?$AAe?$AAn?$AA?5?$AAr?$AAe?$AAm?$AAo?$AAv?$AAi?$AAn?$AAg?$AA?4?$AA?$AA@ 010013d8     core.obj
 0001:00000410       ??_C@_1DI@IKKCFLLI@?$AA7?$AA7?$AA?4?$AAe?$AAx?$AAe?$AA?5?$AAr?$AAe?$AAm?$AAo?$AAv?$AAe?$AA?5?$AAe?$AAr?$AAr?$AAo?$AAr?$AA?3?$AA?5?$AA0?$AAx?$AA?$CF?$AAX?$AA?$AN?$AA?6?$AA?$AA@ 01001410     core.obj
 0001:00000448       ??_C@_1M@PIKEIEDD@?$AAf?$AAl?$AAa?$AAg?$AAs?$AA?$AA@ 01001448     core.obj
 0001:00000454       ??_C@_1BI@JLJDELNG@?$AAS?$AAo?$AAf?$AAt?$AAw?$AAa?$AAr?$AAe?$AA?2?$AAM?$AAK?$AA?$AA@ 01001454     core.obj
 0001:0000046c       ??_C@_0O@EEKOEHBJ@77_uninstall?$DL?$AA@ 0100146c     core.obj
 0001:0000047c       ??_C@_1CO@FLODCNPN@?$AA7?$AA7?$AA_?$AAu?$AAn?$AAi?$AAn?$AAs?$AAt?$AAa?$AAl?$AAl?$AA?5?$AAr?$AAe?$AAc?$AAe?$AAi?$AAv?$AAe?$AAd?$AA?4?$AA?$AA@ 0100147c     core.obj
 0001:000004ac       ??_C@_0BB@EHNFOGOJ@mod_killer?3?3Init?$AA@ 010014ac     core.obj
 0001:000004c0       ??_C@_0BB@MDPAPABP@77_replace_with?$DN?$AA@ 010014c0     core.obj
 0001:000004d4       ??_C@_01ICJEACDI@?$DL?$AA@ 010014d4     core.obj
 0001:000004d8       ??_C@_1DK@LJEKBPA@?$AA7?$AA7?$AA_?$AAr?$AAe?$AAp?$AAl?$AAa?$AAc?$AAe?$AA_?$AAw?$AAi?$AAt?$AAh?$AA?5?$AAr?$AAe?$AAc?$AAe?$AAi?$AAv?$AAe?$AAd?$AA?3?$AA?5?$AA?$CF?$AAs?$AA?$AA@ 010014d8     core.obj
 0001:00000514       ??_C@_07BDBKHPMH@report?$DL?$AA@ 01001514     core.obj
 0001:0000051c       ??_C@_1DI@DKHDIJEA@?$AAS?$AAh?$AAo?$AAu?$AAl?$AAd?$AA?5?$AAr?$AAe?$AAp?$AAo?$AAr?$AAt?$AA?5?$AAt?$AAo?$AA?5?$AAt?$AAh?$AAe?$AA?5?$AAp?$AAa?$AAn?$AAe?$AAl?$AA?4?$AA?$AA@ 0100151c     core.obj
 0001:00000554       ??_C@_0BC@GOEHPDI@clean_zeus_based?$DL?$AA@ 01001554     core.obj
 0001:00000568       ??_C@_1EG@NPFBFBMO@?$AAC?$AAl?$AAe?$AAa?$AAn?$AA?5?$AAz?$AAe?$AAu?$AAs?$AA?5?$AAb?$AAa?$AAs?$AAe?$AAd?$AA?5?$AAm?$AAa?$AAl?$AAw?$AAa?$AAr?$AAe?$AA?5?$AAr?$AAe?$AAc?$AAe?$AAi?$AAv?$AAe@ 01001568     core.obj
 0001:000005b0       ??_C@_1EM@BNAJCFAG@?$AAN?$AAe?$AAw?$AA?5?$AA7?$AA7?$AA?4?$AAe?$AAx?$AAe?$AA?5?$AAd?$AAo?$AAw?$AAn?$AAl?$AAo?$AAa?$AAd?$AAe?$AAd?$AA?5?$AAa?$AAn?$AAd?$AA?5?$AAe?$AAx?$AAe?$AAc?$AAu?$AAt@ 010015b0     core.obj
 0001:000005fc       ??_C@_1DK@LLNCPGED@?$AA7?$AA7?$AA?4?$AAe?$AAx?$AAe?$AA?5?$AAd?$AAo?$AAw?$AAn?$AAl?$AAo?$AAa?$AAd?$AAi?$AAn?$AAg?$AA?5?$AAf?$AAa?$AAi?$AAl?$AAe?$AAd?$AA?4?$AA?$AN?$AA?6?$AA?$AA@ 010015fc     core.obj
 0001:00000638       ??_C@_1CO@JCJLGAGJ@?$AAS?$AAo?$AAf?$AAt?$AAw?$AAa?$AAr?$AAe?$AA?2?$AAC?$AAl?$AAa?$AAs?$AAs?$AAe?$AAs?$AA?2?$AAc?$AAl?$AAs?$AAi?$AAd?$AA?$AA@ 01001638     core.obj
 0001:00000668       ??_C@_1DG@CLCBENLA@?$AAS?$AAt?$AAa?$AAr?$AAt?$AAi?$AAn?$AAg?$AA?5?$AAt?$AAo?$AA?5?$AAc?$AAl?$AAe?$AAa?$AAn?$AA?5?$AAz?$AAe?$AAu?$AAs?$AA?9?$AAe?$AAs?$AA?4?$AA?$AA@ 01001668     core.obj
 0001:000006a0       ??_C@_0BC@NLOGMJEL@mod_killer?3?3Start?$AA@ 010016a0     core.obj
 0001:000006b4       ??_C@_0BG@PBLNIGJA@?$LP?$AA?$AA?$BA?$AA?k?$BId?$IL?$AN?$BI?$AA?$AA?$AA?$IDy4?$ACu?$BPh?$AA@ 010016b4     zeus_based_malware.obj
 0001:000006cc       ??_C@_06LLJMFLDD@?$ID?x?$ACu?$BIh?$AA@ 010016cc     zeus_based_malware.obj
 0001:000006d4       ??_C@_09KHANPHIH@?$LP?$AA?$AA?$BA?$AA?k?$BG?$PP?$BF?$AA@ 010016d4     zeus_based_malware.obj
 0001:000006e0       ??_C@_01LJBHJKHD@?$LL?$AA@ 010016e0     zeus_based_malware.obj
 0001:000006e4       ??_C@_02EPOPBADK@?$IL5?$AA@ 010016e4     zeus_based_malware.obj
 0001:000006e8       ??_C@_17ECHFBE@?$AA?$CK?$AA?4?$AA?$CK?$AA?$AA@ 010016e8     zeus_based_malware.obj
 0001:000006f0       ??_C@_19CFMCKEMN@?$AA?2?$AA?$CK?$AA?4?$AA?$CK?$AA?$AA@ 010016f0     zeus_based_malware.obj
 0001:000006fc       ??_C@_1CG@KAHFELHK@?$AAS?$AAp?$AAy?$AAE?$AAy?$AAe?$AA?5?$AAd?$AAe?$AAl?$AAe?$AAt?$AAe?$AAd?$AA?3?$AA?5?$AA?$CF?$AAs?$AA?$AA@ 010016fc     zeus_based_malware.obj
 0001:00000728       ??_C@_0EL@CJBJEPGM@C?3?2Zeus?5projects?2last?2src_curren@ 01001728     zeus_based_malware.obj
 0001:00000774       ??_C@_0BL@LELADKAF@DeleteDirectoryAndItsEntry?$AA@ 01001774     zeus_based_malware.obj
 0001:00000790       ??_C@_1BK@JHLNAEJL@?$AAa?$AAd?$AAv?$AAa?$AAp?$AAi?$AA3?$AA2?$AA?4?$AAd?$AAl?$AAl?$AA?$AA@ 01001790     zeus_based_malware.obj
 0001:000007b0       ??_C@_1FM@KNABEEEB@?$AAS?$AAO?$AAF?$AAT?$AAW?$AAA?$AAR?$AAE?$AA?2?$AAM?$AAi?$AAc?$AAr?$AAo?$AAs?$AAo?$AAf?$AAt?$AA?2?$AAW?$AAi?$AAn?$AAd?$AAo?$AAw?$AAs?$AA?2?$AAC?$AAu?$AAr?$AAr?$AAe@ 010017b0     zeus_based_malware.obj
 0001:0000080c       ??_C@_0N@FIMHCOJK@CryptEncrypt?$AA@ 0100180c     zeus_based_malware.obj
 0001:0000081c       ??_C@_1DI@IBPJKGBM@?$AAS?$AAp?$AAy?$AAE?$AAy?$AAe?$AA?5?$AAK?$AAi?$AAl?$AAl?$AA?5?$AAM?$AAu?$AAt?$AAe?$AAx?$AA?5?$AAN?$AAa?$AAm?$AAe?$AA?3?$AA?5?$AA?$CF?$AAh?$AAs?$AA?$AA@ 0100181c     zeus_based_malware.obj
 0001:00000854       ??_C@_0N@PPBEKBCL@SpyEyeRemove?$AA@ 01001854     zeus_based_malware.obj
 0001:00000868       ??_C@_1EI@BFOAMEEA@?$AAS?$AAp?$AAy?$AAE?$AAy?$AAe?$AA?5?$AAr?$AAe?$AAg?$AAi?$AAs?$AAt?$AAr?$AAy?$AA?5?$AAv?$AAa?$AAl?$AAu?$AAe?$AA?3?$AA?5?$AA?$CF?$AAs?$AA?0?$AA?5?$AAp?$AAa?$AAt?$AAh?$AA?3@ 01001868     zeus_based_malware.obj
 0001:000008b0       ??_C@_1GK@LDHFPGFB@?$AAC?$AAi?$AAt?$AAa?$AAd?$AAe?$AAl?$AA?5?$AAf?$AAo?$AAu?$AAn?$AAd?$AA?0?$AA?5?$AAh?$AAo?$AAo?$AAk?$AAe?$AAr?$AAG?$AAe?$AAt?$AAF?$AAi?$AAl?$AAe?$AAA?$AAt?$AAt?$AAr@ 010018b0     zeus_based_malware.obj
 0001:0000091c       ??_C@_0BH@PJEAEOOD@zeusV2AndCitadelRemove?$AA@ 0100191c     zeus_based_malware.obj
 0001:00000934       ??_C@_1CA@EFJDPHD@?$AAZ?$AAe?$AAu?$AAs?$AA?5?$AAv?$AA2?$AA?5?$AAd?$AAe?$AAl?$AAe?$AAt?$AAe?$AAd?$AA?$AA@ 01001934     zeus_based_malware.obj
 0001:00000954       ??_C@_1CA@GPAFNMPA@?$AAC?$AAi?$AAt?$AAa?$AAd?$AAe?$AAl?$AA?5?$AAd?$AAe?$AAl?$AAe?$AAt?$AAe?$AAd?$AA?$AA@ 01001954     zeus_based_malware.obj
 0001:00000974       ??_C@_1DI@CKFLLDKL@?$AAk?$AAe?$AAr?$AAn?$AAe?$AAl?$AA3?$AA2?$AA?5?$AAh?$AAa?$AAn?$AAd?$AAl?$AAe?$AA?5?$AAi?$AAs?$AA?5?$AAN?$AAU?$AAL?$AAL?$AA?5?$AA?$CB?$AA?$CB?$AA?$CB?$AA?$AA@ 01001974     zeus_based_malware.obj
 0001:000009ac       ??_C@_0BH@GICEMHJM@ZeusBasedMalware?3?3init?$AA@ 010019ac     zeus_based_malware.obj
 0001:000009c4       ??_C@_1DG@MLDMLNCP@?$AAS?$AAp?$AAy?$AAE?$AAy?$AAe?$AA?5?$AAh?$AAa?$AAs?$AA?5?$AAb?$AAe?$AAe?$AAn?$AA?5?$AAr?$AAe?$AAm?$AAo?$AAv?$AAe?$AAd?$AA?4?$AA?$AN?$AA?6?$AA?$AA@ 010019c4     zeus_based_malware.obj
 0001:000009fc       ??_C@_1DI@DANFALDE@?$AAC?$AAi?$AAt?$AAa?$AAd?$AAe?$AAl?$AA?5?$AAh?$AAa?$AAs?$AA?5?$AAb?$AAe?$AAe?$AAn?$AA?5?$AAr?$AAe?$AAm?$AAo?$AAv?$AAe?$AAd?$AA?4?$AA?$AN?$AA?6?$AA?$AA@ 010019fc     zeus_based_malware.obj
 0001:00000a34       ??_C@_1DI@BNHIDAJA@?$AAZ?$AAe?$AAu?$AAs?$AA?5?$AAV?$AA2?$AA?5?$AAh?$AAa?$AAs?$AA?5?$AAb?$AAe?$AAe?$AAn?$AA?5?$AAr?$AAe?$AAm?$AAo?$AAv?$AAe?$AAd?$AA?4?$AA?$AN?$AA?6?$AA?$AA@ 01001a34     zeus_based_malware.obj
 0001:00000a6c       ?reallocEx@Mem@@YI_NPAXK@Z 01001a6c f   common.obj
 0001:00000ab3       ?alloc@Mem@@YIPAXK@Z       01001ab3 f   common.obj
 0001:00000acb       ?free@Mem@@YIXPAX@Z        01001acb f   common.obj
 0001:00000aeb       ?_compare@Mem@@YIHPBX0K@Z  01001aeb f   common.obj
 0001:00000b1b       ?crc32Hash@Crypt@@YIKPBXK@Z 01001b1b f   common.obj
 0001:00000c24       ?_CatExW@Str@@YI_NPAPA_WPA_WH@Z 01001c24 f   common.obj
 0001:00000c72       ?_CopyA@Str@@YIXPADPBDH@Z  01001c72 f   common.obj
 0001:00000c93       ?_CopyExA@Str@@YIPADPADH_N@Z 01001c93 f   common.obj
 0001:00000cbd       ?_LengthA@Str@@YIHPBD@Z    01001cbd f   common.obj
 0001:00000ccf       ?_LengthW@Str@@YIHPB_W@Z   01001ccf f   common.obj
 0001:00000ce3       ?_CompareW@Str@@YIHPB_W0HH@Z 01001ce3 f   common.obj
 0001:00000d34       ?_findSubStringW@Str@@YIPA_WQA_W0@Z 01001d34 f   common.obj
 0001:00000d8f       ?_sprintfW@Str@@YAHPA_WHPB_WZZ 01001d8f f   common.obj
 0001:00000dd1       ?_sprintfExW@Str@@YAHPAPA_WPB_WZZ 01001dd1 f   common.obj
 0001:00000e08       ?_getValueAsBinary@Registry@@YIKPAUHKEY__@@QA_W1PAKPAXK@Z 01001e08 f   common.obj
 0001:00000e68       ?_setValueAsBinary@Registry@@YI_NPAUHKEY__@@QA_W1KPBXK@Z 01001e68 f   common.obj
 0001:00000ebe       ?_findKeys@Registry@@YIXPAUHKEY__@@PA_WP6I_N11@Z_N@Z 01001ebe f   common.obj
 0001:00000ff8       ?DownloadAndRun@@YI_NPA_W@Z 01001ff8 f   core.obj
 0001:00001166       ?DeleteFileReboot@@YI_NPA_W@Z 01002166 f   core.obj
 0001:000011da       ?findKeyProc@@YI_NPA_W0@Z  010021da f   core.obj
 0001:000012f0       _Init                      010022f0 f   core.obj
 0001:0000144f       _TakeGateToCollector3      0100244f f   core.obj
 0001:00001459       _Start                     01002459 f   core.obj
 0001:000015b0       _Stop                      010025b0 f   core.obj
 0001:000015e1       _TakeDebugGate             010025e1 f   core.obj
 0001:000015eb       _DllMain@12                010025eb f   core.obj
 0001:000015f0       ?AddReport@mod_killer@@YIXPA_W@Z 010025f0 f   core.obj
 0001:00001edf       ?init@ZeusBasedMalware@@YIXXZ 01002edf f   zeus_based_malware.obj
 0001:00001f77       ?CleanAll@ZeusBasedMalware@@YIX_N@Z 01002f77 f   zeus_based_malware.obj
 0001:00002120       _LDE@8                     01003120     lde32:LDE64.obj
 0001:00002120       start                      01003120     lde32:LDE64.obj
 0001:00003f64       __IMPORT_DESCRIPTOR_KERNEL32 01004f64     kernel32:KERNEL32.dll
 0001:00003f78       __IMPORT_DESCRIPTOR_ADVAPI32 01004f78     advapi32:ADVAPI32.dll
 0001:00003f8c       __IMPORT_DESCRIPTOR_SHLWAPI 01004f8c     shlwapi:SHLWAPI.dll
 0001:00003fa0       __IMPORT_DESCRIPTOR_urlmon 01004fa0     urlmon:urlmon.dll
 0001:00003fb4       __NULL_IMPORT_DESCRIPTOR   01004fb4     kernel32:KERNEL32.dll
 0002:00000000       ?OpenMutexPattern1@@3PAUSFragment@@A 01006000     zeus_based_malware.obj
 0002:00000030       ?OpenMutexPattern2@@3PAUSFragment@@A 01006030     zeus_based_malware.obj
 0002:00000e20       ?replace_url_77@@3PADA     01006e20     core.obj
 0002:00000f24       ?cs@@3U_RTL_CRITICAL_SECTION@@A 01006f24     core.obj
 0002:00000f3c       ?g_Collector3@@3P6AHKPA_W0K@ZA 01006f3c     core.obj
 0002:00000f40       ?g_Debug@@3P6AXPAD0KEPA_WZZA 01006f40     core.obj
 0002:00000f44       ?flags@@3KA                01006f44     core.obj
 0002:00000f48       ?report@@3PA_WA            01006f48     core.obj

 entry point at        0000:00000000

 Static symbols

 0001:00000b85       ?xToUnicode@@YIHKQADHPA_WH@Z 01001b85 f    CIL library: CIL module
 0001:00000bb1       ?vsprintfHelperExW@@YIKPAPA_WKQA_WPAD@Z 01001bb1 f    CIL library: CIL module
 0001:00001601       ?__GetProcAddress@@YIPAXPAUHINSTANCE__@@K@Z 01002601 f    CIL library: CIL module
 0001:000016c6       ?FindPattern@@YIPAEPAEKPAUSFragment@@J@Z 010026c6 f    CIL library: CIL module
 0001:00001770       ?DeleteDirectoryAndItsEntry@@YIXPA_W@Z 01002770 f    CIL library: CIL module
 0001:0000195d       ?SpyEyeRemove@@YI_NXZ      0100295d f    CIL library: CIL module
 0001:00001d28       ?zeusV2AndCitadelRemove@@YIKXZ 01002d28 f    CIL library: CIL module
 0001:00002001       ??$ResolveImport@P6GP6GHXZPAUHINSTANCE__@@PBD@Z@@YIP6GP6GHXZPAUHINSTANCE__@@PBD@Z0K@Z 01003001 f    CIL library: CIL module
 0001:00002011       ??$ResolveImport@P6GPAUHINSTANCE__@@PBD@Z@@YIP6GPAUHINSTANCE__@@PBD@ZPAU0@K@Z 01003011 f    CIL library: CIL module
 0001:00002021       ??$ResolveImport@P6GPAXPB_WPAU_WIN32_FIND_DATAW@@@Z@@YIP6GPAXPB_WPAU_WIN32_FIND_DATAW@@@ZPAUHINSTANCE__@@K@Z 01003021 f    CIL library: CIL module
 0001:00002031       ??$ResolveImport@P6GHPB_WK@Z@@YIP6GHPB_WK@ZPAUHINSTANCE__@@K@Z 01003031 f    CIL library: CIL module
 0001:00002041       ??$ResolveImport@P6GHPB_W@Z@@YIP6GHPB_W@ZPAUHINSTANCE__@@K@Z 01003041 f    CIL library: CIL module
 0001:00002041       ??$ResolveImport@P6GHPAX@Z@@YIP6GHPAX@ZPAUHINSTANCE__@@K@Z 01003041 f    CIL library: CIL module
 0001:00002041       ??$ResolveImport@P6GPAXXZ@@YIP6GPAXXZPAUHINSTANCE__@@K@Z 01003041 f    CIL library: CIL module
 0001:0000204c       ??$ResolveImport@P6GHPAXPAU_WIN32_FIND_DATAW@@@Z@@YIP6GHPAXPAU_WIN32_FIND_DATAW@@@ZPAUHINSTANCE__@@K@Z 0100304c f    CIL library: CIL module
 0001:0000205c       ??$ResolveImport@P6GPAUHINSTANCE__@@PB_W@Z@@YIP6GPAUHINSTANCE__@@PB_W@ZPAU0@K@Z 0100305c f    CIL library: CIL module
 0001:0000206c       ??$ResolveImport@P6GKPAXPBXPAU_MEMORY_BASIC_INFORMATION@@K@Z@@YIP6GKPAXPBXPAU_MEMORY_BASIC_INFORMATION@@K@ZPAUHINSTANCE__@@K@Z 0100306c f    CIL library: CIL module
 0001:0000207c       ??$ResolveImport@P6GHPBXI@Z@@YIP6GHPBXI@ZPAUHINSTANCE__@@K@Z 0100307c f    CIL library: CIL module
 0001:0000208c       ??$ResolveImport@P6GPAXPAXKK@Z@@YIP6GPAXPAXKK@ZPAUHINSTANCE__@@K@Z 0100308c f    CIL library: CIL module
 0001:0000209c       ??$ResolveImport@P6GJPAUHKEY__@@PB_WKKPAPAU1@@Z@@YIP6GJPAUHKEY__@@PB_WKKPAPAU0@@ZPAUHINSTANCE__@@K@Z 0100309c f    CIL library: CIL module
 0001:000020a6       ??$ResolveImport@P6GHPAXK0@Z@@YIP6GHPAXK0@ZPAUHINSTANCE__@@K@Z 010030a6 f    CIL library: CIL module
 0001:000020b6       ??$ResolveImport@P6GJPAUHKEY__@@KPA_WPAK22PAE2@Z@@YIP6GJPAUHKEY__@@KPA_WPAK22PAE2@ZPAUHINSTANCE__@@K@Z 010030b6 f    CIL library: CIL module
 0001:000020c0       ??$ResolveImport@P6GJPAUHKEY__@@@Z@@YIP6GJPAUHKEY__@@@ZPAUHINSTANCE__@@K@Z 010030c0 f    CIL library: CIL module
 0001:000020ca       ??$ResolveImport@P6GPAXPAU_SECURITY_ATTRIBUTES@@HPBD@Z@@YIP6GPAXPAU_SECURITY_ATTRIBUTES@@HPBD@ZPAUHINSTANCE__@@K@Z 010030ca f    CIL library: CIL module
 0001:000020da       ??$ResolveImport@P6GXK@Z@@YIP6GXK@ZPAUHINSTANCE__@@K@Z 010030da f    CIL library: CIL module
 0001:000020ea       ??$ResolveImport@P6GJPAUHKEY__@@PB_WPAK2PAE2@Z@@YIP6GJPAUHKEY__@@PB_WPAK2PAE2@ZPAUHINSTANCE__@@K@Z 010030ea f    CIL library: CIL module
 0001:000020f4       ??$ResolveImport@P6GJPAUHKEY__@@PB_W@Z@@YIP6GJPAUHKEY__@@PB_W@ZPAUHINSTANCE__@@K@Z 010030f4 f    CIL library: CIL module
 0001:000020fe       ??$ResolveImport@P6GHPB_WW4_GET_FILEEX_INFO_LEVELS@@PAX@Z@@YIP6GHPB_WW4_GET_FILEEX_INFO_LEVELS@@PAX@ZPAUHINSTANCE__@@K@Z 010030fe f    CIL library: CIL module
 0001:0000210e       ??$ResolveImport@P6GHPAXKK@Z@@YIP6GHPAXKK@ZPAUHINSTANCE__@@K@Z 0100310e f    CIL library: CIL module

 Exports

  ordinal    name

        1    _Init
               exported name: Init
        2    _Start
               exported name: Start
        3    _Stop
               exported name: Stop
        4    _TakeDebugGate
               exported name: TakeDebugGate
        5    _TakeGateToCollector3
               exported name: TakeGateToCollector3
