 client64

 Timestamp is 51df18d7 (Fri Jul 12 00:43:03 2013)

 Preferred load address is 0000000001000000

 Start         Length     Name                   Class
 0001:00000000 00000458H .idata$5                CODE
 0001:00000460 00004156H .rdata                  CODE
 0001:000045b8 0000bc54H .text                   CODE
 0001:0001020c 0000074cH .xdata                  CODE
 0001:00010960 00002f17H code                    CODE
 0001:00013878 000000b4H .idata$2                CODE
 0001:0001392c 00000014H .idata$3                CODE
 0001:00013940 00000458H .idata$4                CODE
 0001:00013d98 00000a48H .idata$6                CODE
 0001:000147e0 00000079H .edata                  CODE
 0002:00000000 00000278H .data                   DATA
 0002:00000280 00001660H .bss                    DATA
 0003:00000000 0000072cH .pdata                  DATA

  Address         Publics by Value              Rva+Base               Lib:Object

 0000:00000000       __ImageBase                0000000001000000     <linker-defined>
 0001:00000000       __imp_OpenProcessToken     0000000001001000     advapi32:ADVAPI32.dll
 0001:00000008       __imp_GetSidSubAuthority   0000000001001008     advapi32:ADVAPI32.dll
 0001:00000010       __imp_CryptAcquireContextW 0000000001001010     advapi32:ADVAPI32.dll
 0001:00000018       __imp_OpenThreadToken      0000000001001018     advapi32:ADVAPI32.dll
 0001:00000020       __imp_GetSidSubAuthorityCount 0000000001001020     advapi32:ADVAPI32.dll
 0001:00000028       __imp_CryptHashData        0000000001001028     advapi32:ADVAPI32.dll
 0001:00000030       __imp_RegSetValueExW       0000000001001030     advapi32:ADVAPI32.dll
 0001:00000038       __imp_RegCloseKey          0000000001001038     advapi32:ADVAPI32.dll
 0001:00000040       __imp_AdjustTokenPrivileges 0000000001001040     advapi32:ADVAPI32.dll
 0001:00000048       __imp_CryptDestroyHash     0000000001001048     advapi32:ADVAPI32.dll
 0001:00000050       __imp_SetSecurityDescriptorSacl 0000000001001050     advapi32:ADVAPI32.dll
 0001:00000058       __imp_GetSecurityDescriptorSacl 0000000001001058     advapi32:ADVAPI32.dll
 0001:00000060       __imp_RegOpenKeyExW        0000000001001060     advapi32:ADVAPI32.dll
 0001:00000068       __imp_ConvertStringSecurityDescriptorToSecurityDescriptorW 0000000001001068     advapi32:ADVAPI32.dll
 0001:00000070       __imp_CryptCreateHash      0000000001001070     advapi32:ADVAPI32.dll
 0001:00000078       __imp_LookupPrivilegeValueW 0000000001001078     advapi32:ADVAPI32.dll
 0001:00000080       __imp_SetNamedSecurityInfoW 0000000001001080     advapi32:ADVAPI32.dll
 0001:00000088       __imp_SetSecurityDescriptorDacl 0000000001001088     advapi32:ADVAPI32.dll
 0001:00000090       __imp_InitializeSecurityDescriptor 0000000001001090     advapi32:ADVAPI32.dll
 0001:00000098       __imp_RegQueryValueExW     0000000001001098     advapi32:ADVAPI32.dll
 0001:000000a0       __imp_CryptReleaseContext  00000000010010a0     advapi32:ADVAPI32.dll
 0001:000000a8       __imp_RegCreateKeyExW      00000000010010a8     advapi32:ADVAPI32.dll
 0001:000000b0       __imp_GetTokenInformation  00000000010010b0     advapi32:ADVAPI32.dll
 0001:000000b8       __imp_CryptGetHashParam    00000000010010b8     advapi32:ADVAPI32.dll
 0001:000000c0       \177ADVAPI32_NULL_THUNK_DATA 00000000010010c0     advapi32:ADVAPI32.dll
 0001:000000c8       __imp_GetTimeZoneInformation 00000000010010c8     kernel32:KERNEL32.dll
 0001:000000d0       __imp_CreateFileW          00000000010010d0     kernel32:KERNEL32.dll
 0001:000000d8       __imp_MultiByteToWideChar  00000000010010d8     kernel32:KERNEL32.dll
 0001:000000e0       __imp_FlushFileBuffers     00000000010010e0     kernel32:KERNEL32.dll
 0001:000000e8       __imp_GetFileSizeEx        00000000010010e8     kernel32:KERNEL32.dll
 0001:000000f0       __imp_GetLastError         00000000010010f0     kernel32:KERNEL32.dll
 0001:000000f8       __imp_SetLastError         00000000010010f8     kernel32:KERNEL32.dll
 0001:00000100       __imp_GetProcAddress       0000000001001100     kernel32:KERNEL32.dll
 0001:00000108       __imp_VirtualProtectEx     0000000001001108     kernel32:KERNEL32.dll
 0001:00000110       __imp_VirtualAllocEx       0000000001001110     kernel32:KERNEL32.dll
 0001:00000118       __imp_GetLocalTime         0000000001001118     kernel32:KERNEL32.dll
 0001:00000120       __imp_LoadLibraryA         0000000001001120     kernel32:KERNEL32.dll
 0001:00000128       __imp_WaitForMultipleObjects 0000000001001128     kernel32:KERNEL32.dll
 0001:00000130       __imp_VirtualProtect       0000000001001130     kernel32:KERNEL32.dll
 0001:00000138       __imp_GetCurrentThreadId   0000000001001138     kernel32:KERNEL32.dll
 0001:00000140       __imp_ReleaseMutex         0000000001001140     kernel32:KERNEL32.dll
 0001:00000148       __imp_CloseHandle          0000000001001148     kernel32:KERNEL32.dll
 0001:00000150       __imp_GetCurrentProcessId  0000000001001150     kernel32:KERNEL32.dll
 0001:00000158       __imp_LocalFree            0000000001001158     kernel32:KERNEL32.dll
 0001:00000160       __imp_GetSystemTime        0000000001001160     kernel32:KERNEL32.dll
 0001:00000168       __imp_WriteProcessMemory   0000000001001168     kernel32:KERNEL32.dll
 0001:00000170       __imp_SetFileAttributesW   0000000001001170     kernel32:KERNEL32.dll
 0001:00000178       __imp_CreateThread         0000000001001178     kernel32:KERNEL32.dll
 0001:00000180       __imp_SetEvent             0000000001001180     kernel32:KERNEL32.dll
 0001:00000188       __imp_GetModuleFileNameW   0000000001001188     kernel32:KERNEL32.dll
 0001:00000190       __imp_DisableThreadLibraryCalls 0000000001001190     kernel32:KERNEL32.dll
 0001:00000198       __imp_CreateEventW         0000000001001198     kernel32:KERNEL32.dll
 0001:000001a0       __imp_CreateEventA         00000000010011a0     kernel32:KERNEL32.dll
 0001:000001a8       __imp_GetModuleHandleW     00000000010011a8     kernel32:KERNEL32.dll
 0001:000001b0       __imp_GetPrivateProfileStringW 00000000010011b0     kernel32:KERNEL32.dll
 0001:000001b8       __imp_InitializeCriticalSection 00000000010011b8     kernel32:KERNEL32.dll
 0001:000001c0       __imp_LeaveCriticalSection 00000000010011c0     kernel32:KERNEL32.dll
 0001:000001c8       __imp_GetPrivateProfileIntW 00000000010011c8     kernel32:KERNEL32.dll
 0001:000001d0       __imp_EnterCriticalSection 00000000010011d0     kernel32:KERNEL32.dll
 0001:000001d8       __imp_GetNativeSystemInfo  00000000010011d8     kernel32:KERNEL32.dll
 0001:000001e0       __imp_GetComputerNameW     00000000010011e0     kernel32:KERNEL32.dll
 0001:000001e8       __imp_GetVersionExW        00000000010011e8     kernel32:KERNEL32.dll
 0001:000001f0       __imp_GetUserDefaultUILanguage 00000000010011f0     kernel32:KERNEL32.dll
 0001:000001f8       __imp_DeleteCriticalSection 00000000010011f8     kernel32:KERNEL32.dll
 0001:00000200       __imp_ResetEvent           0000000001001200     kernel32:KERNEL32.dll
 0001:00000208       __imp_HeapReAlloc          0000000001001208     kernel32:KERNEL32.dll
 0001:00000210       __imp_CreateMutexW         0000000001001210     kernel32:KERNEL32.dll
 0001:00000218       __imp_DeleteFileW          0000000001001218     kernel32:KERNEL32.dll
 0001:00000220       __imp_GetFileAttributesW   0000000001001220     kernel32:KERNEL32.dll
 0001:00000228       __imp_SetFilePointer       0000000001001228     kernel32:KERNEL32.dll
 0001:00000230       __imp_FreeLibrary          0000000001001230     kernel32:KERNEL32.dll
 0001:00000238       __imp_HeapAlloc            0000000001001238     kernel32:KERNEL32.dll
 0001:00000240       __imp_SetUnhandledExceptionFilter 0000000001001240     kernel32:KERNEL32.dll
 0001:00000248       __imp_SystemTimeToFileTime 0000000001001248     kernel32:KERNEL32.dll
 0001:00000250       __imp_HeapFree             0000000001001250     kernel32:KERNEL32.dll
 0001:00000258       __imp_WaitForSingleObject  0000000001001258     kernel32:KERNEL32.dll
 0001:00000260       __imp_GetTickCount         0000000001001260     kernel32:KERNEL32.dll
 0001:00000268       __imp_HeapCreate           0000000001001268     kernel32:KERNEL32.dll
 0001:00000270       __imp_HeapDestroy          0000000001001270     kernel32:KERNEL32.dll
 0001:00000278       __imp_ReadProcessMemory    0000000001001278     kernel32:KERNEL32.dll
 0001:00000280       __imp_Sleep                0000000001001280     kernel32:KERNEL32.dll
 0001:00000288       __imp_WideCharToMultiByte  0000000001001288     kernel32:KERNEL32.dll
 0001:00000290       __imp_WriteFile            0000000001001290     kernel32:KERNEL32.dll
 0001:00000298       __imp_VirtualQueryEx       0000000001001298     kernel32:KERNEL32.dll
 0001:000002a0       __imp_IsBadReadPtr         00000000010012a0     kernel32:KERNEL32.dll
 0001:000002a8       __imp_GetProcessHeap       00000000010012a8     kernel32:KERNEL32.dll
 0001:000002b0       __imp_GetCurrentThread     00000000010012b0     kernel32:KERNEL32.dll
 0001:000002b8       \177KERNEL32_NULL_THUNK_DATA 00000000010012b8     kernel32:KERNEL32.dll
 0001:000002c0       __imp_SHGetFolderPathW     00000000010012c0     shell32:SHELL32.dll
 0001:000002c8       \177SHELL32_NULL_THUNK_DATA 00000000010012c8     shell32:SHELL32.dll
 0001:000002d0       __imp_wvnsprintfA          00000000010012d0     shlwapi:SHLWAPI.dll
 0001:000002d8       __imp_StrCmpNIA            00000000010012d8     shlwapi:SHLWAPI.dll
 0001:000002e0       __imp_wvnsprintfW          00000000010012e0     shlwapi:SHLWAPI.dll
 0001:000002e8       __imp_PathFindFileNameW    00000000010012e8     shlwapi:SHLWAPI.dll
 0001:000002f0       __imp_PathCombineW         00000000010012f0     shlwapi:SHLWAPI.dll
 0001:000002f8       \177SHLWAPI_NULL_THUNK_DATA 00000000010012f8     shlwapi:SHLWAPI.dll
 0001:00000300       __imp_GetUserNameExW       0000000001001300     secur32:Secur32.dll
 0001:00000308       \177Secur32_NULL_THUNK_DATA 0000000001001308     secur32:Secur32.dll
 0001:00000310       __imp_TranslateMessage     0000000001001310     user32:USER32.dll
 0001:00000318       __imp_CharLowerA           0000000001001318     user32:USER32.dll
 0001:00000320       __imp_CharLowerW           0000000001001320     user32:USER32.dll
 0001:00000328       __imp_MsgWaitForMultipleObjects 0000000001001328     user32:USER32.dll
 0001:00000330       __imp_DispatchMessageW     0000000001001330     user32:USER32.dll
 0001:00000338       __imp_PeekMessageW         0000000001001338     user32:USER32.dll
 0001:00000340       \177USER32_NULL_THUNK_DATA 0000000001001340     user32:USER32.dll
 0001:00000348       __imp_InternetSetStatusCallbackW 0000000001001348     wininet:WININET.dll
 0001:00000350       __imp_HttpAddRequestHeadersA 0000000001001350     wininet:WININET.dll
 0001:00000358       __imp_HttpAddRequestHeadersW 0000000001001358     wininet:WININET.dll
 0001:00000360       __imp_HttpSendRequestW     0000000001001360     wininet:WININET.dll
 0001:00000368       __imp_InternetReadFileExA  0000000001001368     wininet:WININET.dll
 0001:00000370       __imp_InternetQueryDataAvailable 0000000001001370     wininet:WININET.dll
 0001:00000378       __imp_HttpSendRequestExW   0000000001001378     wininet:WININET.dll
 0001:00000380       __imp_HttpSendRequestExA   0000000001001380     wininet:WININET.dll
 0001:00000388       __imp_InternetQueryOptionA 0000000001001388     wininet:WININET.dll
 0001:00000390       __imp_InternetCloseHandle  0000000001001390     wininet:WININET.dll
 0001:00000398       __imp_InternetOpenA        0000000001001398     wininet:WININET.dll
 0001:000003a0       __imp_HttpSendRequestA     00000000010013a0     wininet:WININET.dll
 0001:000003a8       __imp_HttpOpenRequestA     00000000010013a8     wininet:WININET.dll
 0001:000003b0       __imp_InternetSetOptionW   00000000010013b0     wininet:WININET.dll
 0001:000003b8       __imp_InternetSetOptionA   00000000010013b8     wininet:WININET.dll
 0001:000003c0       __imp_InternetReadFile     00000000010013c0     wininet:WININET.dll
 0001:000003c8       __imp_InternetCrackUrlA    00000000010013c8     wininet:WININET.dll
 0001:000003d0       __imp_InternetQueryOptionW 00000000010013d0     wininet:WININET.dll
 0001:000003d8       __imp_InternetConnectA     00000000010013d8     wininet:WININET.dll
 0001:000003e0       __imp_HttpQueryInfoA       00000000010013e0     wininet:WININET.dll
 0001:000003e8       __imp_GetUrlCacheEntryInfoW 00000000010013e8     wininet:WININET.dll
 0001:000003f0       \177WININET_NULL_THUNK_DATA 00000000010013f0     wininet:WININET.dll
 0001:000003f8       __imp_connect              00000000010013f8     ws2_32:WS2_32.dll
 0001:00000400       __imp_WSAAddressToStringW  0000000001001400     ws2_32:WS2_32.dll
 0001:00000408       __imp_WSAConnect           0000000001001408     ws2_32:WS2_32.dll
 0001:00000410       __imp_WSASend              0000000001001410     ws2_32:WS2_32.dll
 0001:00000418       __imp_closesocket          0000000001001418     ws2_32:WS2_32.dll
 0001:00000420       __imp_send                 0000000001001420     ws2_32:WS2_32.dll
 0001:00000428       __imp_getpeername          0000000001001428     ws2_32:WS2_32.dll
 0001:00000430       \177WS2_32_NULL_THUNK_DATA 0000000001001430     ws2_32:WS2_32.dll
 0001:00000438       __imp_CoInitializeEx       0000000001001438     ole32:ole32.dll
 0001:00000440       __imp_CoUninitialize       0000000001001440     ole32:ole32.dll
 0001:00000448       __imp_CoCreateInstance     0000000001001448     ole32:ole32.dll
 0001:00000450       \177ole32_NULL_THUNK_DATA  0000000001001450     ole32:ole32.dll
 0001:00000460       IID_IInternetZoneManager   0000000001001460     uuid:i_urlmon.obj
 0001:00000470       CLSID_InternetZoneManager  0000000001001470     uuid:ieguids.obj
 0001:00000480       ??_C@_02PFEMMEEH@li?$AA@   0000000001001480     common.obj
 0001:00000484       ??_C@_02MPGGCNAA@h6?$AA@   0000000001001484     common.obj
 0001:00000488       ??_C@_02OEELHOMD@h5?$AA@   0000000001001488     common.obj
 0001:0000048c       ??_C@_02PNFAEPIC@h4?$AA@   000000000100148c     common.obj
 0001:00000490       ??_C@_02LCBBNJEF@h3?$AA@   0000000001001490     common.obj
 0001:00000494       ??_C@_02KLAKOIAE@h2?$AA@   0000000001001494     common.obj
 0001:00000498       ??_C@_02IACHLLMH@h1?$AA@   0000000001001498     common.obj
 0001:0000049c       ??_C@_03FEJMGOGI@div?$AA@  000000000100149c     common.obj
 0001:000004a0       ??_C@_02FCNHEIMC@td?$AA@   00000000010014a0     common.obj
 0001:000004a4       ??_C@_02EOEPPNBF@tr?$AA@   00000000010014a4     common.obj
 0001:000004a8       ??_C@_02FLHDKHAB@hr?$AA@   00000000010014a8     common.obj
 0001:000004ac       ??_C@_02FGOECCNH@br?$AA@   00000000010014ac     common.obj
 0001:000004b0       ??_C@_03ENEOKCEM@?$CK?1?$CK?$AA@ 00000000010014b0     common.obj
 0001:000004b4       ??_C@_05MBDEGLCK@ERROR?$AA@ 00000000010014b4     common.obj
 0001:000004c0       ??_C@_07KCOHIFOP@WARNING?$AA@ 00000000010014c0     common.obj
 0001:000004c8       ??_C@_04BEADLPGM@INFO?$AA@ 00000000010014c8     common.obj
 0001:000004d0       ??_C@_11LOCGONAA@?$AA?$AA@ 00000000010014d0     common.obj
 0001:00000538       ??_C@_1BE@GELHDCKE@?$AAd?$AAe?$AAb?$AAu?$AAg?$AA?4?$AAt?$AAx?$AAt?$AA?$AA@ 0000000001001538     common.obj
 0001:00000550       ??_C@_1BK@PONDDALA@?$AAC?$AA?3?$AA?2?$AAd?$AAe?$AAb?$AAu?$AAg?$AA?4?$AAt?$AAx?$AAt?$AA?$AA@ 0000000001001550     common.obj
 0001:00000588       ??_C@_0BL@GPJGFEMI@FAILED?5TO?5ALLOCATE?5STRING?4?$AA@ 0000000001001588     common.obj
 0001:000005a4       ??_C@_01JOAMLHOP@?9?$AA@   00000000010015a4     common.obj
 0001:000005b0       ??_C@_1MG@DOBKCNHF@?$AA?$FL?$AA?$CF?$AA0?$AA2?$AAu?$AA?3?$AA?$CF?$AA0?$AA2?$AAu?$AA?3?$AA?$CF?$AA0?$AA2?$AAu?$AA?$FN?$AA?5?$AAT?$AAC?$AA?$DN?$AA?$CF?$AA0?$AA1?$AA0?$AAu?$AA?0?$AA?5?$AAP?$AAI?$AAD?$AA?$DN?$AA?$CF@ 00000000010015b0     common.obj
 0001:00000680       ??_C@_1EO@KPNMONOO@?$AA?$HL?$AA8?$AAE?$AAE?$AAE?$AAA?$AA3?$AA7?$AAC?$AA?9?$AA5?$AAC?$AAE?$AAF?$AA?9?$AA1?$AA1?$AAD?$AAD?$AA?9?$AA9?$AA8?$AA1?$AA0?$AA?9?$AA2?$AAA?$AA4?$AA2?$AA5?$AA6?$AAD@ 0000000001001680     common.obj
 0001:000006d0       ??_C@_04FMMHFHOO@?$AN?6?$AN?6?$AA@ 00000000010016d0     common.obj
 0001:000006e0       ??_C@_1BBE@NJMPPKMJ@?$AAE?$AAX?$AAC?$AAE?$AAP?$AAT?$AAI?$AAO?$AAN?$AA?3?$AA?5?$AAC?$AAo?$AAd?$AAe?$AA?$DN?$AA0?$AAx?$AA?$CF?$AA0?$AA8?$AAX?$AA?6?$AAF?$AAl?$AAa?$AAg?$AAs?$AA?$DN?$AA0?$AAx?$AA?$CF@ 00000000010016e0     common.obj
 0001:000007f4       ??_C@_01LFCBOECM@?4?$AA@   00000000010017f4     common.obj
 0001:000007f8       ??_C@_0DI@EJEIHEDB@Mozilla?14?40?5?$CIcompatible?$DL?5MSIE?57?4@ 00000000010017f8     common.obj
 0001:00000830       ??_C@_1FC@NJJNPKHA@?$AAO?$AAp?$AAp?$AAs?$AA?$CB?$AA?5?$AAP?$AAa?$AAr?$AAe?$AAn?$AAt?$AA?5?$AAn?$AAo?$AA?5?$AAf?$AAo?$AAu?$AAn?$AAd?$AAe?$AAd?$AA?5?$AAf?$AAo?$AAr?$AA?5?$AAh?$AAC?$AAo?$AAn@ 0000000001001830     common.obj
 0001:00000890       ??_C@_0EJ@FGAOLJFA@c?3?2zeus?5projects?2last?2src_curren@ 0000000001001890     common.obj
 0001:000008e0       ??_C@_0BK@PHHOFAAF@Wininet?3?3_CloseConnection?$AA@ 00000000010018e0     common.obj
 0001:00000900       ??_C@_1BG@MHMLEJPA@?$AAp?$AAs?$AAt?$AAr?$AAU?$AAR?$AAI?$AA?$DN?$AA?$CF?$AAS?$AA?$AA@ 0000000001001900     common.obj
 0001:00000918       ??_C@_0BG@PNHGEOP@Wininet?3?3_SendRequest?$AA@ 0000000001001918     common.obj
 0001:00000930       ??_C@_08IJEMDJGI@HTTP?11?41?$AA@ 0000000001001930     common.obj
 0001:0000093c       ??_C@_04HCJEIHPL@POST?$AA@ 000000000100193c     common.obj
 0001:00000944       ??_C@_03HAPOJHBM@GET?$AA@  0000000001001944     common.obj
 0001:00000948       ??_C@_0BE@OKJIGHFK@Connection?3?5close?$AN?6?$AA@ 0000000001001948     common.obj
 0001:00000960       ??_C@_0L@BFDIJHCF@urlmon?4dll?$AA@ 0000000001001960     common.obj
 0001:00000970       ??_C@_0BG@NHELJKBN@ObtainUserAgentString?$AA@ 0000000001001970     common.obj
 0001:00000dd0       ??_C@_17EKNKKPIB@?$AA0?$AA?3?$AA0?$AA?$AA@ 0000000001001dd0     common.obj
 0001:00000de8       ??_C@_1CI@OBHDBMNA@?$AAS?$AA?3?$AA?$CI?$AAM?$AAL?$AA?$DL?$AA?$DL?$AAN?$AAR?$AAN?$AAW?$AAN?$AAX?$AA?$DL?$AA?$DL?$AA?$DL?$AAL?$AAW?$AA?$CJ?$AA?$AA@ 0000000001001de8     common.obj
 0001:00000e10       ??_C@_1CI@EODHFOHP@?$AAS?$AAe?$AAS?$AAe?$AAc?$AAu?$AAr?$AAi?$AAt?$AAy?$AAP?$AAr?$AAi?$AAv?$AAi?$AAl?$AAe?$AAg?$AAe?$AA?$AA@ 0000000001001e10     common.obj
 0001:00000e40       ??_C@_1GG@HAKANABK@?$AAB?$AAa?$AAd?$AA?5?$AAo?$AAp?$AAc?$AAo?$AAd?$AAe?$AA?5?$AAd?$AAe?$AAt?$AAe?$AAc?$AAt?$AAe?$AAd?$AA?5?$AAa?$AAt?$AA?5?$AAo?$AAf?$AAf?$AAs?$AAe?$AAt?$AA?5?$AA?$CF?$AAu@ 0000000001001e40     common.obj
 0001:00000eb0       ??_C@_0EI@NCBKBCJH@c?3?2zeus?5projects?2last?2src_curren@ 0000000001001eb0     common.obj
 0001:00000ef8       ??_C@_0O@FODNONOJ@WaHook?3?3_hook?$AA@ 0000000001001ef8     common.obj
 0001:00000f10       ??_C@_1HC@FPEAKDOP@?$AAV?$AAe?$AAr?$AAy?$AA?5?$AAl?$AAo?$AAn?$AAg?$AA?5?$AAo?$AAp?$AAc?$AAo?$AAd?$AAe?$AA?5?$AAd?$AAe?$AAt?$AAe?$AAc?$AAt?$AAe?$AAd?$AA?5?$AAa?$AAt?$AA?5?$AAo?$AAf?$AAf@ 0000000001001f10     common.obj
 0001:0000100c       ??_C@_06OLONEIEH@script?$AA@ 000000000100200c     common.obj
 0001:00001014       ??_C@_05IOPIJMEB@nbsp?$DL?$AA@ 0000000001002014     common.obj
 0001:0000101c       ??_C@_06FFOGOLGD@Basic?5?$AA@ 000000000100201c     common.obj
 0001:00001030       ??_C@_1FA@HLGLBDLC@?$AAC?$AAo?$AAC?$AAr?$AAe?$AAa?$AAt?$AAe?$AAI?$AAn?$AAs?$AAt?$AAa?$AAn?$AAc?$AAe?$AA?5?$AAf?$AAa?$AAi?$AAl?$AAe?$AAd?$AA?0?$AA?5?$AAr?$AAe?$AAs?$AAu?$AAl?$AAt?$AA?$DN@ 0000000001002030     common.obj
 0001:00001080       ??_C@_0EM@NGCOOFDG@c?3?2zeus?5projects?2last?2src_curren@ 0000000001002080     common.obj
 0001:000010d0       ??_C@_0BN@JLMDAHLB@ComLibrary?3?3_createInterface?$AA@ 00000000010020d0     common.obj
 0001:000010f0       ??_C@_0M@NBEFIDNO@9?$BP?$AB?$AH?$BF?$BJ?$BK3?$BJ?$AN?$BP?$AA@ 00000000010020f0     cryptedstrings.obj
 0001:00001100       ??_C@_0DM@MHPMAFNM@?$BM?$AB?$AL?$BI?$BM?$AL?$BL?$AN?$BL?$AL?0?81?92?19?$CK?$AB?$AL24?$DN7?5?$CFu?$BK?$AH?$AO?$BC?$CF@ 0000000001002100     cryptedstrings.obj
 0001:00001140       ??_C@_0N@IDNFPANE@?$AB?$CD?4?$CK?$AF?$CB?$CJ8$6?$DO?$AH?$AA@ 0000000001002140     cryptedstrings.obj
 0001:00001150       ??_C@_04MCDIEMAM@eUC?$FO?$AA@ 0000000001002150     cryptedstrings.obj
 0001:00001158       ??_C@_0O@KCBGGAND@?y?z?h?m?$PN?w?$PN?B?$LH?w?$LO?$LE?e?$AA@ 0000000001002158     cryptedstrings.obj
 0001:00001168       ??_C@_08OJGDHNAE@?C?$MA?N?G?e?$PP?a?q?$AA@ 0000000001002168     cryptedstrings.obj
 0001:00001178       ??_C@_0DE@NJOJMOFC@?1?$BC?$BI?$AL?$AP?$BI?$AI?$BO?$CI8?$BP?$BE?$AC?$BO?$AB?$BM?6?$BJ2?$CG?$AG?$BN?$AP?$BJ?6?$AA?$BCG?$CF?$BJ?$BC?$AP@ 0000000001002178     cryptedstrings.obj
 0001:000011ac       ??_C@_04HCLOMPNH@rlp2?$AA@ 00000000010021ac     cryptedstrings.obj
 0001:000011b8       ??_C@_09BCLCPNIP@?$KM?$IG?$IK?$II?$IB?$IJ?$IL?$LI?X?$AA@ 00000000010021b8     cryptedstrings.obj
 0001:000011c8       ??_C@_0N@IOKOGGGI@boqxca?$HPi?9gye?$AA@ 00000000010021c8     cryptedstrings.obj
 0001:000011d8       ??_C@_0BK@HKJLDAAP@zN?$FO?2?$FL?$FN_?$BKQUCW?$BBVA?$FN?$EA?$BG?$AP?$ALZ?$CC?$CB?$APv?$AA@ 00000000010021d8     cryptedstrings.obj
 0001:000011f8       ??_C@_0N@DENKNDDO@?$AP?$AM?$BC?$BK?$BC?$BG?$BM?$ALY?$BP?$BL?$BN?$AA@ 00000000010021f8     cryptedstrings.obj
 0001:00001208       ??_C@_04DIDICBDG@THX?$EA?$AA@ 0000000001002208     cryptedstrings.obj
 0001:00001210       ??_C@_07NIPCGAAM@?$KA?$KH?$LC?$KE?$PP?$LK?$KA?$AA@ 0000000001002210     cryptedstrings.obj
 0001:00001218       ??_C@_09FJJJLKE@?$NO?W?G?J?O?$IN?D?M?B?$AA@ 0000000001002218     cryptedstrings.obj
 0001:00001228       ??_C@_0CN@FKCEGIIB@?$JK?$IH?$IN?$JO?$JK?$IN?$JN?$IL?$JN?$IN?$KK?$KB?$LH?$KL?$LE?$KJ?$LP?$KM?$IH?$IN?$LE?$LC?$LL?$LB?$KG?$KD?s?$JM?$IB?$II?$JE?$KD@ 0000000001002228     cryptedstrings.obj
 0001:00001258       ??_C@_0BM@HMMDPMIB@nMNI?$FL?$FO?$AEmIEJ?$EAJLF?$BK?$BPWYYUNPLN?$DL?$DP?$AA@ 0000000001002258     cryptedstrings.obj
 0001:00001274       ??_C@_04MNMJHFNP@?$DL?565?$AA@ 0000000001002274     cryptedstrings.obj
 0001:00001280       ??_C@_0M@LLBFBKBN@oi?$HPkaSj?$HMsoq?$AA@ 0000000001002280     cryptedstrings.obj
 0001:00001290       ??_C@_0BM@FNGMPKHL@?$LF?$JG?$IA?$JC?$JA?$JB?$JP?$NP?$LG?$JI?$IA?$JG?$JC?$JK?$IO?$KL?$IO?$IA?$JI?$IO?$IK?$IC?$JG?A?$IF?$JJ?$IH?$AA@ 0000000001002290     cryptedstrings.obj
 0001:000012ac       ??_C@_03GNAJJCOH@?359?$AA@ 00000000010022ac     cryptedstrings.obj
 0001:000012b0       ??_C@_03BEHOIHDN@?$HM?$FOE?$AA@ 00000000010022b0     cryptedstrings.obj
 0001:000012b4       ??_C@_03BGDKHHCM@?$LP?$KA?$KK?$AA@ 00000000010022b4     cryptedstrings.obj
 0001:000012b8       ??_C@_0BD@CCOIINHG@?$DM?$BB?$BD?$AI?$BO?$BE?$ANU?$CD?$AP?$AF?$BBIRT?$ADbd?$AA@ 00000000010022b8     cryptedstrings.obj
 0001:000012d0       ??_C@_09JNFKAENI@VJJI?$AI?$BDZS?2?$AA@ 00000000010022d0     cryptedstrings.obj
 0001:000012dc       ??_C@_05PAMOMLDP@?$JK?$IK?v?$MA?$MA?$AA@ 00000000010022dc     cryptedstrings.obj
 0001:000012e8       ??_C@_0M@CIDNCDAP@?$HN?$HOp?$HNL?2nXWKU?$AA@ 00000000010022e8     cryptedstrings.obj
 0001:000012f8       ??_C@_0BB@KAGIMIFO@30?$DO?1?$BH?$AD?$AL0?$CI?3?3?$AH?$AM?$AF?$AI?$BI?$AA@ 00000000010022f8     cryptedstrings.obj
 0001:00001310       ??_C@_0P@EKMKGOGK@?$KJ?$PO?$LE?$KA?$KH?$KM?y?$LB?$KB?v?F?$KC?s?$KO?$AA@ 0000000001002310     cryptedstrings.obj
 0001:00001320       ??_C@_0BO@HGOIJDON@?j?$PO?n?l?k?m?o?V?$KA?W?X?$KD?$LB?$LC?v?$NN?$LI?$KM?$KN?k?F?$LN?$KL?$KI?$OA?$LK?c?n?e?$AA@ 0000000001002320     cryptedstrings.obj
 0001:00001340       ??_C@_0CH@LOCGKKIJ@Szyp?$HMtNO_ulpu?$HMFGEuvkibcweb?$GASkaxd@ 0000000001002340     cryptedstrings.obj
 0001:00001368       ??_C@_09ELDMEHFE@?$KO?$KL?$KE?$KD?$KG?m?$KG?$KJ?$KJ?$AA@ 0000000001002368     cryptedstrings.obj
 0001:00001378       ??_C@_0L@BANBBACG@Yb?$EAvxtb?$HOn?$HM?$AA@ 0000000001002378     cryptedstrings.obj
 0001:00001388       ??_C@_0BN@KEBLOHDM@?$CJ8?$CK?$DM?$DL1?15?$DN?8?$CD?$ANs$?$AIpz?$HP0?$BGk?$HPt5l?$CJ0?$CG?$AA@ 0000000001002388     cryptedstrings.obj
 0001:000013a8       ??_C@_0BA@JDMODACF@x?$FLM_?$FN?2Rn?$HLUM?$FL_WC?$AA@ 00000000010023a8     cryptedstrings.obj
 0001:000013b8       ??_C@_0P@EJFDHELC@?$BE7?$CF?$AA?$CF96?$BF?$DP?$DO?$CL?$DN?0?9?$AA@ 00000000010023b8     cryptedstrings.obj
 0001:000013c8       ??_C@_07BODBBEOH@vljnhqk?$AA@ 00000000010023c8     cryptedstrings.obj
 0001:000013d0       ??_C@_0BP@FKDKJIOD@?c?E?$NM?L?$NM?A?I?Y?$IC?f?X?Q?J?H?V?$MA?H?g?Q?$NM?F?O?P?R?$MA?V?$JO?T?N?R?$AA@ 00000000010023d0     cryptedstrings.obj
 0001:000013f0       ??_C@_0CD@JAIMLCII@2?1?0?$CJ?$FO?$BO?7?7?$BK?$BG?$BO?$AF?$BP?$BE?$BF?$AB?$AD?$AE?$AGIF?6?$AC?$AO?$AN?$AH?$AF?$AFO?$FND?$EA@ 00000000010023f0     cryptedstrings.obj
 0001:00001418       ??_C@_07PBPLCACG@?$AP?$AM?$AC?$AM465?$AA@ 0000000001002418     cryptedstrings.obj
 0001:00001420       ??_C@_09FNOBFGBP@?w?r?$PN?z?$PP?$LE?h?w?q?$AA@ 0000000001002420     cryptedstrings.obj
 0001:00001430       ??_C@_0BEH@LIOBIGPA@?$KH?$KA?$LF?$KD?$IJ?$KH?$KG?$LA?$LM?s?z?$LH?$LL?$KL?$KL?$LC?$LA?$KI?n?$KC?$KJ?$KI?$KP?$KM?$KP?e?$KL?$KG?$KB?$KE?$KF?$KI@ 0000000001002430     cryptedstrings.obj
 0001:00001578       ??_C@_0CN@JIJKCE@?$CBv?$AMUeggqi?$HP4?1?9Z?$AA?4gEYDD1vrh?$HM$?$BFMj?$HPi@ 0000000001002578     cryptedstrings.obj
 0001:000015a8       ??_C@_07KFDCFNBK@?2F?$EADB?$FLA?$AA@ 00000000010025a8     cryptedstrings.obj
 0001:000015b0       ??_C@_09GIODHEFL@?$JD?$LJ?$LF?$LH?$LO?$LG?$LE?$IH?f?$AA@ 00000000010025b0     cryptedstrings.obj
 0001:000015bc       ??_C@_03FAGEFJJF@YJM?$AA@  00000000010025bc     cryptedstrings.obj
 0001:000015c0       ??_C@_07IENDNIAH@?g?d?j?f?V?S?U?$AA@ 00000000010025c0     cryptedstrings.obj
 0001:000015c8       ??_C@_08BPPLJEFH@rnm?06?$HNvw?$AA@ 00000000010025c8     cryptedstrings.obj
 0001:000015d4       ??_C@_03KJGGJOKD@?$JP?W?I?$AA@ 00000000010025d4     cryptedstrings.obj
 0001:000015d8       ??_C@_04JNFFIHCM@?Z?$JB?$JK?$JL?$AA@ 00000000010025d8     cryptedstrings.obj
 0001:000015e0       ??_C@_0DD@HONGOKOG@?$AD?$BO?$BN?$BIo?188?$CL?8?14?4?$CF$0257b?$HP?$CL?49?$CB?$DM0?$DN2kwq@ 00000000010025e0     cryptedstrings.obj
 0001:00001618       ??_C@_0M@EONHCEBB@S?$AE?$CLPBK?$CITNG$?$AA@ 0000000001002618     cryptedstrings.obj
 0001:00001628       ??_C@_0BF@CJJNBOOF@?1?$ABI?$CI?$AN?$AH?7?$AH?$AH?6?$AI?$EA9?$AC?$AG?6?$BDMy?$HP?$AA@ 0000000001002628     cryptedstrings.obj
 0001:00001640       ??_C@_0M@DADCLNAO@?$BG?$BI?$AA?$BG?$BC?$BK?$AOY?$BN?$AB?$BP?$AA@ 0000000001002640     cryptedstrings.obj
 0001:00001650       ??_C@_0CC@PONPGENK@uef?$HLyrsgurp0?$GA4mls?$CI?$GAhrl?1v?$HOakakfnn@ 0000000001002650     cryptedstrings.obj
 0001:00001678       ??_C@_0L@GOEOMDJA@?h?m?b?e?$OA?$KL?m?v?l?o?$AA@ 0000000001002678     cryptedstrings.obj
 0001:00001688       ??_C@_0BG@ICONOONF@?d?g?i?p?U?E?$PM?R?Q?X?x?P?J?p?$NO?$NO?J?Q?O?S?Y?$AA@ 0000000001002688     cryptedstrings.obj
 0001:000016a0       ??_C@_08PMGBGANK@LOA?2tvi?$HO?$AA@ 00000000010026a0     cryptedstrings.obj
 0001:000016b0       ??_C@_0M@DFKIOAHN@IJD?$FNxhZlc?$HPa?$AA@ 00000000010026b0     cryptedstrings.obj
 0001:000016c0       ??_C@_09JHJIIPIK@?b?l?n?n?$PO?k?j?q?x?$AA@ 00000000010026c0     cryptedstrings.obj
 0001:000016d0       ??_C@_07DEOLHEKL@Gmacjb?$GA?$AA@ 00000000010026d0     cryptedstrings.obj
 0001:000016d8       ??_C@_0BB@JNHPBJAD@?x?$NL?E?M?E?A?K?f?M?$MA?E?F?t?D?R?O?$AA@ 00000000010026d8     cryptedstrings.obj
 0001:000016f0       ??_C@_09CDAIGII@?X?$PL?e?m?e?a?k?$KK?u?$AA@ 00000000010026f0     cryptedstrings.obj
 0001:00001700       ??_C@_0FG@ELCJLDBM@Y?$FOK?$FNwYXNB?$AN?$AEERNUPYO?$BALLXHOAE?$BI__?2WC@ 0000000001002700     cryptedstrings.obj
 0001:00001758       ??_C@_0BB@LEFCNHLC@?$KL?$IH?$IK?$IF?$JP?$IL?$IF?$LI?$JF?$IJ?$IB?$JB?$IA?$JG?$KI?$IE?$AA@ 0000000001002758     cryptedstrings.obj
 0001:00001770       ??_C@_0N@PFFHNIOE@?$BI?$AE?$AP?$BC?$BG?6?$BO?$AI?$FL?$BB?$AP?$BD?$AA@ 0000000001002770     cryptedstrings.obj
 0001:00001780       ??_C@_1EC@KFMCOOMF@?$AAH?$AAo?$AAo?$AAk?$AAs?$AA?5?$AAi?$AAn?$AAs?$AAt?$AAa?$AAl?$AAl?$AAe?$AAd?$AA?5?$AAf?$AAo?$AAr?$AA?5?$AAi?$AAe?$AAx?$AAp?$AAl?$AAo?$AAr?$AAe?$AA?4?$AAe?$AAx?$AAe@ 0000000001002780     DllCore.obj
 0001:000017c8       ??_C@_0DP@BNCDJFGB@C?3?2Zeus?5projects?2last?2src_curren@ 00000000010027c8     DllCore.obj
 0001:00001808       ??_C@_09KJBJCMJB@initHooks?$AA@ 0000000001002808     DllCore.obj
 0001:00001818       ??_C@_1DM@DCBIBLOE@?$AAH?$AAo?$AAo?$AAk?$AAs?$AA?5?$AAi?$AAn?$AAs?$AAt?$AAa?$AAl?$AAl?$AAe?$AAd?$AA?5?$AAf?$AAo?$AAr?$AA?5?$AAn?$AAs?$AAp?$AAr?$AA4?$AA?4?$AAd?$AAl?$AAl?$AA?$AA@ 0000000001002818     DllCore.obj
 0001:00001860       ??_C@_1EA@MINNCPKO@?$AAi?$AAe?$AAx?$AAp?$AAl?$AAo?$AAr?$AAe?$AA?4?$AAe?$AAx?$AAe?$AA?5?$AAh?$AAo?$AAo?$AAk?$AAs?$AA?5?$AAu?$AAn?$AAi?$AAn?$AAs?$AAt?$AAa?$AAl?$AAl?$AAe?$AAd?$AA?4?$AA?$AA@ 0000000001002860     DllCore.obj
 0001:000018a0       ??_C@_0M@MAFAMKIC@unInitHooks?$AA@ 00000000010028a0     DllCore.obj
 0001:000018b0       ??_C@_1DK@KDBGJPN@?$AAn?$AAs?$AAp?$AAr?$AA4?$AA?4?$AAd?$AAl?$AAl?$AA?5?$AAh?$AAo?$AAo?$AAk?$AAs?$AA?5?$AAu?$AAn?$AAi?$AAn?$AAs?$AAt?$AAa?$AAl?$AAl?$AAe?$AAd?$AA?4?$AA?$AA@ 00000000010028b0     DllCore.obj
 0001:000018f0       ??_C@_1DA@IGBBOOEB@?$AAB?$AAa?$AAd?$AA?5?$AAw?$AAi?$AAn?$AAd?$AAo?$AAw?$AAs?$AA?5?$AAv?$AAe?$AAr?$AAs?$AAi?$AAo?$AAn?$AA?5?$AA?$CF?$AAu?$AA?4?$AA?$AA@ 00000000010028f0     DllCore.obj
 0001:00001920       ??_C@_0M@IGNEHIA@initOsBasic?$AA@ 0000000001002920     DllCore.obj
 0001:00001930       ??_C@_1DC@NNDLAEJB@?$AAU?$AAn?$AAk?$AAn?$AAo?$AAw?$AAn?$AA?5?$AAi?$AAn?$AAt?$AAe?$AAg?$AAr?$AAi?$AAt?$AAy?$AA?5?$AAl?$AAe?$AAv?$AAe?$AAl?$AA?4?$AA?$AA@ 0000000001002930     DllCore.obj
 0001:00001970       ??_C@_1EC@CDMBJOMF@?$AAF?$AAa?$AAi?$AAl?$AAe?$AAd?$AA?5?$AAt?$AAo?$AA?5?$AAc?$AAr?$AAe?$AAa?$AAt?$AAe?$AA?5?$AAg?$AAl?$AAo?$AAb?$AAa?$AAl?$AA?5?$AAh?$AAa?$AAn?$AAd?$AAl?$AAe?$AAs?$AA?4@ 0000000001002970     DllCore.obj
 0001:000019b8       ??_C@_0M@BMFCFLP@initHandles?$AA@ 00000000010029b8     DllCore.obj
 0001:000019d0       ??_C@_1EI@POEPMAFM@?$AAr?$AAe?$AAq?$AAu?$AAe?$AAs?$AAt?$AAD?$AAa?$AAt?$AAa?$AA?9?$AA?$DO?$AAu?$AAr?$AAl?$AA?$DN?$AA?$FL?$AA?$CF?$AAS?$AA?$FN?$AA?5?$AAm?$AAa?$AAt?$AAc?$AAh?$AAe?$AAd?$AA?5?$AA?$FL?$AA?$CF@ 00000000010029d0     httpgrabber.obj
 0001:00001a20       ??_C@_0ED@NOCKEFEG@C?3?2Zeus?5projects?2last?2src_curren@ 0000000001002a20     httpgrabber.obj
 0001:00001a68       ??_C@_0BG@HNJJBPIP@checkRequestForInject?$AA@ 0000000001002a68     httpgrabber.obj
 0001:00001a80       ??_C@_1EC@PKMIOOIL@?$AAC?$AAu?$AAr?$AAr?$AAe?$AAn?$AAt?$AA?5?$AAc?$AAo?$AAn?$AAf?$AAi?$AAg?$AAu?$AAr?$AAa?$AAt?$AAi?$AAo?$AAn?$AA?5?$AAc?$AAo?$AAr?$AAr?$AAu?$AAp?$AAt?$AAe?$AAd?$AA?$CB@ 0000000001002a80     httpgrabber.obj
 0001:00001ad0       ??_C@_1GE@KCDCLJGG@?$AAU?$AAn?$AAk?$AAn?$AAo?$AAw?$AAn?$AA?5?$AAi?$AAn?$AAj?$AAe?$AAc?$AAt?$AA?5?$AAd?$AAe?$AAt?$AAe?$AAc?$AAt?$AAe?$AAd?$AA?0?$AA?5?$AAc?$AAu?$AAr?$AAI?$AAn?$AAj?$AAe@ 0000000001002ad0     httpgrabber.obj
 0001:00001b40       ??_C@_1GA@MDOCOIIB@?$AAr?$AAe?$AAq?$AAu?$AAe?$AAs?$AAt?$AAD?$AAa?$AAt?$AAa?$AA?9?$AA?$DO?$AAu?$AAr?$AAl?$AA?$DN?$AA?$FL?$AA?$CF?$AAS?$AA?$FN?$AA?5?$AAm?$AAa?$AAt?$AAc?$AAh?$AAe?$AAd?$AA?5?$AAc?$AAa@ 0000000001002b40     httpgrabber.obj
 0001:00001ba0       ??_C@_0BH@POABHDHN@checkRequestForCapchas?$AA@ 0000000001002ba0     httpgrabber.obj
 0001:00001bc0       ??_C@_1BEK@COLMMJLD@?$AAr?$AAe?$AAq?$AAu?$AAe?$AAs?$AAt?$AAD?$AAa?$AAt?$AAa?$AA?9?$AA?$DO?$AAh?$AAa?$AAn?$AAd?$AAl?$AAe?$AA?$DN?$AA?$FL?$AA0?$AAx?$AA?$CF?$AAp?$AA?$FN?$AA?0?$AA?5?$AAr?$AAe?$AAq?$AAu@ 0000000001002bc0     httpgrabber.obj
 0001:00001d10       ??_C@_0CA@GJJIDBCO@HttpGrabber?3?3analizeRequestData?$AA@ 0000000001002d10     httpgrabber.obj
 0001:00001d30       ??_C@_1GO@HJEOEJCP@?$AAr?$AAe?$AAq?$AAu?$AAe?$AAs?$AAt?$AAD?$AAa?$AAt?$AAa?$AA?9?$AA?$DO?$AAu?$AAr?$AAl?$AA?$DN?$AA?$FL?$AA?$CF?$AAS?$AA?$FN?$AA?5?$AAm?$AAa?$AAt?$AAc?$AAh?$AAe?$AAd?$AA?5?$AA?$FL?$AA?$CF@ 0000000001002d30     httpgrabber.obj
 0001:00001da0       ??_C@_13IMODFHAA@?$AA?9?$AA?$AA@ 0000000001002da0     httpgrabber.obj
 0001:00001db0       ??_C@_1EK@DJBDLPHD@?$AAA?$AAc?$AAc?$AAe?$AAp?$AAt?$AAe?$AAd?$AA?5?$AA?$CF?$AAu?$AA?5?$AAi?$AAn?$AAj?$AAe?$AAc?$AAt?$AAs?$AA?5?$AAf?$AAo?$AAr?$AA?5?$AAc?$AAu?$AAr?$AAr?$AAe?$AAn?$AAt?$AA?5@ 0000000001002db0     httpgrabber.obj
 0001:00001e00       ??_C@_1FC@IFDNKPKA@?$AAC?$AAu?$AAr?$AAr?$AAe?$AAn?$AAt?$AA?5?$AAU?$AAR?$AAL?$AA?5?$AAd?$AAe?$AAt?$AAe?$AAc?$AAt?$AAe?$AAd?$AA?5?$AAa?$AAs?$AA?5?$AAc?$AAa?$AAp?$AAt?$AAc?$AAh?$AAa?$AA?5@ 0000000001002e00     httpgrabber.obj
 0001:00001e58       ??_C@_1CI@CFDKIJLA@?$AAC?$AAo?$AAn?$AAt?$AAe?$AAx?$AAt?$AA?5?$AAn?$AAo?$AA?5?$AAm?$AAa?$AAt?$AAc?$AAh?$AAe?$AAd?$AA?4?$AA?$AA@ 0000000001002e58     httpgrabber.obj
 0001:00001e80       ??_C@_0BN@BLGBOEHC@HttpGrabber?3?3_executeInjects?$AA@ 0000000001002e80     httpgrabber.obj
 0001:00001ea0       ??_C@_0M@EKJLAIDE@?$CFopensocks?$CF?$AA@ 0000000001002ea0     httpgrabber.obj
 0001:00001eb0       ??_C@_0M@PJBIIJKH@Global?2s_ev?$AA@ 0000000001002eb0     httpgrabber.obj
 0001:00001ec0       ??_C@_1CO@JKCJOFHO@?$AAE?$AAv?$AAe?$AAn?$AAt?$AA?5?$AAc?$AAr?$AAe?$AAa?$AAt?$AAi?$AAo?$AAn?$AA?5?$AAf?$AAa?$AAi?$AAl?$AAe?$AAd?$AA?4?$AA?$AA@ 0000000001002ec0     httpgrabber.obj
 0001:00001ef0       ??_C@_1CI@OPPFANOO@?$AAE?$AAv?$AAe?$AAn?$AAt?$AA?5?$AAh?$AAa?$AAs?$AA?5?$AAb?$AAe?$AAe?$AAn?$AA?5?$AAs?$AAe?$AAt?$AA?$CB?$AA?$AA@ 0000000001002ef0     httpgrabber.obj
 0001:00001f18       ??_C@_09HOPCLNFB@?$CFopenvnc?$CF?$AA@ 0000000001002f18     httpgrabber.obj
 0001:00001f28       ??_C@_0M@DBPIAGNH@Global?2v_ev?$AA@ 0000000001002f28     httpgrabber.obj
 0001:00001f38       ??_C@_1DE@NACNOJJE@?$AAE?$AAv?$AAe?$AAn?$AAt?$AA?5?$AA?$CD?$AA2?$AA?5?$AAc?$AAr?$AAe?$AAa?$AAt?$AAi?$AAo?$AAn?$AA?5?$AAf?$AAa?$AAi?$AAl?$AAe?$AAd?$AA?4?$AA?$AA@ 0000000001002f38     httpgrabber.obj
 0001:00001f70       ??_C@_1DA@CFEFFPDG@?$AAE?$AAv?$AAe?$AAn?$AAt?$AA?5?$AA?$CD?$AA2?$AA?5?$AAh?$AAa?$AAs?$AA?5?$AAb?$AAe?$AAe?$AAn?$AA?5?$AAs?$AAe?$AAt?$AA?$CB?$AA?5?$AA?$AA@ 0000000001002f70     httpgrabber.obj
 0001:00001fa0       ??_C@_07LCDOBLAK@?$CFBOTID?$CF?$AA@ 0000000001002fa0     httpgrabber.obj
 0001:00001fa8       ??_C@_1DC@GLHMLOIL@?$AAF?$AAo?$AAu?$AAn?$AAd?$AA?5?$AA?$CF?$AAB?$AAO?$AAT?$AAI?$AAD?$AA?$CF?$AA?5?$AAi?$AAn?$AA?5?$AAi?$AAn?$AAj?$AAe?$AAc?$AAt?$AA?4?$AA?$AA@ 0000000001002fa8     httpgrabber.obj
 0001:00001fe0       ??_C@_1BG@FEJCHIKJ@?$AAp?$AAa?$AAt?$AAh?$AA?$DN?$AA?$FL?$AA?$CF?$AAs?$AA?$FN?$AA?4?$AA?$AA@ 0000000001002fe0     nspr4hook.obj
 0001:00002000       ??_C@_0EB@MJOFAIEG@C?3?2Zeus?5projects?2last?2src_curren@ 0000000001003000     nspr4hook.obj
 0001:00002048       ??_C@_0BG@CPBGHMCJ@enumProfilesForUserJs?$AA@ 0000000001003048     nspr4hook.obj
 0001:00002060       ??_C@_07MOMMIIKD@HTTP?11?4?$AA@ 0000000001003060     nspr4hook.obj
 0001:00002068       ??_C@_04CPPPJGME@Host?$AA@ 0000000001003068     nspr4hook.obj
 0001:00002070       ??_C@_0P@HOJGPHBA@Content?9Length?$AA@ 0000000001003070     nspr4hook.obj
 0001:00002080       ??_C@_1EM@OMBJJEAA@?$AA?$CI?$AAb?$AAy?$AAt?$AAe?$AAs?$AAT?$AAo?$AAS?$AAk?$AAi?$AAp?$AA?5?$AA?$DM?$AA?5?$AAp?$AAo?$AAs?$AAt?$AAD?$AAa?$AAt?$AAa?$AAS?$AAi?$AAz?$AAe?$AA?$CJ?$AA?5?$AA?$DN?$AA?$DN?$AA?5@ 0000000001003080     nspr4hook.obj
 0001:000020d0       ??_C@_0BA@PJAKDGAK@fillRequestData?$AA@ 00000000010030d0     nspr4hook.obj
 0001:000020e0       ??_C@_1EA@MACMELKL@?$AAb?$AAy?$AAt?$AAe?$AAs?$AAT?$AAo?$AAS?$AAk?$AAi?$AAp?$AA?$DN?$AA?$CF?$AAi?$AA?0?$AA?5?$AAp?$AAo?$AAs?$AAt?$AAD?$AAa?$AAt?$AAa?$AAS?$AAi?$AAz?$AAe?$AA?$DN?$AA?$CF?$AAi?$AA?$AA@ 00000000010030e0     nspr4hook.obj
 0001:00002120       ??_C@_07FGAOOBMN@http?3?1?1?$AA@ 0000000001003120     nspr4hook.obj
 0001:00002128       ??_C@_09FNILHMOF@NSS?5layer?$AA@ 0000000001003128     nspr4hook.obj
 0001:00002138       ??_C@_08MFLLBFBE@https?3?1?1?$AA@ 0000000001003138     nspr4hook.obj
 0001:00002148       ??_C@_07EJAMNJLN@Referer?$AA@ 0000000001003148     nspr4hook.obj
 0001:00002150       ??_C@_0N@LAFFMKKA@Content?9Type?$AA@ 0000000001003150     nspr4hook.obj
 0001:00002160       ??_C@_0O@NAFGPKMI@Authorization?$AA@ 0000000001003160     nspr4hook.obj
 0001:00002170       ??_C@_1CK@IAENFPLL@?$AA?$CI?$AAd?$AAa?$AAt?$AAa?$AAP?$AAo?$AAs?$AA?5?$AA?$DN?$AA?$DN?$AA?5?$AAr?$AAe?$AAq?$AAu?$AAe?$AAs?$AAt?$AA?$CJ?$AA?$AA@ 0000000001003170     nspr4hook.obj
 0001:000021a0       ??_C@_0BE@MCBANCHB@analizeHttpResponse?$AA@ 00000000010031a0     nspr4hook.obj
 0001:000021c0       ??_C@_1FG@PIFIBJJK@?$AAB?$AAa?$AAd?$AA?5?$AAH?$AAT?$AAT?$AAP?$AA?9?$AAv?$AAe?$AAr?$AAs?$AAi?$AAo?$AAn?$AA?3?$AA?5?$AAh?$AAe?$AAa?$AAd?$AAe?$AAr?$AA?$DN?$AA?$CF?$AAS?$AA?0?$AA?5?$AAh?$AAe?$AAa@ 00000000010031c0     nspr4hook.obj
 0001:00002218       ??_C@_1DA@NEJFFGEE@?$AAB?$AAa?$AAd?$AA?5?$AAr?$AAe?$AAs?$AAp?$AAo?$AAn?$AAs?$AAe?$AA?5?$AAs?$AAt?$AAa?$AAt?$AAu?$AAs?$AA?4?$AA?5?$AA?$CF?$AAs?$AA?$AA@ 0000000001003218     nspr4hook.obj
 0001:00002248       ??_C@_0BC@ELHLFCNH@Transfer?9Encoding?$AA@ 0000000001003248     nspr4hook.obj
 0001:00002260       ??_C@_07KCKHAHHI@chunked?$AA@ 0000000001003260     nspr4hook.obj
 0001:00002270       ??_C@_1GO@OFCIMDAN@?$AAB?$AAa?$AAd?$AA?5?$AAT?$AAr?$AAa?$AAn?$AAs?$AAf?$AAe?$AAr?$AA?9?$AAE?$AAn?$AAc?$AAo?$AAd?$AAi?$AAn?$AAg?$AA?5?$AAh?$AAe?$AAa?$AAd?$AAe?$AAr?$AA?3?$AA?5?$AAh?$AAe@ 0000000001003270     nspr4hook.obj
 0001:000022e0       ??_C@_1GI@JCMGAHBD@?$AAB?$AAa?$AAd?$AA?5?$AAC?$AAo?$AAn?$AAt?$AAe?$AAn?$AAt?$AA?9?$AAL?$AAe?$AAn?$AAg?$AAt?$AAh?$AA?5?$AAh?$AAe?$AAa?$AAd?$AAe?$AAr?$AA?3?$AA?5?$AAh?$AAe?$AAa?$AAd?$AAe@ 00000000010032e0     nspr4hook.obj
 0001:00002348       ??_C@_0L@PJJKMLL@Connection?$AA@ 0000000001003348     nspr4hook.obj
 0001:00002354       ??_C@_05LBOHBHFK@close?$AA@ 0000000001003354     nspr4hook.obj
 0001:00002360       ??_C@_0BB@MLFPABGO@Proxy?9Connection?$AA@ 0000000001003360     nspr4hook.obj
 0001:00002380       ??_C@_1HC@CPLEKOBO@?$AAH?$AAR?$AAI?$AAF?$AA_?$AAD?$AAE?$AAF?$AAI?$AAN?$AAE?$AAD?$AA_?$AAL?$AAE?$AAN?$AAG?$AAT?$AAH?$AA?0?$AA?5?$AAc?$AAu?$AAr?$AAS?$AAi?$AAz?$AAe?$AA?$DN?$AA?$CF?$AAu?$AA?0@ 0000000001003380     nspr4hook.obj
 0001:000023f8       ??_C@_0BI@JCHDNKFF@analizeHttpResponseBody?$AA@ 00000000010033f8     nspr4hook.obj
 0001:00002410       ??_C@_1EE@HFCOHLJF@?$AAH?$AAR?$AAI?$AAF?$AA_?$AAD?$AAE?$AAF?$AAI?$AAN?$AAE?$AAD?$AA_?$AAC?$AAH?$AAU?$AAN?$AAK?$AAE?$AAD?$AA?0?$AA?5?$AAc?$AAu?$AAr?$AAS?$AAi?$AAz?$AAe?$AA?$DN?$AA?$CF?$AAu@ 0000000001003410     nspr4hook.obj
 0001:00002454       ??_C@_02PCIJFNDE@?$AN?6?$AA@ 0000000001003454     nspr4hook.obj
 0001:00002458       ??_C@_01EEMJAFIK@?6?$AA@   0000000001003458     nspr4hook.obj
 0001:00002460       ??_C@_1EA@FOFFNFNA@?$AAH?$AAR?$AAI?$AAF?$AA_?$AAD?$AAE?$AAF?$AAI?$AAN?$AAE?$AAD?$AA_?$AAC?$AAL?$AAO?$AAS?$AAE?$AA?0?$AA?5?$AAc?$AAu?$AAr?$AAS?$AAi?$AAz?$AAe?$AA?$DN?$AA?$CF?$AAu?$AA?4?$AA?$AA@ 0000000001003460     nspr4hook.obj
 0001:000024a0       ??_C@_1DG@LLJKIFHO@?$AAi?$AAn?$AAf?$AAo?$AA?9?$AA?$DO?$AAc?$AAo?$AAn?$AAt?$AAe?$AAn?$AAt?$AAE?$AAn?$AAd?$AAO?$AAf?$AAf?$AAs?$AAe?$AAt?$AA?$DN?$AA?$CF?$AAu?$AA?4?$AA?$AA@ 00000000010034a0     nspr4hook.obj
 0001:000024e0       ??_C@_1EA@MINDNOKA@?$AAC?$AAo?$AAn?$AAn?$AAe?$AAc?$AAt?$AAi?$AAo?$AAn?$AA?5?$AA0?$AAx?$AA?$CF?$AAp?$AA?5?$AAa?$AAd?$AAd?$AAe?$AAd?$AA?5?$AAt?$AAo?$AA?5?$AAt?$AAa?$AAb?$AAl?$AAe?$AA?4?$AA?$AA@ 00000000010034e0     nspr4hook.obj
 0001:00002520       ??_C@_0CB@PCKKGCLH@Nspr4Hook?3?3hookerPrOpenTcpSocket@ 0000000001003520     nspr4hook.obj
 0001:00002550       ??_C@_1IC@MKDPHDKD@?$AAC?$AAo?$AAn?$AAn?$AAe?$AAc?$AAt?$AAi?$AAo?$AAn?$AA?5?$AA0?$AAx?$AA?$CF?$AAp?$AA?5?$AAr?$AAe?$AAm?$AAo?$AAv?$AAe?$AAd?$AA?5?$AAf?$AAr?$AAo?$AAm?$AA?5?$AAt?$AAa?$AAb@ 0000000001003550     nspr4hook.obj
 0001:000025d8       ??_C@_0BJ@GBKMIFHM@Nspr4Hook?3?3hookerPrClose?$AA@ 00000000010035d8     nspr4hook.obj
 0001:00002600       ??_C@_1FM@JLHDPABC@?$AAh?$AAo?$AAo?$AAk?$AAe?$AAr?$AAP?$AAr?$AAR?$AAe?$AAa?$AAd?$AA?5?$AAc?$AAa?$AAl?$AAl?$AAe?$AAd?$AA?0?$AA?5?$AAc?$AAo?$AAn?$AAn?$AAe?$AAc?$AAt?$AAi?$AAo?$AAn?$AA?5@ 0000000001003600     nspr4hook.obj
 0001:00002660       ??_C@_0BI@NFDHGCCN@Nspr4Hook?3?3hookerPrRead?$AA@ 0000000001003660     nspr4hook.obj
 0001:00002680       ??_C@_1GE@DCDHCCPK@?$AAh?$AAo?$AAo?$AAk?$AAe?$AAr?$AAP?$AAr?$AAR?$AAe?$AAa?$AAd?$AA?5?$AAc?$AAa?$AAl?$AAl?$AAe?$AAd?$AA?0?$AA?5?$AAc?$AAo?$AAn?$AAn?$AAe?$AAc?$AAt?$AAi?$AAo?$AAn?$AA?5@ 0000000001003680     nspr4hook.obj
 0001:000026f0       ??_C@_1LA@CIDELHM@?$AAP?$AAe?$AAn?$AAd?$AAi?$AAn?$AAg?$AA?5?$AAd?$AAa?$AAt?$AAa?$AA?5?$AAd?$AAe?$AAt?$AAe?$AAc?$AAt?$AAe?$AAd?$AA?0?$AA?5?$AAn?$AAc?$AA?9?$AA?$DO?$AAp?$AAe?$AAn?$AAd?$AAi@ 00000000010036f0     nspr4hook.obj
 0001:000027a0       ??_C@_1DC@JKHGNCMN@?$AAA?$AAl?$AAl?$AA?5?$AAp?$AAe?$AAn?$AAd?$AAi?$AAn?$AAg?$AA?5?$AAd?$AAa?$AAt?$AAa?$AA?5?$AAs?$AAe?$AAn?$AAd?$AAe?$AAd?$AA?4?$AA?$AA@ 00000000010037a0     nspr4hook.obj
 0001:000027d8       ??_C@_1BK@NOKOJONE@?$AAF?$AAa?$AAt?$AAa?$AAl?$AA?5?$AAe?$AAr?$AAr?$AAo?$AAr?$AA?4?$AA?$AA@ 00000000010037d8     nspr4hook.obj
 0001:000027f8       ??_C@_1CI@KFNBLEJE@?$AAn?$AAc?$AA?9?$AA?$DO?$AAr?$AAe?$AAs?$AAp?$AAo?$AAn?$AAs?$AAe?$AAS?$AAi?$AAz?$AAe?$AA?$DN?$AA?$CF?$AAu?$AA?$AA@ 00000000010037f8     nspr4hook.obj
 0001:00002820       ??_C@_1DK@JHLOHPFC@?$AAR?$AAe?$AAa?$AAd?$AA?5?$AAw?$AAh?$AAo?$AAl?$AAe?$AA?5?$AAc?$AAa?$AAp?$AAt?$AAc?$AAh?$AAa?$AA?0?$AA?5?$AAs?$AAi?$AAz?$AAe?$AA?3?$AA?5?$AA?$CF?$AAd?$AA?$AA@ 0000000001003820     nspr4hook.obj
 0001:00002860       ??_C@_0BB@KFPPKJHF@Content?9Encoding?$AA@ 0000000001003860     nspr4hook.obj
 0001:00002878       ??_C@_1CE@HFHDJKPJ@?$AAI?$AAn?$AAj?$AAe?$AAc?$AAt?$AAs?$AA?5?$AAd?$AAe?$AAt?$AAe?$AAc?$AAt?$AAe?$AAd?$AA?4?$AA?$AA@ 0000000001003878     nspr4hook.obj
 0001:000028a0       ??_C@_1BE@JDDFCJOH@?$AAr?$AAe?$AAa?$AAd?$AAe?$AAd?$AA?$DN?$AA?$CF?$AAi?$AA?$AA@ 00000000010038a0     nspr4hook.obj
 0001:000028c0       ??_C@_1EG@LFABOHHG@?$AAA?$AAn?$AAa?$AAl?$AAi?$AAz?$AAe?$AA?5?$AAs?$AAu?$AAc?$AAc?$AAe?$AAs?$AAs?$AAe?$AAd?$AA?0?$AA?5?$AAc?$AAo?$AAn?$AAt?$AAe?$AAn?$AAt?$AAS?$AAi?$AAz?$AAe?$AA?$DN?$AA?$CF@ 00000000010038c0     nspr4hook.obj
 0001:00002910       ??_C@_1EE@PFHOAHJD@?$AAI?$AAn?$AAj?$AAe?$AAc?$AAt?$AAs?$AA?5?$AAa?$AAc?$AAc?$AAe?$AAp?$AAt?$AAe?$AAd?$AA?0?$AA?5?$AAc?$AAo?$AAn?$AAt?$AAe?$AAn?$AAt?$AAS?$AAi?$AAz?$AAe?$AA?$DN?$AA?$CF?$AAu@ 0000000001003910     nspr4hook.obj
 0001:00002954       ??_C@_04GMEAFLDM@?$CFx?$AN?6?$AA@ 0000000001003954     nspr4hook.obj
 0001:00002960       ??_C@_07MEMIDCKI@?$AN?60?$AN?6?$AN?6?$AA@ 0000000001003960     nspr4hook.obj
 0001:00002970       ??_C@_1EG@BKPPPPJA@?$AAR?$AAe?$AAs?$AAp?$AAo?$AAn?$AAs?$AAe?$AA?5?$AAp?$AAo?$AAs?$AAt?$AAf?$AAi?$AAx?$AA?5?$AAd?$AAe?$AAt?$AAe?$AAc?$AAt?$AAe?$AAd?$AA?0?$AA?5?$AAs?$AAi?$AAz?$AAe?$AA?$DN@ 0000000001003970     nspr4hook.obj
 0001:000029b8       ??_C@_1CM@HCMOKJMJ@?$AAI?$AAn?$AAj?$AAe?$AAc?$AAt?$AAs?$AA?5?$AAn?$AAo?$AAt?$AA?5?$AAa?$AAc?$AAc?$AAe?$AAp?$AAt?$AAe?$AAd?$AA?4?$AA?$AA@ 00000000010039b8     nspr4hook.obj
 0001:000029f0       ??_C@_1EO@OOIOMBPH@?$AAR?$AAe?$AAs?$AAp?$AAo?$AAn?$AAs?$AAe?$AA?5?$AAn?$AAo?$AAt?$AA?5?$AAr?$AAe?$AAc?$AAi?$AAv?$AAe?$AAd?$AA?0?$AA?5?$AAb?$AAl?$AAo?$AAc?$AAk?$AAi?$AAn?$AAg?$AA?5?$AAc@ 00000000010039f0     nspr4hook.obj
 0001:00002a40       ??_C@_1FM@GGPFCCCD@?$AAA?$AAn?$AAa?$AAl?$AAi?$AAz?$AAe?$AA?5?$AAf?$AAi?$AAn?$AAi?$AAs?$AAh?$AAe?$AAd?$AA?0?$AA?5?$AAr?$AAe?$AAa?$AAd?$AAe?$AAd?$AA?$DN?$AA?$CF?$AAi?$AA?0?$AA?5?$AAa?$AAn?$AAa@ 0000000001003a40     nspr4hook.obj
 0001:00002aa0       ??_C@_1GO@GPKLDLJP@?$AAh?$AAo?$AAo?$AAk?$AAe?$AAr?$AAP?$AAr?$AAW?$AAr?$AAi?$AAt?$AAe?$AA?5?$AAc?$AAa?$AAl?$AAl?$AAe?$AAd?$AA?5?$AAa?$AAm?$AAo?$AAu?$AAn?$AAt?$AA?$DN?$AA?$CF?$AAi?$AA?0?$AA?5@ 0000000001003aa0     nspr4hook.obj
 0001:00002b10       ??_C@_0BJ@GBPKFEL@Nspr4Hook?3?3hookerPrWrite?$AA@ 0000000001003b10     nspr4hook.obj
 0001:00002b30       ??_C@_1CA@LEBMLJIC@?$AAR?$AAe?$AAq?$AAu?$AAe?$AAs?$AAt?$AA?5?$AAu?$AAr?$AAl?$AA?$DN?$AA?$CF?$AAS?$AA?4?$AA?$AA@ 0000000001003b30     nspr4hook.obj
 0001:00002b50       ??_C@_1DC@FNMJCEEL@?$AAR?$AAe?$AAq?$AAu?$AAe?$AAs?$AAt?$AA?5?$AAu?$AAr?$AAl?$AA?5?$AAu?$AAn?$AAk?$AAn?$AAo?$AAw?$AAn?$AA?5?$AAy?$AAe?$AAt?$AA?4?$AA?$AA@ 0000000001003b50     nspr4hook.obj
 0001:00002b90       ??_C@_1MM@OOHKGBNO@?$AAP?$AAe?$AAn?$AAd?$AAi?$AAn?$AAg?$AA?5?$AAd?$AAa?$AAt?$AAa?$AA?5?$AAd?$AAe?$AAt?$AAe?$AAc?$AAt?$AAe?$AAd?$AA?5?$AAn?$AAc?$AA?9?$AA?$DO?$AAp?$AAe?$AAn?$AAd?$AAi?$AAn@ 0000000001003b90     nspr4hook.obj
 0001:00002c60       ??_C@_1GE@EIAOIJOM@?$AAW?$AAr?$AAi?$AAt?$AAt?$AAe?$AAn?$AA?5?$AA?$CF?$AAi?$AA?5?$AAb?$AAy?$AAt?$AAe?$AAs?$AA?5?$AAo?$AAf?$AA?5?$AAp?$AAe?$AAn?$AAd?$AAi?$AAn?$AAg?$AA?5?$AAd?$AAa?$AAt?$AAa@ 0000000001003c60     nspr4hook.obj
 0001:00002cd0       ??_C@_1JC@OILCBMGK@?$AAA?$AAl?$AAl?$AA?5?$AAp?$AAe?$AAn?$AAd?$AAi?$AAn?$AAg?$AA?5?$AAd?$AAa?$AAt?$AAa?$AA?5?$AAs?$AAe?$AAn?$AAd?$AAe?$AAd?$AA?0?$AA?5?$AAn?$AAc?$AA?9?$AA?$DO?$AAp?$AAe?$AAn@ 0000000001003cd0     nspr4hook.obj
 0001:00002d70       ??_C@_1NA@KLIDEKLE@?$AAN?$AAo?$AAt?$AA?5?$AAa?$AAl?$AAl?$AA?5?$AAp?$AAe?$AAn?$AAd?$AAi?$AAn?$AAg?$AA?5?$AAd?$AAa?$AAt?$AAa?$AA?5?$AAs?$AAe?$AAn?$AAd?$AAe?$AAd?$AA?0?$AA?5?$AAn?$AAc?$AA?9@ 0000000001003d70     nspr4hook.obj
 0001:00002e40       ??_C@_1IA@GLBKDKBH@?$AAF?$AAa?$AAi?$AAl?$AAe?$AAd?$AA?5?$AAt?$AAo?$AA?5?$AAs?$AAe?$AAn?$AAd?$AA?5?$AAp?$AAe?$AAn?$AAd?$AAi?$AAn?$AAg?$AA?5?$AAd?$AAa?$AAt?$AAa?$AA?0?$AA?5?$AAc?$AAo?$AAn@ 0000000001003e40     nspr4hook.obj
 0001:00002ec0       ??_C@_1IC@EKIKIDHN@?$AAB?$AAy?$AAt?$AAe?$AAs?$AA?5?$AAt?$AAo?$AA?5?$AAs?$AAk?$AAi?$AAp?$AA?5?$AAd?$AAe?$AAt?$AAe?$AAc?$AAt?$AAe?$AAd?$AA?0?$AA?5?$AAn?$AAc?$AA?9?$AA?$DO?$AAw?$AAr?$AAi?$AAt@ 0000000001003ec0     nspr4hook.obj
 0001:00002f50       ??_C@_1GI@HHDGBEIH@?$AAW?$AAr?$AAi?$AAt?$AAt?$AAe?$AAn?$AA?5?$AA?$CF?$AAi?$AA?5?$AAb?$AAy?$AAt?$AAe?$AAs?$AA?5?$AAo?$AAf?$AA?5?$AAs?$AAk?$AAi?$AAp?$AAp?$AAe?$AAd?$AA?5?$AAb?$AAy?$AAt?$AAe@ 0000000001003f50     nspr4hook.obj
 0001:00002fc0       ??_C@_1EK@DOFEODNM@?$AAw?$AAr?$AAi?$AAt?$AAe?$AAB?$AAy?$AAt?$AAe?$AAs?$AAT?$AAo?$AAS?$AAk?$AAi?$AAp?$AA?$DN?$AA?$CF?$AAu?$AA?0?$AA?5?$AAc?$AAo?$AAn?$AAn?$AAe?$AAc?$AAt?$AAi?$AAo?$AAn?$AA?5@ 0000000001003fc0     nspr4hook.obj
 0001:00003010       ??_C@_1IC@EFBGHDCF@?$AAP?$AAr?$AAo?$AAt?$AAo?$AAc?$AAo?$AAl?$AA?5?$AAe?$AAr?$AAr?$AAo?$AAr?$AA?5?$AAd?$AAe?$AAt?$AAe?$AAc?$AAt?$AAe?$AAd?$AA?0?$AA?5?$AAf?$AAd?$AA?$DN?$AA0?$AAx?$AA?$CF?$AAp@ 0000000001004010     nspr4hook.obj
 0001:000030a0       ??_C@_1IC@ILGPIOKM@?$AAF?$AAa?$AAi?$AAl?$AAe?$AAd?$AA?5?$AAt?$AAo?$AA?5?$AAs?$AAe?$AAn?$AAd?$AA?5?$AAs?$AAk?$AAi?$AAp?$AAp?$AAe?$AAd?$AA?5?$AAb?$AAy?$AAt?$AAe?$AAs?$AA?0?$AA?5?$AAc?$AAo@ 00000000010040a0     nspr4hook.obj
 0001:00003130       ??_C@_1HI@LCMBPLME@?$AAN?$AAe?$AAw?$AA?5?$AAr?$AAe?$AAq?$AAu?$AAe?$AAs?$AAt?$AA?5?$AAd?$AAe?$AAt?$AAe?$AAc?$AAt?$AAe?$AAd?$AA?0?$AA?5?$AAf?$AAi?$AAl?$AAl?$AAR?$AAe?$AAq?$AAu?$AAe?$AAs@ 0000000001004130     nspr4hook.obj
 0001:000031a8       ??_C@_1DC@MJFFEAIL@?$AAP?$AAr?$AAo?$AAt?$AAo?$AAc?$AAo?$AAl?$AA?5?$AAe?$AAr?$AAr?$AAo?$AAr?$AA?5?$AAd?$AAe?$AAt?$AAe?$AAc?$AAt?$AAe?$AAd?$AA?4?$AA?$AA@ 00000000010041a8     nspr4hook.obj
 0001:000031e0       ??_C@_1CC@FGPGPHLK@?$AAR?$AAe?$AAq?$AAu?$AAe?$AAs?$AAt?$AA?5?$AAs?$AAk?$AAi?$AAp?$AAp?$AAe?$AAd?$AA?4?$AA?$AA@ 00000000010041e0     nspr4hook.obj
 0001:00003208       ??_C@_1DM@GLLMGCAO@?$AA?$CI?$AAn?$AAc?$AA?9?$AA?$DO?$AAi?$AAn?$AAj?$AAe?$AAc?$AAt?$AAs?$AA?5?$AA?$CB?$AA?$DN?$AA?5?$AAN?$AAU?$AAL?$AAL?$AA?$CJ?$AA?5?$AA?$DN?$AA?$DN?$AA?5?$AAt?$AAr?$AAu?$AAe?$AA?$AA@ 0000000001004208     nspr4hook.obj
 0001:00003248       ??_C@_08LBJOIDDC@identity?$AA@ 0000000001004248     nspr4hook.obj
 0001:00003258       ??_C@_0BA@KDJCHKHJ@Accept?9Encoding?$AA@ 0000000001004258     nspr4hook.obj
 0001:00003268       ??_C@_02OGAFBLMB@TE?$AA@   0000000001004268     nspr4hook.obj
 0001:00003270       ??_C@_0BC@GJLFBBBL@If?9Modified?9Since?$AA@ 0000000001004270     nspr4hook.obj
 0001:00003290       ??_C@_1KG@GJKKGJEF@?$AAR?$AAe?$AAq?$AAu?$AAe?$AAs?$AAt?$AA?5?$AAc?$AAh?$AAa?$AAn?$AAg?$AAe?$AAd?$AA?5?$AAn?$AAe?$AAw?$AAR?$AAe?$AAq?$AAu?$AAe?$AAs?$AAt?$AAS?$AAi?$AAz?$AAe?$AA?$DN?$AA?$CF@ 0000000001004290     nspr4hook.obj
 0001:00003338       ??_C@_1CE@LCKFMDLI@?$AAC?$AAo?$AAm?$AAm?$AAa?$AAn?$AAd?$AA?5?$AAa?$AAc?$AAc?$AAe?$AAp?$AAt?$AAe?$AAd?$AA?4?$AA?$AA@ 0000000001004338     report.obj
 0001:00003360       ??_C@_0DO@JEAKPCEH@C?3?2Zeus?5projects?2last?2src_curren@ 0000000001004360     report.obj
 0001:000033a0       ??_C@_0BI@LJHBNOGJ@defaultSenderResultProc?$AA@ 00000000010043a0     report.obj
 0001:000033b8       ??_C@_17ELODNHHN@?$AAM?$AA?$CD?$AA3?$AA?$AA@ 00000000010043b8     report.obj
 0001:000033c0       ??_C@_1IG@HFIODCPH@?$AAF?$AAi?$AAr?$AAs?$AAt?$AA?5?$AAF?$AAu?$AAn?$AAc?$AAt?$AAi?$AAo?$AAn?$AA?5?$AAc?$AAr?$AAc?$AA3?$AA2?$AA?3?$AA?5?$AA0?$AAx?$AA?$CF?$AAX?$AA?0?$AA?5?$AAP?$AAa?$AAr?$AAa@ 00000000010043c0     report.obj
 0001:00003448       ??_C@_1BG@JECDPJDN@?$AAR?$AAe?$AAs?$AAu?$AAl?$AAt?$AA?3?$AA?5?$AA?$CF?$AAu?$AA?$AA@ 0000000001004448     report.obj
 0001:00003460       ??_C@_1O@NDDDNCOA@?$AAu?$AAr?$AAl?$AA?$DN?$AA?$CF?$AAS?$AA?$AA@ 0000000001004460     report.obj
 0001:00003470       ??_C@_0BL@EPLADIEL@Report?3?3startServerSession?$AA@ 0000000001004470     report.obj
 0001:00003490       ??_C@_1DC@HEEKKCON@?$AAA?$AAb?$AAo?$AAu?$AAt?$AA?5?$AAt?$AAo?$AA?5?$AAs?$AAe?$AAn?$AAd?$AA?5?$AAi?$AAn?$AAs?$AAt?$AAa?$AA?9?$AAd?$AAa?$AAt?$AAa?$AA?$AA@ 0000000001004490     report.obj
 0001:000034c8       ??_C@_0M@BEFEAIFE@instaSender?$AA@ 00000000010044c8     report.obj
 0001:000034d8       ??_C@_1CA@FLJDBGNF@?$AAI?$AAn?$AAs?$AAt?$AAa?$AA?9?$AAd?$AAa?$AAt?$AAa?$AA?5?$AAs?$AAe?$AAn?$AAt?$AA?$AA@ 00000000010044d8     report.obj
 0001:00003500       ??_C@_1GG@MEFCKBEJ@?$AAW?$AAr?$AAi?$AAt?$AAe?$AAd?$AA?5?$AAn?$AAe?$AAw?$AA?5?$AAr?$AAe?$AAp?$AAo?$AAr?$AAt?$AA?3?$AA?5?$AAr?$AAe?$AAt?$AAV?$AAa?$AAl?$AA?$DN?$AA?$CF?$AAu?$AA?0?$AA?5?$AAt?$AAy@ 0000000001004500     report.obj
 0001:00003568       ??_C@_0BC@EGJPAFNN@Report?3?3writeData?$AA@ 0000000001004568     report.obj
 0001:00003580       ??_C@_1GC@LICGEMOH@?$AAU?$AAS?$AAE?$AAR?$AA?1?$AAP?$AAA?$AAS?$AAS?$AA?0?$AA?5?$AAa?$AAr?$AAg?$AAO?$AAf?$AAf?$AAs?$AAe?$AAt?$AA?$DN?$AA?$CF?$AAu?$AA?0?$AA?5?$AAd?$AAa?$AAt?$AAa?$AAS?$AAi?$AAz@ 0000000001004580     sockethook.obj
 0001:000035f0       ??_C@_0EC@HFMIPACO@C?3?2Zeus?5projects?2last?2src_curren@ 00000000010045f0     sockethook.obj
 0001:00003638       ??_C@_0O@JNLODCLH@socketGrabber?$AA@ 0000000001004638     sockethook.obj
 0001:00003648       ??_C@_1BI@BFCCKMOG@?$AAa?$AAr?$AAg?$AAu?$AAm?$AAe?$AAn?$AAt?$AA?$DN?$AA?$CF?$AAs?$AA?$AA@ 0000000001004648     sockethook.obj
 0001:00003660       ??_C@_1GG@NHNJHJCA@?$AAs?$AAo?$AAc?$AAk?$AAe?$AAt?$AAD?$AAa?$AAt?$AAa?$AAS?$AAe?$AAa?$AAr?$AAc?$AAh?$AA?$CI?$AA?$CF?$AAd?$AA?$CJ?$AA?5?$AA?$DN?$AA?$DN?$AA?5?$AAs?$AAo?$AAc?$AAk?$AAe?$AAt?$AAD?$AAa@ 0000000001004660     sockethook.obj
 0001:000036c8       ??_C@_1CA@GKGCBFHI@?$AAp?$AAr?$AAo?$AAt?$AAo?$AAc?$AAo?$AAl?$AAT?$AAy?$AAp?$AAe?$AA?$DN?$AA?$CF?$AAu?$AA?$AA@ 00000000010046c8     sockethook.obj
 0001:000036e8       ??_C@_1CM@OHGECNNC@?$AAI?$AAn?$AAi?$AAt?$AA?5?$AAf?$AAu?$AAn?$AAc?$AAt?$AAi?$AAo?$AAn?$AA?5?$AAc?$AAa?$AAl?$AAl?$AAe?$AAd?$AA?4?$AA?$AA@ 00000000010046e8     spyeye_modules.obj
 0001:00003720       ??_C@_0EG@CAKPCKON@C?3?2Zeus?5projects?2last?2src_curren@ 0000000001004720     spyeye_modules.obj
 0001:00003768       ??_C@_0BF@OHGCOHDD@SeparateThreadWorker?$AA@ 0000000001004768     spyeye_modules.obj
 0001:00003780       ??_C@_1CO@KANINOFO@?$AAS?$AAt?$AAa?$AAr?$AAt?$AA?5?$AAf?$AAu?$AAn?$AAc?$AAt?$AAi?$AAo?$AAn?$AA?5?$AAc?$AAa?$AAl?$AAl?$AAe?$AAd?$AA?4?$AA?$AA@ 0000000001004780     spyeye_modules.obj
 0001:000037b0       ??_C@_1CM@HLHCNKLL@?$AAS?$AAt?$AAo?$AAp?$AA?5?$AAf?$AAu?$AAn?$AAc?$AAt?$AAi?$AAo?$AAn?$AA?5?$AAc?$AAa?$AAl?$AAl?$AAe?$AAd?$AA?4?$AA?$AA@ 00000000010047b0     spyeye_modules.obj
 0001:000037e0       ??_C@_1BI@LLPMNKFE@?$AAR?$AAu?$AAn?$AA?5?$AAc?$AAa?$AAl?$AAl?$AAe?$AAd?$AA?4?$AA?$AA@ 00000000010047e0     spyeye_modules.obj
 0001:000037f8       ??_C@_0CB@PFODKPFI@hackForInterProcessCommunication@ 00000000010047f8     spyeye_modules.obj
 0001:00003820       ??_C@_1DC@KLEPGHOH@?$AAE?$AAv?$AAe?$AAn?$AAt?$AA?5?$AAc?$AAr?$AAe?$AAa?$AAt?$AAi?$AAo?$AAn?$AA?5?$AAf?$AAa?$AAi?$AAl?$AAe?$AAd?$AA?4?$AA?$CD?$AA2?$AA?$AA@ 0000000001004820     spyeye_modules.obj
 0001:00003858       ??_C@_1DI@BGCKNKDL@?$AAE?$AAv?$AAe?$AAn?$AAt?$AA?5?$AA?$CF?$AAu?$AA?5?$AAh?$AAa?$AAs?$AA?5?$AAb?$AAe?$AAe?$AAn?$AA?5?$AAs?$AAi?$AAg?$AAn?$AAa?$AAl?$AAe?$AAd?$AA?$CB?$AA?$AA@ 0000000001004858     spyeye_modules.obj
 0001:00003890       ??_C@_1DC@DJLNPJLH@?$AAC?$AAo?$AAm?$AAm?$AAa?$AAn?$AAd?$AA?5?$AAe?$AAr?$AAr?$AAo?$AAr?$AAs?$AA?5?$AAc?$AAo?$AAu?$AAn?$AAt?$AA?3?$AA?5?$AA?$CF?$AAu?$AA?$AA@ 0000000001004890     spyeye_modules.obj
 0001:000038d0       ??_C@_1EC@KKGNJPCM@?$AAE?$AAx?$AAp?$AAl?$AAo?$AAr?$AAe?$AAr?$AA?5?$AAw?$AAa?$AAi?$AAt?$AAi?$AAn?$AAg?$AA?5?$AAt?$AAh?$AAr?$AAe?$AAa?$AAd?$AA?5?$AAc?$AAr?$AAe?$AAa?$AAt?$AAe?$AAd?$AA?4@ 00000000010048d0     spyeye_modules.obj
 0001:00003918       ??_C@_0BF@LPLODMKJ@SpyEye_Modules?3?3init?$AA@ 0000000001004918     spyeye_modules.obj
 0001:00003930       ??_C@_0BL@CGCNEEPA@Callback_ChangePostRequest?$AA@ 0000000001004930     spyeye_modules.obj
 0001:00003950       ??_C@_0BM@MCFAAJKG@Callback_OnAfterLoadingPage?$AA@ 0000000001004950     spyeye_modules.obj
 0001:00003970       ??_C@_0BL@ICEEAKFJ@Callback_OnBeforeLoadPage3?$AA@ 0000000001004970     spyeye_modules.obj
 0001:00003990       ??_C@_0BM@MPJAAAFP@Callback_OnBeforeProcessUrl?$AA@ 0000000001004990     spyeye_modules.obj
 0001:000039b0       ??_C@_09IOKGKBMN@KeepAlive?$AA@ 00000000010049b0     spyeye_modules.obj
 0001:000039c0       ??_C@_1EM@JDCENNCK@?$AAM?$AAo?$AAd?$AAu?$AAl?$AAe?$AA?5?$AAn?$AAa?$AAm?$AAe?$AA?3?$AA?5?$AA?$CF?$AAs?$AA?$AN?$AA?6?$AA?5?$AAM?$AAo?$AAd?$AAu?$AAl?$AAe?$AA?5?$AAC?$AAr?$AAc?$AA3?$AA2?$AA?3?$AA?5@ 00000000010049c0     spyeye_modules.obj
 0001:00003a10       ??_C@_0BN@BMPIBCKH@SpyEye_Modules?3?3InsertModule?$AA@ 0000000001004a10     spyeye_modules.obj
 0001:00003a30       ??_C@_0BE@HPLNAKLP@TakeGateToCollector?$AA@ 0000000001004a30     spyeye_modules.obj
 0001:00003a48       ??_C@_0BF@LGNBEHGG@TakeGateToCollector2?$AA@ 0000000001004a48     spyeye_modules.obj
 0001:00003a60       ??_C@_0M@GDKOBGMH@TakeBotGuid?$AA@ 0000000001004a60     spyeye_modules.obj
 0001:00003a70       ??_C@_0M@NGFOOCLC@TakeBotPath?$AA@ 0000000001004a70     spyeye_modules.obj
 0001:00003a80       ??_C@_0P@CLNDNNJC@TakeBotVersion?$AA@ 0000000001004a80     spyeye_modules.obj
 0001:00003a90       ??_C@_04LLJCPOLH@Init?$AA@ 0000000001004a90     spyeye_modules.obj
 0001:00003a98       ??_C@_0M@LKLCKOAL@SpyEye_Init?$AA@ 0000000001004a98     spyeye_modules.obj
 0001:00003aa8       ??_C@_08GNIJCMCG@GetState?$AA@ 0000000001004aa8     spyeye_modules.obj
 0001:00003ab8       ??_C@_0BF@KPMKHGCH@TakeGateToCollector3?$AA@ 0000000001004ab8     spyeye_modules.obj
 0001:00003ad0       ??_C@_1FA@NMLJFLMG@?$AAT?$AAa?$AAk?$AAe?$AAG?$AAa?$AAt?$AAe?$AAT?$AAo?$AAC?$AAo?$AAl?$AAl?$AAe?$AAc?$AAt?$AAo?$AAr?$AA3?$AA?5?$AAa?$AAd?$AAd?$AAr?$AAe?$AAs?$AAs?$AA?5?$AAh?$AAa?$AAs@ 0000000001004ad0     spyeye_modules.obj
 0001:00003b20       ??_C@_0CH@LKFFCMDP@SpyEye_Modules?3?3ImageLoadNotifyR@ 0000000001004b20     spyeye_modules.obj
 0001:00003b48       ??_C@_0O@LABFGALP@TakeWriteData?$AA@ 0000000001004b48     spyeye_modules.obj
 0001:00003b58       ??_C@_1CK@MJGBKAOO@?$AAW?$AAr?$AAi?$AAt?$AAe?$AAD?$AAa?$AAt?$AAa?$AA?5?$AAh?$AAa?$AAs?$AA?5?$AAt?$AAa?$AAk?$AAe?$AAn?$AA?4?$AA?$AA@ 0000000001004b58     spyeye_modules.obj
 0001:00003b88       ??_C@_0O@CBDEHMNB@TakeDebugGate?$AA@ 0000000001004b88     spyeye_modules.obj
 0001:00003b98       ??_C@_1CM@PBDNFKJN@?$AAD?$AAe?$AAb?$AAu?$AAg?$AA?5?$AAg?$AAa?$AAt?$AAe?$AA?5?$AAh?$AAa?$AAs?$AA?5?$AAt?$AAa?$AAk?$AAe?$AAn?$AA?4?$AA?$AA@ 0000000001004b98     spyeye_modules.obj
 0001:00003bc4       ??_C@_05FHMJPCKA@Start?$AA@ 0000000001004bc4     spyeye_modules.obj
 0001:00003bd0       ??_C@_0N@JFBPCNFH@SpyEye_Start?$AA@ 0000000001004bd0     spyeye_modules.obj
 0001:00003be0       ??_C@_1DE@DPNEMIGM@?$AAT?$AAr?$AAy?$AAi?$AAn?$AAg?$AA?5?$AAt?$AAo?$AA?5?$AAu?$AAn?$AAl?$AAo?$AAa?$AAd?$AA?5?$AAm?$AAo?$AAd?$AAu?$AAl?$AAe?$AAs?$AA?4?$AA?$AA@ 0000000001004be0     spyeye_modules.obj
 0001:00003c18       ??_C@_0CJ@FFLGJMGA@SpyEye_Modules?3?3ImageUnloadNotif@ 0000000001004c18     spyeye_modules.obj
 0001:00003c50       ??_C@_1GG@JEBBODMJ@?$AAW?$AAe?$AA?5?$AAc?$AAa?$AAn?$AA?8?$AAt?$AA?5?$AAu?$AAn?$AAl?$AAo?$AAa?$AAd?$AA?5?$AAb?$AAe?$AAc?$AAa?$AAu?$AAs?$AAe?$AA?5?$AAm?$AAo?$AAd?$AAu?$AAl?$AAe?$AA?5?$AA?8@ 0000000001004c50     spyeye_modules.obj
 0001:00003cb8       ??_C@_1DM@KJECGEBC@?$AAA?$AAl?$AAl?$AA?5?$AAi?$AAs?$AA?5?$AAo?$AAk?$AA?0?$AA?5?$AAu?$AAn?$AAl?$AAo?$AAa?$AAd?$AAi?$AAn?$AAg?$AA?5?$AAm?$AAo?$AAd?$AAu?$AAl?$AAe?$AAs?$AA?4?$AA?$AA@ 0000000001004cb8     spyeye_modules.obj
 0001:00003cf8       ??_C@_1DO@MIHMKFJM@?$AAM?$AAo?$AAd?$AAu?$AAl?$AAe?$AA?5?$AA?$CF?$AAs?$AA?5?$AAw?$AAo?$AAn?$AA?8?$AAt?$AA?5?$AAs?$AAt?$AAo?$AAp?$AA?4?$AA?5?$AAE?$AAx?$AAi?$AAt?$AAi?$AAn?$AAg?$AA?4?$AA?$AA@ 0000000001004cf8     spyeye_modules.obj
 0001:00003d38       ??_C@_1DO@PBKDANDJ@?$AAM?$AAo?$AAd?$AAu?$AAl?$AAe?$AA?5?$AA?$CF?$AAs?$AA?5?$AAs?$AAu?$AAc?$AAc?$AAe?$AAs?$AAs?$AAf?$AAu?$AAl?$AAy?$AA?5?$AAs?$AAt?$AAo?$AAp?$AAp?$AAe?$AAd?$AA?4?$AA?$AA@ 0000000001004d38     spyeye_modules.obj
 0001:00003d80       ??_C@_1FO@PEBPACGA@?$AAC?$AAa?$AAn?$AA?8?$AAt?$AA?5?$AAu?$AAn?$AAl?$AAo?$AAa?$AAd?$AA?0?$AA?5?$AAa?$AAt?$AA?5?$AAl?$AAe?$AAa?$AAs?$AAt?$AA?5?$AA1?$AA?5?$AAm?$AAo?$AAd?$AAu?$AAl?$AAe?$AA?5@ 0000000001004d80     spyeye_modules.obj
 0001:00003de0       ??_C@_1DG@MPEDNNNI@?$AAF?$AAo?$AAu?$AAn?$AAd?$AAe?$AAd?$AA?5?$AAm?$AAo?$AAd?$AAu?$AAl?$AAe?$AA?5?$AAf?$AAo?$AAr?$AA?5?$AAu?$AAn?$AAl?$AAo?$AAa?$AAd?$AA?4?$AA?$AA@ 0000000001004de0     spyeye_modules.obj
 0001:00003e18       ??_C@_1CK@MGPAPLLJ@?$AAM?$AAo?$AAd?$AAu?$AAl?$AAe?$AA?5?$AAi?$AAs?$AA?5?$AAp?$AAe?$AAr?$AAs?$AAi?$AAs?$AAt?$AAe?$AAn?$AAt?$AA?$AA@ 0000000001004e18     spyeye_modules.obj
 0001:00003e48       ??_C@_1CC@MIHHJLNM@?$AAM?$AAo?$AAd?$AAu?$AAl?$AAe?$AA?5?$AAu?$AAn?$AAl?$AAo?$AAa?$AAd?$AAe?$AAd?$AA?4?$AA?$AA@ 0000000001004e48     spyeye_modules.obj
 0001:00003e70       ??_C@_1CM@IKPNFBLI@?$AAd?$AAa?$AAt?$AAa?$AA?5?$AAo?$AAr?$AA?5?$AAs?$AAi?$AAz?$AAe?$AA?5?$AAi?$AAs?$AA?5?$AAN?$AAU?$AAL?$AAL?$AA?4?$AA?$AA@ 0000000001004e70     spyeye_modules.obj
 0001:00003ea0       ??_C@_0CA@FBEDBFLE@SpyEye_Modules?3?3GateToCollector?$AA@ 0000000001004ea0     spyeye_modules.obj
 0001:00003ec0       ??_C@_1CI@OLILPDKK@?$AAT?$AAi?$AAt?$AAl?$AAe?$AA?5?$AAs?$AAi?$AAz?$AAe?$AA?5?$AAi?$AAs?$AA?5?$AAN?$AAU?$AAL?$AAL?$AA?4?$AA?$AA@ 0000000001004ec0     spyeye_modules.obj
 0001:00003ee8       ??_C@_1CO@LPFKLGDH@?$AAc?$AAo?$AAu?$AAn?$AAt?$AAO?$AAf?$AAF?$AAi?$AAe?$AAl?$AAd?$AAs?$AA?5?$AAi?$AAs?$AA?5?$AAN?$AAU?$AAL?$AAL?$AA?4?$AA?$AA@ 0000000001004ee8     spyeye_modules.obj
 0001:00003f20       ??_C@_1FG@EALBKPMK@?$AAS?$AAt?$AAa?$AAr?$AAt?$AAi?$AAn?$AAg?$AA?5?$AAt?$AAo?$AA?5?$AAp?$AAa?$AAr?$AAs?$AAe?$AA?5?$AAd?$AAa?$AAt?$AAa?$AA?4?$AA?5?$AAt?$AAi?$AAt?$AAl?$AAe?$AA?$DN?$AA?$CF?$AAs@ 0000000001004f20     spyeye_modules.obj
 0001:00003f78       ??_C@_0L@EJINENFP@?$CFs?3?5?$CFs?$AN?6?$AN?6?$AA@ 0000000001004f78     spyeye_modules.obj
 0001:00003f88       ??_C@_1DI@LLLDIELJ@?$AAC?$AAa?$AAn?$AA?8?$AAt?$AA?5?$AAa?$AAl?$AAl?$AAo?$AAc?$AAa?$AAt?$AAe?$AA?5?$AAf?$AAo?$AAr?$AA?5?$AAs?$AAt?$AAr?$AAi?$AAn?$AAg?$AAW?$AA?4?$AA?$AA@ 0000000001004f88     spyeye_modules.obj
 0001:00003fc0       ??_C@_1EC@JFIKLNKN@?$AAS?$AAu?$AAc?$AAc?$AAe?$AAs?$AAs?$AAf?$AAu?$AAl?$AAy?$AA?5?$AAw?$AAr?$AAi?$AAt?$AAt?$AAe?$AAn?$AA?5?$AAr?$AAe?$AAp?$AAo?$AAr?$AAt?$AA?4?$AA?5?$AA?$AN?$AA?6?$AA?$CF?$AAs@ 0000000001004fc0     spyeye_modules.obj
 0001:00004008       ??_C@_1DK@GLLNFOHJ@?$AAC?$AAa?$AAn?$AA?8?$AAt?$AA?5?$AAs?$AAe?$AAn?$AAd?$AA?5?$AAt?$AAh?$AAi?$AAs?$AA?5?$AAr?$AAe?$AAp?$AAo?$AAr?$AAt?$AA?4?$AA?5?$AA?$AN?$AA?6?$AA?$CF?$AAs?$AA?$AA@ 0000000001005008     spyeye_modules.obj
 0001:00004050       ??_C@_1HC@EJILKIML@?$AAG?$AAa?$AAt?$AAe?$AAT?$AAo?$AAC?$AAo?$AAl?$AAl?$AAe?$AAc?$AAt?$AAo?$AAr?$AA2?$AA?5?$AAc?$AAa?$AAl?$AAl?$AAe?$AAd?$AA?4?$AA?5?$AAR?$AAe?$AAd?$AAi?$AAr?$AAe?$AAc@ 0000000001005050     spyeye_modules.obj
 0001:000040c8       ??_C@_0CB@CBCNGAPB@SpyEye_Modules?3?3GateToCollector2@ 00000000010050c8     spyeye_modules.obj
 0001:000040f0       ??_C@_17OBOKBPPG@?$AAM?$AA?$CD?$AA1?$AA?$AA@ 00000000010050f0     spyeye_modules.obj
 0001:000040f8       ??_C@_0CA@DOPNIAJ@SpyEye_Modules?3?3ExecuteCommands?$AA@ 00000000010050f8     spyeye_modules.obj
 0001:00004118       ??_C@_19DFGBJFKC@?$AAS?$AAM?$AA?$CD?$AA1?$AA?$AA@ 0000000001005118     spyeye_modules.obj
 0001:00004128       ??_C@_1BA@HBABGGLB@?$AAC?$AAM?$AAD?$AAS?$AA?5?$AA?$CF?$AAu?$AA?$AA@ 0000000001005128     spyeye_modules.obj
 0001:00004138       ??_C@_19HBDLDOEK@?$AAC?$AAT?$AA?$CD?$AA1?$AA?$AA@ 0000000001005138     spyeye_modules.obj
 0001:00004148       ??_C@_1BA@NFNFPJEE@?$AAF?$AA?$CD?$AA1?$AA?$HM?$AAM?$AA?$CD?$AA2?$AA?$AA@ 0000000001005148     spyeye_modules.obj
 0001:00004158       ??_C@_1BI@HNFBPCAC@?$AAR?$AAe?$AAm?$AAa?$AAi?$AAn?$AAe?$AAd?$AA?5?$AA?$CF?$AAu?$AA?$AA@ 0000000001005158     spyeye_modules.obj
 0001:00004170       ??_C@_1EI@DOAHPBEO@?$AAF?$AAa?$AAi?$AAl?$AAe?$AAd?$AA?5?$AAt?$AAo?$AA?5?$AAu?$AAn?$AAh?$AAo?$AAo?$AAk?$AA?5?$AAW?$AAi?$AAn?$AAA?$AAp?$AAi?$AA?5?$AAa?$AAt?$AA?5?$AAi?$AAn?$AAd?$AAe?$AAx@ 0000000001005170     winapitables.obj
 0001:000041c0       ??_C@_0EE@DJLBKCAL@C?3?2Zeus?5projects?2last?2src_curren@ 00000000010051c0     winapitables.obj
 0001:00004208       ??_C@_0L@ODFHLBGF@unhookList?$AA@ 0000000001005208     winapitables.obj
 0001:00004218       ??_C@_1DK@MECIPOOE@?$AAc?$AAo?$AAu?$AAn?$AAt?$AA?5?$AA?$CB?$AA?$DN?$AA?5?$AAr?$AAe?$AAa?$AAl?$AAC?$AAo?$AAu?$AAn?$AAt?$AA?0?$AA?5?$AA?$CF?$AAu?$AA?5?$AA?$CB?$AA?$DN?$AA?5?$AA?$CF?$AAu?$AA?$AA@ 0000000001005218     winapitables.obj
 0001:00004258       ??_C@_08COICNOFF@hookList?$AA@ 0000000001005258     winapitables.obj
 0001:00004270       ??_C@_1EA@JBNBCKIE@?$AAN?$AAU?$AAL?$AAL?$AA?5?$AAW?$AAi?$AAn?$AAA?$AAp?$AAi?$AA?5?$AAf?$AAo?$AAu?$AAn?$AAd?$AAe?$AAd?$AA?5?$AAa?$AAt?$AA?5?$AAi?$AAn?$AAd?$AAe?$AAx?$AA?5?$AA?$CF?$AAu?$AA?$AA@ 0000000001005270     winapitables.obj
 0001:000042b0       ??_C@_1EE@EEAKHMK@?$AAF?$AAa?$AAi?$AAl?$AAe?$AAd?$AA?5?$AAt?$AAo?$AA?5?$AAh?$AAo?$AAo?$AAk?$AA?5?$AAW?$AAi?$AAn?$AAA?$AAp?$AAi?$AA?5?$AAa?$AAt?$AA?5?$AAi?$AAn?$AAd?$AAe?$AAx?$AA?5?$AA?$CF@ 00000000010052b0     winapitables.obj
 0001:000042f8       ??_C@_1CM@PFPIIJCF@?$AAU?$AAn?$AAk?$AAn?$AAo?$AAw?$AAn?$AA?5?$AAr?$AAe?$AAq?$AAu?$AAe?$AAs?$AAt?$AA?$DN?$AA0?$AAx?$AA?$CF?$AAp?$AA?4?$AA?$AA@ 00000000010052f8     wininethook.obj
 0001:00004330       ??_C@_0ED@NMPNIJED@C?3?2Zeus?5projects?2last?2src_curren@ 0000000001005330     wininethook.obj
 0001:00004378       ??_C@_0BH@DGMEEPHM@readAllContextCallback?$AA@ 0000000001005378     wininethook.obj
 0001:00004390       ??_C@_0BD@CFFEDIIA@onInternetReadFile?$AA@ 0000000001005390     wininethook.obj
 0001:000043b0       ??_C@_1IE@NAHGABNM@?$AAC?$AAh?$AAa?$AAn?$AAg?$AAe?$AAd?$AA?5?$AAl?$AAo?$AAc?$AAa?$AAl?$AA?5?$AAc?$AAa?$AAc?$AAh?$AAe?$AA?5?$AAu?$AAr?$AAl?$AAW?$AA?$DN?$AA?$CC?$AA?$CF?$AAs?$AA?$CC?$AA?0?$AA?5?$AAc@ 00000000010053b0     wininethook.obj
 0001:00004440       ??_C@_1EC@MLLMDOLD@?$AAW?$AAi?$AAn?$AAi?$AAn?$AAe?$AAt?$AA?3?$AA?3?$AA_?$AAq?$AAu?$AAe?$AAr?$AAy?$AAO?$AAp?$AAt?$AAi?$AAo?$AAn?$AAE?$AAx?$AAA?$AA?5?$AAf?$AAa?$AAi?$AAl?$AAe?$AAd?$AA?4@ 0000000001005440     wininethook.obj
 0001:00004488       ??_C@_1BM@EMCIHKNI@?$AAU?$AAn?$AAk?$AAn?$AAo?$AAw?$AAn?$AA?5?$AAv?$AAe?$AAr?$AAb?$AA?4?$AA?$AA@ 0000000001005488     wininethook.obj
 0001:000044a8       ??_C@_0BC@KJPBHILH@onHttpSendRequest?$AA@ 00000000010054a8     wininethook.obj
 0001:000044c0       ??_C@_1DM@GNIGPHHA@?$AA?$CI?$AAw?$AAc?$AA?9?$AA?$DO?$AAi?$AAn?$AAj?$AAe?$AAc?$AAt?$AAs?$AA?5?$AA?$CB?$AA?$DN?$AA?5?$AAN?$AAU?$AAL?$AAL?$AA?$CJ?$AA?5?$AA?$DN?$AA?$DN?$AA?5?$AAt?$AAr?$AAu?$AAe?$AA?$AA@ 00000000010054c0     wininethook.obj
 0001:00004500       ??_C@_1O@IJNLMC@?$AAC?$AAa?$AAl?$AAl?$AAe?$AAd?$AA?$AA@ 0000000001005500     wininethook.obj
 0001:00004510       ??_C@_0CH@EFEPFMOA@WininetHook?3?3hookerInternetClose@ 0000000001005510     wininethook.obj
 0001:00004538       ??_C@_0CE@INNJAKGO@WininetHook?3?3hookerInternetReadF@ 0000000001005538     wininethook.obj
 0001:00004560       ??_C@_0CH@FIODILPO@WininetHook?3?3hookerInternetReadF@ 0000000001005560     wininethook.obj
 0001:00004588       ??_C@_0CO@KBAAGMKG@WininetHook?3?3hookerInternetQuery@ 0000000001005588     wininethook.obj
 0001:000045b8       ?reallocEx@Mem@@YA_NPEAX_K@Z 00000000010055b8 f   common.obj
 0001:00004610       ?alloc@Mem@@YAPEAX_K@Z     0000000001005610 f   common.obj
 0001:00004634       ?free@Mem@@YAXPEAX@Z       0000000001005634 f   common.obj
 0001:00004668       ?freeArrayOfPointers@Mem@@YAXPEAX_K@Z 0000000001005668 f   common.obj
 0001:000046a8       ?copyEx@Mem@@YAPEAXPEBX_K@Z 00000000010056a8 f   common.obj
 0001:000046f8       ?_compare@Mem@@YAHPEBX0_K@Z 00000000010056f8 f   common.obj
 0001:0000472c       ?_findData@Mem@@YAPEAXPEBX_KPEAX1@Z 000000000100572c f   common.obj
 0001:00004790       ?_getTime@Time@@YAKXZ      0000000001005790 f   common.obj
 0001:00004b4c       ?_CopyW@Str@@YAXPEA_WPEB_WH@Z 0000000001005b4c f   common.obj
 0001:00004ba4       ?_CopyExW@Str@@YAPEA_WPEA_WH@Z 0000000001005ba4 f   common.obj
 0001:00004c08       ?_CopyA@Str@@YAXPEADPEBDH@Z 0000000001005c08 f   common.obj
 0001:00004c58       ?_CopyExA@Str@@YAPEADPEADH_N@Z 0000000001005c58 f   common.obj
 0001:00004cac       ?_hexStringToDwordA@Str@@YAKPEAD@Z 0000000001005cac f   common.obj
 0001:00004cfc       ?_CompareA@Str@@YAHPEBD0HH@Z 0000000001005cfc f   common.obj
 0001:00004de8       ?_sprintfW@Str@@YAHPEA_WHPEB_WZZ 0000000001005de8 f   common.obj
 0001:00004e08       ?_sprintfA@Str@@YAHPEADHPEBDZZ 0000000001005e08 f   common.obj
 0001:00004e74       ?_vsprintfW@Str@@YAHPEA_WHPEB_WPEAD@Z 0000000001005e74 f   common.obj
 0001:00004eec       ?_sprintfExW@Str@@YAHPEAPEA_WPEB_WZZ 0000000001005eec f   common.obj
 0001:00004f3c       ?_sprintfExA@Str@@YAHPEAPEADPEBDZZ 0000000001005f3c f   common.obj
 0001:00004f8c       ?_utf8FromUnicode@Str@@YA_NQEA_WHPEAUUTF8STRING@1@@Z 0000000001005f8c f   common.obj
 0001:000050d0       ?_matchA@Str@@YA_NPEAUMATCHDATAA@1@@Z 00000000010060d0 f   common.obj
 0001:00005518       ?_md5Hash@Crypt@@YA_NPEAEPEAXK@Z 0000000001006518 f   common.obj
 0001:000055fc       ?mtRand@Crypt@@YAKXZ       00000000010065fc f   common.obj
 0001:0000573c       ?mtRandRange@Crypt@@YAKKK@Z 000000000100673c f   common.obj
 0001:00005778       ?crc32Hash@Crypt@@YAKPEBXK@Z 0000000001006778 f   common.obj
 0001:00005804       ?_rc4@Crypt@@YAXPEAXKPEAURC4KEY@1@@Z 0000000001006804 f   common.obj
 0001:00005878       ?_base64Decode@Crypt@@YAPEAEPEAD_KPEA_K@Z 0000000001006878 f   common.obj
 0001:00005998       ?_getIntegrityLevel@Process@@YAEPEAX@Z 0000000001006998 f   common.obj
 0001:00005a80       ?_createThread@Process@@YAK_KP6AKPEAX@Z1@Z 0000000001006a80 f   common.obj
 0001:00005c10       ?WriteString@DebugClient@@YAXPEAD0KEPEA_WZZ 0000000001006c10 f   common.obj
 0001:00005fe8       ?_Connect@Wininet@@YAPEAXPEAD0GK@Z 0000000001006fe8 f   common.obj
 0001:000060c4       ?_CloseConnection@Wininet@@YAXPEAX@Z 00000000010070c4 f   common.obj
 0001:00006150       ?_SendRequest@Wininet@@YAPEAXPEAXPEAD10KK@Z 0000000001007150 f   common.obj
 0001:00006330       ?_DownloadData@Wininet@@YA_NPEAXPEAUMEMDATA@@K0@Z 0000000001007330 f   common.obj
 0001:000063f4       ?_GetIEUserAgent@Wininet@@YAPEADXZ 00000000010073f4 f   common.obj
 0001:000064a0       ?_queryOptionExA@Wininet@@YAPEAXPEAXKPEAK@Z 00000000010074a0 f   common.obj
 0001:00006524       ?_queryOptionExW@Wininet@@YAPEAXPEAXKPEAK@Z 0000000001007524 f   common.obj
 0001:0000659c       ?_queryInfoExA@Wininet@@YAPEADPEAXKPEAK1@Z 000000000100759c f   common.obj
 0001:00006628       ?_DecompressNRV2B@UCL@@YA_NPEAEK0PEAK@Z 0000000001007628 f   common.obj
 0001:00006850       ?_setLowIntegrityLevelLabel@WinSecurity@@YA_NPEA_WK_N@Z 0000000001007850 f   common.obj
 0001:0000696c       ?_getValueAsDword@Registry@@YAKPEAUHKEY__@@QEA_WPEA_W@Z 000000000100796c f   common.obj
 0001:00006a00       ?_setValueAsBinary@Registry@@YA_NPEAUHKEY__@@QEA_W1KPEBXK@Z 0000000001007a00 f   common.obj
 0001:00006b00       ?_hook@WaHook@@YAKPEAX000P6AXPEBX1@Z@Z 0000000001007b00 f   common.obj
 0001:00006cbc       ?_getSectionOfModule@PeImage@@YAPEAXPEAUHINSTANCE__@@GPEAK@Z 0000000001007cbc f   common.obj
 0001:00006d20       ?_parseUrl@HttpTools@@YA_NQEADPEAUURLDATA@1@@Z 0000000001007d20 f   common.obj
 0001:00006e68       ?_compareTagNameA@HttpTools@@YA_NQEADK0@Z 0000000001007e68 f   common.obj
 0001:00006ed0       ?_removeTagsA@HttpTools@@YAKPEADK@Z 0000000001007ed0 f   common.obj
 0001:000070a4       ?_getMimeHeader@HttpTools@@YAPEADPEBXKQEADPEAK@Z 00000000010080a4 f   common.obj
 0001:0000725c       ?_removeMimeHeader@HttpTools@@YAKPEAXKPEAD@Z 000000000100825c f   common.obj
 0001:0000734c       ?_modifyMimeHeader@HttpTools@@YAKPEAXKQEAD1@Z 000000000100834c f   common.obj
 0001:000074ec       ?_parseAuthorization@HttpTools@@YA_NQEADKPEAPEA_W1@Z 00000000010084ec f   common.obj
 0001:000075e4       ?_saveToFile@Fs@@YA_NQEA_WPEBXK@Z 00000000010085e4 f   common.obj
 0001:00007684       ?_removeFile@Fs@@YA_NPEA_W@Z 0000000001008684 f   common.obj
 0001:000076ac       ?_pathCombine@Fs@@YA_NPEA_WQEA_W1@Z 00000000010086ac f   common.obj
 0001:000076dc       ?_checkHash@BinStorage@@YA_NPEAUSTORAGE@1@@Z 00000000010086dc f   common.obj
 0001:00007744       ?_addItem@BinStorage@@YA_NPEAPEAUSTORAGE@1@KKPEAXK@Z 0000000001008744 f   common.obj
 0001:000077e0       ?_addItemAsUtf8StringW@BinStorage@@YA_NPEAPEAUSTORAGE@1@KKPEA_W@Z 00000000010087e0 f   common.obj
 0001:0000784c       ?_addItemAsUtf8StringA@BinStorage@@YA_NPEAPEAUSTORAGE@1@KKPEAD@Z 000000000100884c f   common.obj
 0001:000078f8       ?_getNextItem@BinStorage@@YAPEAUITEM@1@PEBUSTORAGE@1@PEAU21@@Z 00000000010088f8 f   common.obj
 0001:00007938       ?_getItem@BinStorage@@YAPEAUITEM@1@PEBUSTORAGE@1@KK@Z 0000000001008938 f   common.obj
 0001:00007974       ?_getItemData@BinStorage@@YAPEAXPEBUITEM@1@@Z 0000000001008974 f   common.obj
 0001:000079ec       ?_getItemDataEx@BinStorage@@YAPEAXPEBUSTORAGE@1@KKPEAK@Z 00000000010089ec f   common.obj
 0001:00007a3c       ?_pack@BinStorage@@YAKPEAPEAUSTORAGE@1@KPEAURC4KEY@Crypt@@@Z 0000000001008a3c f   common.obj
 0001:00007c64       ?_unpack@BinStorage@@YAKPEAPEAUSTORAGE@1@PEAXKPEAURC4KEY@Crypt@@@Z 0000000001008c64 f   common.obj
 0001:00007cfc       ?_getA@CryptedStrings@@YAXGPEAD@Z 0000000001008cfc f   cryptedstrings.obj
 0001:00007d4c       ?_getW@CryptedStrings@@YAXGPEA_W@Z 0000000001008d4c f   cryptedstrings.obj
 0001:00007dac       ?_cmpA@CryptedStrings@@YA_NKPEADH@Z 0000000001008dac f   cryptedstrings.obj
 0001:00007e28       ?_cmpiW@CryptedStrings@@YA_NKPEA_WH@Z 0000000001008e28 f   cryptedstrings.obj
 0001:00007eb4       ?getRc4Key@DllConfig@@YAXPEAURC4KEY@Crypt@@@Z 0000000001008eb4 f   dllconfig.obj
 0001:00007f2c       ?getCurrent@DllConfig@@YAPEAUSTORAGE@BinStorage@@XZ 0000000001008f2c f   dllconfig.obj
 0001:00007ff8       ?__GetProcAddress@DllCore@@YAPEAXPEAUHINSTANCE__@@PEAD@Z 0000000001008ff8 f   DllCore.obj
 0001:00008310       ?init@DllCore@@YA_NPEAUHINSTANCE__@@K@Z 0000000001009310 f   DllCore.obj
 0001:00008604       ?uninit@DllCore@@YAXXZ     0000000001009604 f   DllCore.obj
 0001:0000865c       ?coreStart@DllCore@@YA_NPEAUHINSTANCE__@@@Z 000000000100965c f   DllCore.obj
 0001:00008718       ?bootStrap@DllCore@@YAXPEAUHINSTANCE__@@_N@Z 0000000001009718 f   DllCore.obj
 0001:0000888c       DllMain                    000000000100988c f   DllCore.obj
 0001:000088b0       ?_matchUrlA@HttpGrabber@@YA_NQEAD0KK@Z 00000000010098b0 f   httpgrabber.obj
 0001:00008f34       ?analizeRequestData@HttpGrabber@@YAKPEAUREQUESTDATA@1@@Z 0000000001009f34 f   httpgrabber.obj
 0001:00009598       ?_executeInjects@HttpGrabber@@YA_NQEADPEAPEAEPEAKPEBUINJECTFULLDATA@1@K@Z 000000000100a598 f   httpgrabber.obj
 0001:00009d78       ?_freeInjectFullDataList@HttpGrabber@@YAXPEAUINJECTFULLDATA@1@K@Z 000000000100ad78 f   httpgrabber.obj
 0001:0000a328       ?updateAddresses@Nspr4Hook@@YAXPEAUHINSTANCE__@@PEAX1111@Z 000000000100b328 f   nspr4hook.obj
 0001:0000aff8       ?hookerPrOpenTcpSocket@Nspr4Hook@@YAPEAXH@Z 000000000100bff8 f   nspr4hook.obj
 0001:0000b060       ?hookerPrClose@Nspr4Hook@@YAHPEAX@Z 000000000100c060 f   nspr4hook.obj
 0001:0000b0ec       ?hookerPrRead@Nspr4Hook@@YAHPEAX0H@Z 000000000100c0ec f   nspr4hook.obj
 0001:0000b9bc       ?hookerPrWrite@Nspr4Hook@@YAHPEAXPEBXH@Z 000000000100c9bc f   nspr4hook.obj
 0001:0000c00c       ?hookerPrPoll@Nspr4Hook@@YAHPEAUPRPOLLDESC@@HI@Z 000000000100d00c f   nspr4hook.obj
 0001:0000c108       ?_getVersion@OsEnv@@YAKXZ  000000000100d108 f   osenv.obj
 0001:0000c1e4       ?_getVersionEx@OsEnv@@YAXPEAUOSINFO@1@@Z 000000000100d1e4 f   osenv.obj
 0001:0000c28c       ?_generateBotId@OsEnv@@YAXPEA_W@Z 000000000100d28c f   osenv.obj
 0001:0000c4c8       ?addBasicInfo@Report@@YA_NPEAPEAUSTORAGE@BinStorage@@K@Z 000000000100d4c8 f   report.obj
 0001:0000c990       ?startServerSession@Report@@YA_NPEAU_SERVERSESSION@1@@Z 000000000100d990 f   report.obj
 0001:0000cd30       ?writeData@Report@@YA_NKPEA_WPEAXK@Z 000000000100dd30 f   report.obj
 0001:0000ce80       ?writeString@Report@@YA_NKPEA_W0K@Z 000000000100de80 f   report.obj
 0001:0000ceec       ?writeCaptcha@Report@@YA_NPEA_WPEAXK@Z 000000000100deec f   report.obj
 0001:0000d5e8       ?hookerCloseSocket@SocketHook@@YAH_K@Z 000000000100e5e8 f   sockethook.obj
 0001:0000d628       ?hookerSend@SocketHook@@YAH_KPEBDHH@Z 000000000100e628 f   sockethook.obj
 0001:0000d690       ?hookerWsaSend@SocketHook@@YAH_KPEAU_WSABUF@@KPEAKKPEAU_OVERLAPPED@@P6AXKK3K@Z@Z 000000000100e690 f   sockethook.obj
 0001:0000d730       ?hookerConnect@SocketHook@@YAH_KPEBUsockaddr@@H@Z 000000000100e730 f   sockethook.obj
 0001:0000d738       ?hookerWSAConnect@SocketHook@@YAH_KPEBUsockaddr@@HPEAU_WSABUF@@2PEAU_QualityOfService@@3@Z 000000000100e738 f   sockethook.obj
 0001:0000db84       ?InsertModule@SpyEye_Modules@@YAPEAU_LOADED_MODULE@1@PEAXPEAD@Z 000000000100eb84 f   spyeye_modules.obj
 0001:0000dd14       ?ImageLoadNotifyRoutine@SpyEye_Modules@@YAKPEAXPEAD1@Z 000000000100ed14 f   spyeye_modules.obj
 0001:0000e090       ?ImageUnloadNotifyRoutine@SpyEye_Modules@@YAKPEAXPEAD@Z 000000000100f090 f   spyeye_modules.obj
 0001:0000e294       ?GateToCollector3@SpyEye_Modules@@YAHKPEA_W0K@Z 000000000100f294 f   spyeye_modules.obj
 0001:0000e2b0       ?WriteData@SpyEye_Modules@@YAHKPEA_WPEAXK@Z 000000000100f2b0 f   spyeye_modules.obj
 0001:0000e2c4       ?GateToCollector@SpyEye_Modules@@YAXPEAEK@Z 000000000100f2c4 f   spyeye_modules.obj
 0001:0000e4a8       ?GateToCollector2@SpyEye_Modules@@YAXPEAEK@Z 000000000100f4a8 f   spyeye_modules.obj
 0001:0000e4f4       ?ExecuteCommands@SpyEye_Modules@@YAKPEAU_COMMAND_LIST@1@@Z 000000000100f4f4 f   spyeye_modules.obj
 0001:0000ec44       ?_setNspr4Hooks@WinApiTables@@YA_NPEAUHINSTANCE__@@@Z 000000000100fc44 f   winapitables.obj
 0001:0000fc6c       ?hookerHttpSendRequestW@WininetHook@@YAHPEAXPEA_WK0K@Z 0000000001010c6c f   wininethook.obj
 0001:0000fd0c       ?hookerHttpSendRequestA@WininetHook@@YAHPEAXPEADK0K@Z 0000000001010d0c f   wininethook.obj
 0001:0000fdac       ?hookerHttpSendRequestExW@WininetHook@@YAHPEAXPEAU_INTERNET_BUFFERSW@@1K_K@Z 0000000001010dac f   wininethook.obj
 0001:0000fe88       ?hookerHttpSendRequestExA@WininetHook@@YAHPEAXPEAU_INTERNET_BUFFERSA@@1K_K@Z 0000000001010e88 f   wininethook.obj
 0001:0000ff64       ?hookerInternetCloseHandle@WininetHook@@YAHPEAX@Z 0000000001010f64 f   wininethook.obj
 0001:00010014       ?hookerInternetReadFile@WininetHook@@YAHPEAX0KPEAK@Z 0000000001011014 f   wininethook.obj
 0001:000100c0       ?hookerInternetReadFileExA@WininetHook@@YAHPEAXPEAU_INTERNET_BUFFERSA@@K_K@Z 00000000010110c0 f   wininethook.obj
 0001:00010170       ?hookerInternetQueryDataAvailable@WininetHook@@YAHPEAXPEAKK_K@Z 0000000001011170 f   wininethook.obj
 0001:00010960       start                      0000000001011960     LDE64x64:LDE64.obj
 0001:00010960       LDE                        0000000001011960     LDE64x64:LDE64.obj
 0001:00013878       __IMPORT_DESCRIPTOR_KERNEL32 0000000001014878     kernel32:KERNEL32.dll
 0001:0001388c       __IMPORT_DESCRIPTOR_USER32 000000000101488c     user32:USER32.dll
 0001:000138a0       __IMPORT_DESCRIPTOR_ADVAPI32 00000000010148a0     advapi32:ADVAPI32.dll
 0001:000138b4       __IMPORT_DESCRIPTOR_SHLWAPI 00000000010148b4     shlwapi:SHLWAPI.dll
 0001:000138c8       __IMPORT_DESCRIPTOR_SHELL32 00000000010148c8     shell32:SHELL32.dll
 0001:000138dc       __IMPORT_DESCRIPTOR_Secur32 00000000010148dc     secur32:Secur32.dll
 0001:000138f0       __IMPORT_DESCRIPTOR_ole32  00000000010148f0     ole32:ole32.dll
 0001:00013904       __IMPORT_DESCRIPTOR_WS2_32 0000000001014904     ws2_32:WS2_32.dll
 0001:00013918       __IMPORT_DESCRIPTOR_WININET 0000000001014918     wininet:WININET.dll
 0001:0001392c       __NULL_IMPORT_DESCRIPTOR   000000000101492c     kernel32:KERNEL32.dll
 0002:000012e0       ?coreDllData@@3UCOREDLLDATA@@A 00000000010172e0     DllCore.obj
 0002:00001780       ?cs@@3U_RTL_CRITICAL_SECTION@@A 0000000001017780     spyeye_modules.obj
 0002:00001880       ?Loaded_Module_List@@3ULOADED_MODULE_LIST@SpyEye_Modules@@A 0000000001017880     spyeye_modules.obj

 entry point at        0001:0000888c

 Static symbols

 0001:000047dc       ?unicodeToX@@YAHKQEA_WHPEADH@Z 00000000010057dc f    CIL library: CIL module
 0001:00004858       ?unicodeToXEx@@YAPEADKQEA_WH@Z 0000000001005858 f    CIL library: CIL module
 0001:000048fc       ?xToUnicode@@YAHKQEADHPEA_WH@Z 00000000010058fc f    CIL library: CIL module
 0001:0000496c       ?xToUnicodeEx@@YAPEA_WKPEADH@Z 000000000100596c f    CIL library: CIL module
 0001:00004a10       ?vsprintfHelperExW@@YAKPEAPEA_WKQEA_WPEAD@Z 0000000001005a10 f    CIL library: CIL module
 0001:00004ab8       ?vsprintfHelperExA@@YAKPEAPEADKQEADPEAD@Z 0000000001005ab8 f    CIL library: CIL module
 0001:00005010       ?_findCharCaseInsensitiveFastA@@YAPEADQEADDK@Z 0000000001006010 f    CIL library: CIL module
 0001:0000504c       ?_findCharCaseInsensitiveSlowA@@YAPEADQEADDK@Z 000000000100604c f    CIL library: CIL module
 0001:000050a8       ?_findCharCaseSensitiveA@@YAPEADQEADDK@Z 00000000010060a8 f    CIL library: CIL module
 0001:00005abc       ?OpenLogFile@@YAPEAXXZ     0000000001006abc f    CIL library: CIL module
 0001:00005f30       ?DebugException@@YAJPEAU_EXCEPTION_POINTERS@@@Z 0000000001006f30 f    CIL library: CIL module
 0001:00006aa0       ?checkAvalibleBytes@@YA_KPEAX0@Z 0000000001007aa0 f    CIL library: CIL module
 0001:00008090       ?initHooks@@YA_NK@Z        0000000001009090 f    CIL library: CIL module
 0001:00008228       ?unInitHooks@@YA_NK@Z      0000000001009228 f    CIL library: CIL module
 0001:000088fc       ?isThereCC@@YA_NPEADH@Z    00000000010098fc f    CIL library: CIL module
 0001:00008b18       ?checkRequestForInject@@YA_NPEAUREQUESTDATA@HttpGrabber@@@Z 0000000001009b18 f    CIL library: CIL module
 0001:00009dd4       ?connectionFind@@YAPEAUNSPR4CONNECTION@@PEBUPRFILEDESC@@@Z 000000000100add4 f    CIL library: CIL module
 0001:00009e44       ?connectionAdd@@YAPEAUNSPR4CONNECTION@@PEBUPRFILEDESC@@@Z 000000000100ae44 f    CIL library: CIL module
 0001:00009f10       ?connectionRemove@@YAXPEAUNSPR4CONNECTION@@@Z 000000000100af10 f    CIL library: CIL module
 0001:00009fe0       ?enumProfiles@@YAXP6A_NQEA_WPEAX@Z1@Z 000000000100afe0 f    CIL library: CIL module
 0001:0000a1b4       ?enumProfilesForUserJs@@YA_NQEA_WPEAX@Z 000000000100b1b4 f    CIL library: CIL module
 0001:0000a430       ?fillRequestData@@YAKPEAUREQUESTDATA@HttpGrabber@@PEBUPRFILEDESC@@PEBXK@Z 000000000100b430 f    CIL library: CIL module
 0001:0000a8b8       ?analizeHttpResponse@@YAHPEAUHTTPREQUESTINFO@@PEBXK@Z 000000000100b8b8 f    CIL library: CIL module
 0001:0000ac9c       ?analizeHttpResponseBody@@YAHPEAUHTTPREQUESTINFO@@QEAEK_NPEAPEAXPEAK@Z 000000000100bc9c f    CIL library: CIL module
 0001:0000c758       ?defaultSenderRequestProc@@YAHKPEAU_SERVERSESSION@Report@@@Z 000000000100d758 f    CIL library: CIL module
 0001:0000c75c       ?defaultSenderResultProc@@YAHKPEAU_SERVERSESSION@Report@@@Z 000000000100d75c f    CIL library: CIL module
 0001:0000cc28       ?instaSender@@YAKPEAX@Z    000000000100dc28 f    CIL library: CIL module
 0001:0000cff0       ?socketDataSearch@@YAPEAUSOCKETDATA@@_K@Z 000000000100dff0 f    CIL library: CIL module
 0001:0000d074       ?socketDataFree@@YAXPEAUSOCKETDATA@@@Z 000000000100e074 f    CIL library: CIL module
 0001:0000d0fc       ?socketGrabber@@YA_N_KQEAEK@Z 000000000100e0fc f    CIL library: CIL module
 0001:0000d768       ?PeImageDirectoryEntryToData@@YAPEAXPEAXEKPEAKE@Z 000000000100e768 f    CIL library: CIL module
 0001:0000d7e8       ?PeGetProcAddress@@YAPEAXPEAXPEADE@Z 000000000100e7e8 f    CIL library: CIL module
 0001:0000d870       ?SeparateThreadWorker@@YAKPEAX@Z 000000000100e870 f    CIL library: CIL module
 0001:0000d95c       ?hackForInterProcessCommunication@@YAKPEAX@Z 000000000100e95c f    CIL library: CIL module
 0001:0000e7bc       ?unhookList@@YA_NPEAXPEAUHOOKWINAPI@@K@Z 000000000100f7bc f    CIL library: CIL module
 0001:0000e8ec       ?hotPatchCallback@@YAXPEBX0@Z 000000000100f8ec f    CIL library: CIL module
 0001:0000ea28       ?hookList@@YA_NPEAXPEAUHOOKWINAPI@@KK@Z 000000000100fa28 f    CIL library: CIL module
 0001:0000eb94       ?delayHooker@@YAKPEAX@Z    000000000100fb94 f    CIL library: CIL module
 0001:0000ed70       ?connectionFind@@YAPEAUWININETCONNECTION@@PEAX@Z 000000000100fd70 f    CIL library: CIL module
 0001:0000eddc       ?connectionAdd@@YAPEAUWININETCONNECTION@@PEAX@Z 000000000100fddc f    CIL library: CIL module
 0001:0000eec0       ?connectionRemove@@YAXPEAUWININETCONNECTION@@@Z 000000000100fec0 f    CIL library: CIL module
 0001:0000ef78       ?initIE@@YAKXZ             000000000100ff78 f    CIL library: CIL module
 0001:0000f190       ?readAllContextCallback@@YAXPEAX_KK0K@Z 0000000001010190 f    CIL library: CIL module
 0001:0000f1f4       ?readAllContext@@YA_NPEAX0PEAPEAEPEAK@Z 00000000010101f4 f    CIL library: CIL module
 0001:0000f3c0       ?onInternetReadFile@@YAHPEAPEAXPEAXKPEAK@Z 00000000010103c0 f    CIL library: CIL module
 0001:0000f8b0       ?fillRequestData@@YA_NPEAUREQUESTDATA@HttpGrabber@@PEAXPEBXK@Z 00000000010108b0 f    CIL library: CIL module
 0001:0000faa8       ?onHttpSendRequest@@YAHPEAXPEAPEAXPEAK@Z 0000000001010aa8 f    CIL library: CIL module

 Exports

  ordinal    name

        1    ?ImageLoadNotifyRoutine@SpyEye_Modules@@YAKPEAXPEAD1@Z (unsigned long __cdecl SpyEye_Modules::ImageLoadNotifyRoutine(void *,char *,char *))
               exported name: ImageLoadNotifyRoutine
        2    ?ImageUnloadNotifyRoutine@SpyEye_Modules@@YAKPEAXPEAD@Z (unsigned long __cdecl SpyEye_Modules::ImageUnloadNotifyRoutine(void *,char *))
               exported name: ImageUnloadNotifyRoutine
