 socks5Server64

 Timestamp is 51df18d0 (Fri Jul 12 00:42:56 2013)

 Preferred load address is 0000000001000000

 Start         Length     Name                   Class
 0001:00000000 00000168H .idata$5                CODE
 0001:00000170 00000534H .rdata                  CODE
 0001:000006a4 0000293eH .text                   CODE
 0001:00002fe4 000001c8H .xdata                  CODE
 0001:000031ac 00000050H .idata$2                CODE
 0001:000031fc 00000014H .idata$3                CODE
 0001:00003210 00000168H .idata$4                CODE
 0001:00003378 000001a2H .idata$6                CODE
 0001:00003520 000000e3H .edata                  CODE
 0002:00000000 00000000H .data                   DATA
 0002:00000000 00001048H .bss                    DATA
 0003:00000000 0000018cH .pdata                  DATA

  Address         Publics by Value              Rva+Base               Lib:Object

 0001:00000000       __imp_GetProcessHeap       0000000001001000     kernel32:KERNEL32.dll
 0001:00000008       __imp_IsBadReadPtr         0000000001001008     kernel32:KERNEL32.dll
 0001:00000010       __imp_WideCharToMultiByte  0000000001001010     kernel32:KERNEL32.dll
 0001:00000018       __imp_Sleep                0000000001001018     kernel32:KERNEL32.dll
 0001:00000020       __imp_HeapDestroy          0000000001001020     kernel32:KERNEL32.dll
 0001:00000028       __imp_HeapCreate           0000000001001028     kernel32:KERNEL32.dll
 0001:00000030       __imp_MultiByteToWideChar  0000000001001030     kernel32:KERNEL32.dll
 0001:00000038       __imp_HeapFree             0000000001001038     kernel32:KERNEL32.dll
 0001:00000040       __imp_CloseHandle          0000000001001040     kernel32:KERNEL32.dll
 0001:00000048       __imp_InitializeCriticalSection 0000000001001048     kernel32:KERNEL32.dll
 0001:00000050       __imp_LeaveCriticalSection 0000000001001050     kernel32:KERNEL32.dll
 0001:00000058       __imp_EnterCriticalSection 0000000001001058     kernel32:KERNEL32.dll
 0001:00000060       __imp_DeleteCriticalSection 0000000001001060     kernel32:KERNEL32.dll
 0001:00000068       __imp_CreateThread         0000000001001068     kernel32:KERNEL32.dll
 0001:00000070       __imp_HeapAlloc            0000000001001070     kernel32:KERNEL32.dll
 0001:00000078       __imp_HeapReAlloc          0000000001001078     kernel32:KERNEL32.dll
 0001:00000080       \177KERNEL32_NULL_THUNK_DATA 0000000001001080     kernel32:KERNEL32.dll
 0001:00000088       __imp_wvnsprintfW          0000000001001088     shlwapi:SHLWAPI.dll
 0001:00000090       \177SHLWAPI_NULL_THUNK_DATA 0000000001001090     shlwapi:SHLWAPI.dll
 0001:00000098       __imp_accept               0000000001001098     ws2_32:WS2_32.dll
 0001:000000a0       __imp_WSAStringToAddressW  00000000010010a0     ws2_32:WS2_32.dll
 0001:000000a8       __imp_listen               00000000010010a8     ws2_32:WS2_32.dll
 0001:000000b0       __imp_send                 00000000010010b0     ws2_32:WS2_32.dll
 0001:000000b8       __imp_closesocket          00000000010010b8     ws2_32:WS2_32.dll
 0001:000000c0       __imp_WSASetLastError      00000000010010c0     ws2_32:WS2_32.dll
 0001:000000c8       __imp_freeaddrinfo         00000000010010c8     ws2_32:WS2_32.dll
 0001:000000d0       __imp_socket               00000000010010d0     ws2_32:WS2_32.dll
 0001:000000d8       __imp_bind                 00000000010010d8     ws2_32:WS2_32.dll
 0001:000000e0       __imp_recv                 00000000010010e0     ws2_32:WS2_32.dll
 0001:000000e8       __imp_WSACleanup           00000000010010e8     ws2_32:WS2_32.dll
 0001:000000f0       __imp_setsockopt           00000000010010f0     ws2_32:WS2_32.dll
 0001:000000f8       __imp_shutdown             00000000010010f8     ws2_32:WS2_32.dll
 0001:00000100       __imp_getsockname          0000000001001100     ws2_32:WS2_32.dll
 0001:00000108       __imp_WSAGetLastError      0000000001001108     ws2_32:WS2_32.dll
 0001:00000110       __imp_select               0000000001001110     ws2_32:WS2_32.dll
 0001:00000118       __imp_getaddrinfo          0000000001001118     ws2_32:WS2_32.dll
 0001:00000120       __imp_WSAStartup           0000000001001120     ws2_32:WS2_32.dll
 0001:00000128       __imp_connect              0000000001001128     ws2_32:WS2_32.dll
 0001:00000130       __imp_WSAIoctl             0000000001001130     ws2_32:WS2_32.dll
 0001:00000138       __imp_sendto               0000000001001138     ws2_32:WS2_32.dll
 0001:00000140       __imp_recvfrom             0000000001001140     ws2_32:WS2_32.dll
 0001:00000148       __imp_getpeername          0000000001001148     ws2_32:WS2_32.dll
 0001:00000150       \177WS2_32_NULL_THUNK_DATA 0000000001001150     ws2_32:WS2_32.dll
 0001:00000158       __imp_memcpy               0000000001001158     ntdll:ntdll.dll
 0001:00000160       \177ntdll_NULL_THUNK_DATA  0000000001001160     ntdll:ntdll.dll
 0001:00000170       ??_C@_1BC@IAJJFBHO@?$AAS?$AAt?$AAa?$AAr?$AAt?$AAe?$AAd?$AA?4?$AA?$AA@ 0000000001001170     core.obj
 0001:00000188       ??_C@_0DP@JGDBLDAC@C?3?2Zeus?5projects?2last?2src_curren@ 0000000001001188     core.obj
 0001:000001c8       ??_C@_0L@LDICJFMC@procTunnel?$AA@ 00000000010011c8     core.obj
 0001:000001e0       ??_C@_1FC@ILKHGJFB@?$AAF?$AAa?$AAi?$AAl?$AAe?$AAd?$AA?5?$AAt?$AAo?$AA?5?$AAc?$AAo?$AAn?$AAn?$AAe?$AAc?$AAt?$AA?5?$AAt?$AAo?$AA?5?$AAl?$AAo?$AAc?$AAa?$AAl?$AA?5?$AAI?$AAP?$AAv?$AA4?$AA?5@ 00000000010011e0     core.obj
 0001:00000238       ??_C@_1BC@KONCDKBL@?$AAS?$AAt?$AAo?$AAp?$AAp?$AAe?$AAd?$AA?4?$AA?$AA@ 0000000001001238     core.obj
 0001:00000250       ??_C@_1CC@DEHENENK@?$AAS?$AAe?$AAs?$AAs?$AAi?$AAo?$AAn?$AA?5?$AAs?$AAt?$AAa?$AAr?$AAt?$AAe?$AAd?$AA?4?$AA?$AA@ 0000000001001250     core.obj
 0001:00000278       ??_C@_0M@IAAGCBHE@procConnect?$AA@ 0000000001001278     core.obj
 0001:00000290       ??_C@_1EG@KAHNOAJO@?$AAC?$AAo?$AAn?$AAn?$AAe?$AAc?$AAt?$AAe?$AAd?$AA?5?$AAt?$AAo?$AA?5?$AAB?$AAC?$AA?4?$AA?5?$AAC?$AAo?$AAn?$AAn?$AAe?$AAc?$AAt?$AA?5?$AAt?$AAo?$AA?3?$AA?5?$AA?$CF?$AAs?$AA?3@ 0000000001001290     core.obj
 0001:000002d8       ??_C@_1CC@BKDPLPLP@?$AAS?$AAe?$AAs?$AAs?$AAi?$AAo?$AAn?$AA?5?$AAs?$AAt?$AAo?$AAp?$AAp?$AAe?$AAd?$AA?4?$AA?$AA@ 00000000010012d8     core.obj
 0001:00000300       ??_C@_1DA@PPIJIGCN@?$AAC?$AAo?$AAu?$AAl?$AAd?$AA?5?$AAn?$AAo?$AAt?$AA?5?$AAc?$AAo?$AAn?$AAn?$AAe?$AAc?$AAt?$AA?5?$AAt?$AAo?$AA?5?$AAB?$AAC?$AA?$AA@ 0000000001001300     core.obj
 0001:00000330       ??_C@_1GE@GPLMDMBN@?$AAE?$AAr?$AAr?$AAo?$AAr?$AA?5?$AAw?$AAh?$AAe?$AAn?$AA?5?$AAc?$AAo?$AAn?$AAn?$AAe?$AAc?$AAt?$AAi?$AAn?$AAg?$AA?5?$AAt?$AAo?$AA?3?$AA?5?$AA?$CF?$AAs?$AA?3?$AA?$CF?$AAs?$AA?0@ 0000000001001330     core.obj
 0001:00000398       ??_C@_1BK@FEKMMDMM@?$AAI?$AAP?$AA?3?$AAP?$AAO?$AAR?$AAT?$AA?5?$AA?9?$AA?5?$AA?$CF?$AAs?$AA?$AA@ 0000000001001398     core.obj
 0001:000003b8       ??_C@_0BD@DIHKBPFB@Socks5Server?3?3Init?$AA@ 00000000010013b8     core.obj
 0001:000003d0       ??_C@_0O@ODKGAEAK@wannadance?$CB?3?$CJ?$AA@ 00000000010013d0     core.obj
 0001:000003e0       ??_C@_1DA@GMIGJNEN@?$AAC?$AAa?$AAn?$AAn?$AAo?$AAt?$AA?5?$AAa?$AAl?$AAl?$AAo?$AAc?$AAa?$AAt?$AAe?$AA?5?$AAm?$AAe?$AAm?$AAo?$AAr?$AAy?$AA?4?$AA?$AA@ 00000000010013e0     core.obj
 0001:00000410       ??_C@_1GG@HDKMOOHK@?$AAF?$AAa?$AAi?$AAl?$AAe?$AAd?$AA?5?$AAw?$AAh?$AAe?$AAn?$AA?5?$AAc?$AAo?$AAn?$AAv?$AAe?$AAr?$AAt?$AAi?$AAn?$AAg?$AA?5?$AAI?$AAP?$AA?3?$AAP?$AAO?$AAR?$AAT?$AA?5?$AAt@ 0000000001001410     core.obj
 0001:00000478       ??_C@_1DA@PDPKCNL@?$AAF?$AAa?$AAi?$AAl?$AAe?$AAd?$AA?5?$AAt?$AAo?$AA?5?$AAc?$AAo?$AAn?$AAn?$AAe?$AAc?$AAt?$AA?5?$AAt?$AAo?$AA?5?$AAB?$AAC?$AA?$AA@ 0000000001001478     core.obj
 0001:000004a8       ??_C@_1DE@NCEPBGEL@?$AAF?$AAa?$AAi?$AAl?$AAe?$AAd?$AA?5?$AAt?$AAo?$AA?5?$AAs?$AAe?$AAn?$AAd?$AA?5?$AAh?$AAa?$AAn?$AAd?$AAs?$AAh?$AAa?$AAk?$AAe?$AA?4?$AA?$AA@ 00000000010014a8     core.obj
 0001:000004e0       ??_C@_1CK@IOLMDCME@?$AAC?$AAo?$AAu?$AAl?$AAd?$AA?8?$AAn?$AAt?$AA?5?$AAr?$AAe?$AAc?$AAe?$AAi?$AAv?$AAe?$AA?5?$AAc?$AAd?$AA?4?$AA?$AA@ 00000000010014e0     core.obj
 0001:00000510       ??_C@_1CG@DHEJONJM@?$AAC?$AAa?$AAn?$AA?8?$AAt?$AA?5?$AAf?$AAi?$AAn?$AAd?$AA?5?$AAI?$AAP?$AA?3?$AAP?$AAO?$AAR?$AAT?$AA?$AA@ 0000000001001510     core.obj
 0001:00000540       ??_C@_1FE@EABKNNE@?$AAS?$AAe?$AAr?$AAv?$AAe?$AAr?$AA?3?$AA?5?$AA?$CF?$AAs?$AA?0?$AA?5?$AAb?$AAo?$AAt?$AA?5?$AAp?$AAo?$AAr?$AAt?$AA?3?$AA?5?$AA?$CF?$AAs?$AA?0?$AA?5?$AAc?$AAl?$AAi?$AAe?$AAn?$AAt@ 0000000001001540     core.obj
 0001:00000598       ??_C@_1CK@FBNKBEHP@?$AAC?$AAa?$AAn?$AAn?$AAo?$AAt?$AA?5?$AAc?$AAo?$AAp?$AAy?$AA?5?$AAb?$AAo?$AAt?$AAn?$AAa?$AAm?$AAe?$AA?4?$AA?$AA@ 0000000001001598     core.obj
 0001:000005c8       ??_C@_0BK@DJIONIAG@Socks5Server?3?3TakeBotGuid?$AA@ 00000000010015c8     core.obj
 0001:000005e8       ??_C@_1CI@HHEDLMPL@?$AAC?$AAa?$AAn?$AA?8?$AAt?$AA?5?$AAs?$AAt?$AAa?$AAr?$AAt?$AA?5?$AAt?$AAh?$AAr?$AAe?$AAa?$AAd?$AA?4?$AA?$AA@ 00000000010015e8     core.obj
 0001:00000610       ??_C@_0BN@KJIFBIKL@Socks5Server?3?3DefaultConnect?$AA@ 0000000001001610     core.obj
 0001:00000630       ??_C@_1DA@BKDJPIFK@?$AAE?$AAr?$AAr?$AAo?$AAr?$AA?0?$AA?5?$AAa?$AAr?$AAg?$AAs?$AA?5?$AAc?$AAo?$AAu?$AAn?$AAt?$AA?5?$AAi?$AAs?$AA?5?$AA?$CF?$AAu?$AA?$AA@ 0000000001001630     core.obj
 0001:00000660       ??_C@_0BI@GBOEOLGH@Socks5Server?3?3ConnectTo?$AA@ 0000000001001660     core.obj
 0001:00000678       ??_C@_1CM@FDAMCJDJ@?$AAC?$AAa?$AAn?$AA?8?$AAt?$AA?5?$AAs?$AAt?$AAa?$AAr?$AAt?$AA?5?$AAt?$AAh?$AAr?$AAe?$AAa?$AAd?$AA?4?$AA?$CD?$AA2?$AA?$AA@ 0000000001001678     core.obj
 0001:000006a4       ?reallocEx@Mem@@YA_NPEAX_K@Z 00000000010016a4 f   common.obj
 0001:000006fc       ?alloc@Mem@@YAPEAX_K@Z     00000000010016fc f   common.obj
 0001:00000720       ?free@Mem@@YAXPEAX@Z       0000000001001720 f   common.obj
 0001:00000754       ?copyEx@Mem@@YAPEAXPEBX_K@Z 0000000001001754 f   common.obj
 0001:000009bc       ?_CopyExA@Str@@YAPEADPEADH_N@Z 00000000010019bc f   common.obj
 0001:00000a08       ?_ToInt32A@Str@@YAHPEADPEA_N@Z 0000000001001a08 f   common.obj
 0001:00000a9c       ?_FromInt32A@Str@@YAKHPEADE_N@Z 0000000001001a9c f   common.obj
 0001:00000b0c       ?_sprintfExW@Str@@YAHPEAPEA_WPEB_WZZ 0000000001001b0c f   common.obj
 0001:00000b5c       ?_utf8FromUnicode@Str@@YA_NQEA_WHPEAUUTF8STRING@1@@Z 0000000001001b5c f   common.obj
 0001:00000bd4       ?tcpRecv@WSocket@@YAH_KPEAXHK@Z 0000000001001bd4 f   common.obj
 0001:00000c84       ?tcpRecvAll@WSocket@@YA_N_KPEAXHK@Z 0000000001001c84 f   common.obj
 0001:00000cec       ?tcpConnect@WSocket@@YA_KPEBUsockaddr_storage@@@Z 0000000001001cec f   common.obj
 0001:00000d2c       ?tcpConnectA@WSocket@@YA_KQEADG@Z 0000000001001d2c f   common.obj
 0001:00000e4c       ?tcpListen@WSocket@@YA_KPEBUsockaddr_storage@@H@Z 0000000001001e4c f   common.obj
 0001:00000e9c       ?tcpTunnel@WSocket@@YAX_K0@Z 0000000001001e9c f   common.obj
 0001:00000f88       ?tcpWaitForEvent@WSocket@@YA_KPEB_KKK0K@Z 0000000001001f88 f   common.obj
 0001:00001050       ?tcpClose@WSocket@@YAX_K@Z 0000000001002050 f   common.obj
 0001:00001078       ?tcpSetKeepAlive@WSocket@@YA_N_K_NKK@Z 0000000001002078 f   common.obj
 0001:000010d0       ?tcpDisableDelay@WSocket@@YA_N_K_N@Z 00000000010020d0 f   common.obj
 0001:00001100       ?_writeCommand@Backconnect@@YA_N_KEPEBXG@Z 0000000001002100 f   common.obj
 0001:000012c0       ?_start5@Socks5Server@@YA_N_KK@Z 00000000010022c0 f   core.obj
 0001:00001f94       ?_start4@Socks5Server@@YA_N_KK@Z 0000000001002f94 f   core.obj
 0001:00002964       DllMain                    0000000001003964 f   core.obj
 0001:00002968       Start                      0000000001003968 f   core.obj
 0001:00002978       Stop                       0000000001003978 f   core.obj
 0001:000029bc       Init                       00000000010039bc f   core.obj
 0001:00002d90       TakeDebugGate              0000000001003d90 f   core.obj
 0001:00002d98       TakeGateToCollector3       0000000001003d98 f   core.obj
 0001:00002da0       TakeBotGuid                0000000001003da0 f   core.obj
 0001:00002e00       DefaultConnect             0000000001003e00 f   core.obj
 0001:00002e94       ConnectTo                  0000000001003e94 f   core.obj
 0001:00002fdc       memcpy                     0000000001003fdc f   ntdll:ntdll.dll
 0001:000031ac       __IMPORT_DESCRIPTOR_KERNEL32 00000000010041ac     kernel32:KERNEL32.dll
 0001:000031c0       __IMPORT_DESCRIPTOR_SHLWAPI 00000000010041c0     shlwapi:SHLWAPI.dll
 0001:000031d4       __IMPORT_DESCRIPTOR_WS2_32 00000000010041d4     ws2_32:WS2_32.dll
 0001:000031e8       __IMPORT_DESCRIPTOR_ntdll  00000000010041e8     ntdll:ntdll.dll
 0001:000031fc       __NULL_IMPORT_DESCRIPTOR   00000000010041fc     kernel32:KERNEL32.dll
 0002:00000dd0       ?g_bcData@@3UBCDATA@@A     0000000001005dd0     core.obj
 0002:00000e00       ?g_botName@@3PA_WA         0000000001005e00     core.obj
 0002:00001008       ?cs@@3U_RTL_CRITICAL_SECTION@@A 0000000001006008     core.obj
 0002:00001030       ?g_IsActive@@3_NA          0000000001006030     core.obj
 0002:00001038       ?g_GateToCollector3@@3P6AHKPEA_W0K@ZEA 0000000001006038     core.obj
 0002:00001040       ?g_Debug@@3P6AXPEAD0KEPEA_WZZEA 0000000001006040     core.obj

 entry point at        0001:00002964

 Static symbols

 0001:000007a4       ?unicodeToX@@YAHKQEA_WHPEADH@Z 00000000010017a4 f    CIL library: CIL module
 0001:00000824       ?unicodeToXEx@@YAPEADKQEA_WH@Z 0000000001001824 f    CIL library: CIL module
 0001:000008ac       ?xToUnicode@@YAHKQEADHPEA_WH@Z 00000000010018ac f    CIL library: CIL module
 0001:00000914       ?vsprintfHelperExW@@YAKPEAPEA_WKQEA_WPEAD@Z 0000000001001914 f    CIL library: CIL module
 0001:00001190       ?socks5Reply@@YAH_K0EK@Z   0000000001002190 f    CIL library: CIL module
 0001:00001eec       ?socks4Reply@@YAH_K0EK@Z   0000000001002eec f    CIL library: CIL module
 0001:00002364       ?procTunnel@@YAKPEAX@Z     0000000001003364 f    CIL library: CIL module
 0001:00002530       ?procConnect@@YAKPEAX@Z    0000000001003530 f    CIL library: CIL module

 Exports

  ordinal    name

        1    ConnectTo
        2    DefaultConnect
        3    Init
        4    Start
        5    Stop
        6    TakeBotGuid
        7    TakeDebugGate
        8    TakeGateToCollector3
