 client32

 Timestamp is 51df18d5 (Fri Jul 12 00:43:01 2013)

 Preferred load address is 01000000

 Start         Length     Name                   Class
 0001:00000000 00000238H .idata$5                CODE
 0001:00000238 00003bcaH .rdata                  CODE
 0001:00003e02 00008d5eH .text                   CODE
 0001:0000cb60 00001e41H code                    CODE
 0001:0000e9a4 000000b4H .idata$2                CODE
 0001:0000ea58 00000014H .idata$3                CODE
 0001:0000ea6c 00000238H .idata$4                CODE
 0001:0000eca4 00000a8eH .idata$6                CODE
 0001:0000f740 00000079H .edata                  CODE
 0002:00000000 00000148H .data                   DATA
 0002:00000160 00001450H .bss                    DATA

  Address         Publics by Value              Rva+Base       Lib:Object

 0001:00000000       __imp__ConvertStringSecurityDescriptorToSecurityDescriptorW@16 01001000     advapi32:ADVAPI32.dll
 0001:00000004       __imp__CryptCreateHash@20  01001004     advapi32:ADVAPI32.dll
 0001:00000008       __imp__LookupPrivilegeValueW@12 01001008     advapi32:ADVAPI32.dll
 0001:0000000c       __imp__SetNamedSecurityInfoW@28 0100100c     advapi32:ADVAPI32.dll
 0001:00000010       __imp__SetSecurityDescriptorDacl@16 01001010     advapi32:ADVAPI32.dll
 0001:00000014       __imp__InitializeSecurityDescriptor@8 01001014     advapi32:ADVAPI32.dll
 0001:00000018       __imp__RegQueryValueExW@24 01001018     advapi32:ADVAPI32.dll
 0001:0000001c       __imp__CryptReleaseContext@8 0100101c     advapi32:ADVAPI32.dll
 0001:00000020       __imp__RegCreateKeyExW@36  01001020     advapi32:ADVAPI32.dll
 0001:00000024       __imp__GetTokenInformation@20 01001024     advapi32:ADVAPI32.dll
 0001:00000028       __imp__GetSidSubAuthorityCount@4 01001028     advapi32:ADVAPI32.dll
 0001:0000002c       __imp__OpenThreadToken@16  0100102c     advapi32:ADVAPI32.dll
 0001:00000030       __imp__CryptAcquireContextW@20 01001030     advapi32:ADVAPI32.dll
 0001:00000034       __imp__GetSidSubAuthority@8 01001034     advapi32:ADVAPI32.dll
 0001:00000038       __imp__OpenProcessToken@12 01001038     advapi32:ADVAPI32.dll
 0001:0000003c       __imp__CryptGetHashParam@20 0100103c     advapi32:ADVAPI32.dll
 0001:00000040       __imp__RegOpenKeyExW@20    01001040     advapi32:ADVAPI32.dll
 0001:00000044       __imp__GetSecurityDescriptorSacl@16 01001044     advapi32:ADVAPI32.dll
 0001:00000048       __imp__SetSecurityDescriptorSacl@16 01001048     advapi32:ADVAPI32.dll
 0001:0000004c       __imp__CryptDestroyHash@4  0100104c     advapi32:ADVAPI32.dll
 0001:00000050       __imp__AdjustTokenPrivileges@24 01001050     advapi32:ADVAPI32.dll
 0001:00000054       __imp__RegCloseKey@4       01001054     advapi32:ADVAPI32.dll
 0001:00000058       __imp__RegSetValueExW@24   01001058     advapi32:ADVAPI32.dll
 0001:0000005c       __imp__CryptHashData@16    0100105c     advapi32:ADVAPI32.dll
 0001:00000060       \177ADVAPI32_NULL_THUNK_DATA 01001060     advapi32:ADVAPI32.dll
 0001:00000064       __imp__GetTimeZoneInformation@4 01001064     kernel32:KERNEL32.dll
 0001:00000068       __imp__CreateFileW@28      01001068     kernel32:KERNEL32.dll
 0001:0000006c       __imp__MultiByteToWideChar@24 0100106c     kernel32:KERNEL32.dll
 0001:00000070       __imp__FlushFileBuffers@4  01001070     kernel32:KERNEL32.dll
 0001:00000074       __imp__GetFileSizeEx@8     01001074     kernel32:KERNEL32.dll
 0001:00000078       __imp__GetLastError@0      01001078     kernel32:KERNEL32.dll
 0001:0000007c       __imp__SetLastError@4      0100107c     kernel32:KERNEL32.dll
 0001:00000080       __imp__GetProcAddress@8    01001080     kernel32:KERNEL32.dll
 0001:00000084       __imp__VirtualProtectEx@20 01001084     kernel32:KERNEL32.dll
 0001:00000088       __imp__VirtualAllocEx@20   01001088     kernel32:KERNEL32.dll
 0001:0000008c       __imp__GetLocalTime@4      0100108c     kernel32:KERNEL32.dll
 0001:00000090       __imp__LoadLibraryA@4      01001090     kernel32:KERNEL32.dll
 0001:00000094       __imp__WaitForMultipleObjects@16 01001094     kernel32:KERNEL32.dll
 0001:00000098       __imp__VirtualProtect@16   01001098     kernel32:KERNEL32.dll
 0001:0000009c       __imp__GetCurrentThreadId@0 0100109c     kernel32:KERNEL32.dll
 0001:000000a0       __imp__ReleaseMutex@4      010010a0     kernel32:KERNEL32.dll
 0001:000000a4       __imp__CloseHandle@4       010010a4     kernel32:KERNEL32.dll
 0001:000000a8       __imp__HeapDestroy@4       010010a8     kernel32:KERNEL32.dll
 0001:000000ac       __imp__GetCurrentProcessId@0 010010ac     kernel32:KERNEL32.dll
 0001:000000b0       __imp__LocalFree@4         010010b0     kernel32:KERNEL32.dll
 0001:000000b4       __imp__GetSystemTime@4     010010b4     kernel32:KERNEL32.dll
 0001:000000b8       __imp__WriteProcessMemory@20 010010b8     kernel32:KERNEL32.dll
 0001:000000bc       __imp__SetFileAttributesW@8 010010bc     kernel32:KERNEL32.dll
 0001:000000c0       __imp__CreateThread@24     010010c0     kernel32:KERNEL32.dll
 0001:000000c4       __imp__SetEvent@4          010010c4     kernel32:KERNEL32.dll
 0001:000000c8       __imp__GetModuleFileNameW@12 010010c8     kernel32:KERNEL32.dll
 0001:000000cc       __imp__DisableThreadLibraryCalls@4 010010cc     kernel32:KERNEL32.dll
 0001:000000d0       __imp__CreateEventW@16     010010d0     kernel32:KERNEL32.dll
 0001:000000d4       __imp__CreateEventA@16     010010d4     kernel32:KERNEL32.dll
 0001:000000d8       __imp__InterlockedIncrement@4 010010d8     kernel32:KERNEL32.dll
 0001:000000dc       __imp__InterlockedDecrement@4 010010dc     kernel32:KERNEL32.dll
 0001:000000e0       __imp__GetPrivateProfileStringW@24 010010e0     kernel32:KERNEL32.dll
 0001:000000e4       __imp__InitializeCriticalSection@4 010010e4     kernel32:KERNEL32.dll
 0001:000000e8       __imp__LeaveCriticalSection@4 010010e8     kernel32:KERNEL32.dll
 0001:000000ec       __imp__GetPrivateProfileIntW@16 010010ec     kernel32:KERNEL32.dll
 0001:000000f0       __imp__InterlockedExchange@8 010010f0     kernel32:KERNEL32.dll
 0001:000000f4       __imp__EnterCriticalSection@4 010010f4     kernel32:KERNEL32.dll
 0001:000000f8       __imp__GetNativeSystemInfo@4 010010f8     kernel32:KERNEL32.dll
 0001:000000fc       __imp__GetComputerNameW@8  010010fc     kernel32:KERNEL32.dll
 0001:00000100       __imp__GetVersionExW@4     01001100     kernel32:KERNEL32.dll
 0001:00000104       __imp__GetUserDefaultUILanguage@0 01001104     kernel32:KERNEL32.dll
 0001:00000108       __imp__DeleteCriticalSection@4 01001108     kernel32:KERNEL32.dll
 0001:0000010c       __imp__ResetEvent@4        0100110c     kernel32:KERNEL32.dll
 0001:00000110       __imp__ReadProcessMemory@20 01001110     kernel32:KERNEL32.dll
 0001:00000114       __imp__Sleep@4             01001114     kernel32:KERNEL32.dll
 0001:00000118       __imp__GetFileAttributesW@4 01001118     kernel32:KERNEL32.dll
 0001:0000011c       __imp__DeleteFileW@4       0100111c     kernel32:KERNEL32.dll
 0001:00000120       __imp__HeapCreate@12       01001120     kernel32:KERNEL32.dll
 0001:00000124       __imp__WideCharToMultiByte@32 01001124     kernel32:KERNEL32.dll
 0001:00000128       __imp__WriteFile@20        01001128     kernel32:KERNEL32.dll
 0001:0000012c       __imp__VirtualQueryEx@16   0100112c     kernel32:KERNEL32.dll
 0001:00000130       __imp__IsBadReadPtr@8      01001130     kernel32:KERNEL32.dll
 0001:00000134       __imp__GetProcessHeap@0    01001134     kernel32:KERNEL32.dll
 0001:00000138       __imp__GetCurrentThread@0  01001138     kernel32:KERNEL32.dll
 0001:0000013c       __imp__GetTickCount@0      0100113c     kernel32:KERNEL32.dll
 0001:00000140       __imp__GetModuleHandleW@4  01001140     kernel32:KERNEL32.dll
 0001:00000144       __imp__WaitForSingleObject@8 01001144     kernel32:KERNEL32.dll
 0001:00000148       __imp__HeapFree@12         01001148     kernel32:KERNEL32.dll
 0001:0000014c       __imp__SystemTimeToFileTime@8 0100114c     kernel32:KERNEL32.dll
 0001:00000150       __imp__SetUnhandledExceptionFilter@4 01001150     kernel32:KERNEL32.dll
 0001:00000154       __imp__HeapAlloc@12        01001154     kernel32:KERNEL32.dll
 0001:00000158       __imp__FreeLibrary@4       01001158     kernel32:KERNEL32.dll
 0001:0000015c       __imp__SetFilePointer@16   0100115c     kernel32:KERNEL32.dll
 0001:00000160       __imp__CreateMutexW@12     01001160     kernel32:KERNEL32.dll
 0001:00000164       __imp__HeapReAlloc@16      01001164     kernel32:KERNEL32.dll
 0001:00000168       \177KERNEL32_NULL_THUNK_DATA 01001168     kernel32:KERNEL32.dll
 0001:0000016c       __imp__SHGetFolderPathW@20 0100116c     shell32:SHELL32.dll
 0001:00000170       \177SHELL32_NULL_THUNK_DATA 01001170     shell32:SHELL32.dll
 0001:00000174       __imp__wvnsprintfA@16      01001174     shlwapi:SHLWAPI.dll
 0001:00000178       __imp__StrCmpNIA@12        01001178     shlwapi:SHLWAPI.dll
 0001:0000017c       __imp__wvnsprintfW@16      0100117c     shlwapi:SHLWAPI.dll
 0001:00000180       __imp__PathFindFileNameW@4 01001180     shlwapi:SHLWAPI.dll
 0001:00000184       __imp__PathCombineW@12     01001184     shlwapi:SHLWAPI.dll
 0001:00000188       \177SHLWAPI_NULL_THUNK_DATA 01001188     shlwapi:SHLWAPI.dll
 0001:0000018c       __imp__GetUserNameExW@12   0100118c     secur32:Secur32.dll
 0001:00000190       \177Secur32_NULL_THUNK_DATA 01001190     secur32:Secur32.dll
 0001:00000194       __imp__TranslateMessage@4  01001194     user32:USER32.dll
 0001:00000198       __imp__CharLowerA@4        01001198     user32:USER32.dll
 0001:0000019c       __imp__MsgWaitForMultipleObjects@20 0100119c     user32:USER32.dll
 0001:000001a0       __imp__CharLowerW@4        010011a0     user32:USER32.dll
 0001:000001a4       __imp__DispatchMessageW@4  010011a4     user32:USER32.dll
 0001:000001a8       __imp__PeekMessageW@20     010011a8     user32:USER32.dll
 0001:000001ac       \177USER32_NULL_THUNK_DATA 010011ac     user32:USER32.dll
 0001:000001b0       __imp__InternetSetStatusCallbackW@8 010011b0     wininet:WININET.dll
 0001:000001b4       __imp__HttpAddRequestHeadersA@16 010011b4     wininet:WININET.dll
 0001:000001b8       __imp__HttpAddRequestHeadersW@16 010011b8     wininet:WININET.dll
 0001:000001bc       __imp__HttpSendRequestW@20 010011bc     wininet:WININET.dll
 0001:000001c0       __imp__InternetReadFileExA@16 010011c0     wininet:WININET.dll
 0001:000001c4       __imp__InternetQueryDataAvailable@16 010011c4     wininet:WININET.dll
 0001:000001c8       __imp__HttpSendRequestExW@20 010011c8     wininet:WININET.dll
 0001:000001cc       __imp__HttpSendRequestExA@20 010011cc     wininet:WININET.dll
 0001:000001d0       __imp__InternetQueryOptionA@16 010011d0     wininet:WININET.dll
 0001:000001d4       __imp__InternetCloseHandle@4 010011d4     wininet:WININET.dll
 0001:000001d8       __imp__InternetOpenA@20    010011d8     wininet:WININET.dll
 0001:000001dc       __imp__HttpSendRequestA@20 010011dc     wininet:WININET.dll
 0001:000001e0       __imp__HttpOpenRequestA@32 010011e0     wininet:WININET.dll
 0001:000001e4       __imp__InternetSetOptionW@16 010011e4     wininet:WININET.dll
 0001:000001e8       __imp__InternetSetOptionA@16 010011e8     wininet:WININET.dll
 0001:000001ec       __imp__InternetReadFile@16 010011ec     wininet:WININET.dll
 0001:000001f0       __imp__InternetCrackUrlA@16 010011f0     wininet:WININET.dll
 0001:000001f4       __imp__InternetQueryOptionW@16 010011f4     wininet:WININET.dll
 0001:000001f8       __imp__InternetConnectA@32 010011f8     wininet:WININET.dll
 0001:000001fc       __imp__HttpQueryInfoA@20   010011fc     wininet:WININET.dll
 0001:00000200       __imp__GetUrlCacheEntryInfoW@12 01001200     wininet:WININET.dll
 0001:00000204       \177WININET_NULL_THUNK_DATA 01001204     wininet:WININET.dll
 0001:00000208       __imp__connect@12          01001208     ws2_32:WS2_32.dll
 0001:0000020c       __imp__WSAAddressToStringW@20 0100120c     ws2_32:WS2_32.dll
 0001:00000210       __imp__WSAConnect@28       01001210     ws2_32:WS2_32.dll
 0001:00000214       __imp__WSASend@28          01001214     ws2_32:WS2_32.dll
 0001:00000218       __imp__closesocket@4       01001218     ws2_32:WS2_32.dll
 0001:0000021c       __imp__send@16             0100121c     ws2_32:WS2_32.dll
 0001:00000220       __imp__getpeername@12      01001220     ws2_32:WS2_32.dll
 0001:00000224       \177WS2_32_NULL_THUNK_DATA 01001224     ws2_32:WS2_32.dll
 0001:00000228       __imp__CoInitializeEx@8    01001228     ole32:ole32.dll
 0001:0000022c       __imp__CoUninitialize@0    0100122c     ole32:ole32.dll
 0001:00000230       __imp__CoCreateInstance@20 01001230     ole32:ole32.dll
 0001:00000234       \177ole32_NULL_THUNK_DATA  01001234     ole32:ole32.dll
 0001:00000238       _IID_IInternetZoneManager  01001238     uuid:i_urlmki.obj
 0001:00000248       _CLSID_InternetZoneManager 01001248     uuid:ieguids.obj
 0001:00000258       ??_C@_02PFEMMEEH@li?$AA@   01001258     common.obj
 0001:0000025c       ??_C@_02MPGGCNAA@h6?$AA@   0100125c     common.obj
 0001:00000260       ??_C@_02OEELHOMD@h5?$AA@   01001260     common.obj
 0001:00000264       ??_C@_02PNFAEPIC@h4?$AA@   01001264     common.obj
 0001:00000268       ??_C@_02LCBBNJEF@h3?$AA@   01001268     common.obj
 0001:0000026c       ??_C@_02KLAKOIAE@h2?$AA@   0100126c     common.obj
 0001:00000270       ??_C@_02IACHLLMH@h1?$AA@   01001270     common.obj
 0001:00000274       ??_C@_03FEJMGOGI@div?$AA@  01001274     common.obj
 0001:00000278       ??_C@_02FCNHEIMC@td?$AA@   01001278     common.obj
 0001:0000027c       ??_C@_02EOEPPNBF@tr?$AA@   0100127c     common.obj
 0001:00000280       ??_C@_02FLHDKHAB@hr?$AA@   01001280     common.obj
 0001:00000284       ??_C@_02FGOECCNH@br?$AA@   01001284     common.obj
 0001:00000288       ??_C@_03ENEOKCEM@?$CK?1?$CK?$AA@ 01001288     common.obj
 0001:0000028c       ??_C@_05MBDEGLCK@ERROR?$AA@ 0100128c     common.obj
 0001:00000294       ??_C@_07KCOHIFOP@WARNING?$AA@ 01001294     common.obj
 0001:0000029c       ??_C@_04BEADLPGM@INFO?$AA@ 0100129c     common.obj
 0001:000002a4       ??_C@_11LOCGONAA@?$AA?$AA@ 010012a4     common.obj
 0001:000002fc       ??_C@_1BE@GELHDCKE@?$AAd?$AAe?$AAb?$AAu?$AAg?$AA?4?$AAt?$AAx?$AAt?$AA?$AA@ 010012fc     common.obj
 0001:00000310       ??_C@_1BK@PONDDALA@?$AAC?$AA?3?$AA?2?$AAd?$AAe?$AAb?$AAu?$AAg?$AA?4?$AAt?$AAx?$AAt?$AA?$AA@ 01001310     common.obj
 0001:00000338       ??_C@_0BL@GPJGFEMI@FAILED?5TO?5ALLOCATE?5STRING?4?$AA@ 01001338     common.obj
 0001:00000354       ??_C@_01JOAMLHOP@?9?$AA@   01001354     common.obj
 0001:00000358       ??_C@_1MG@DOBKCNHF@?$AA?$FL?$AA?$CF?$AA0?$AA2?$AAu?$AA?3?$AA?$CF?$AA0?$AA2?$AAu?$AA?3?$AA?$CF?$AA0?$AA2?$AAu?$AA?$FN?$AA?5?$AAT?$AAC?$AA?$DN?$AA?$CF?$AA0?$AA1?$AA0?$AAu?$AA?0?$AA?5?$AAP?$AAI?$AAD?$AA?$DN?$AA?$CF@ 01001358     common.obj
 0001:00000420       ??_C@_1EO@KPNMONOO@?$AA?$HL?$AA8?$AAE?$AAE?$AAE?$AAA?$AA3?$AA7?$AAC?$AA?9?$AA5?$AAC?$AAE?$AAF?$AA?9?$AA1?$AA1?$AAD?$AAD?$AA?9?$AA9?$AA8?$AA1?$AA0?$AA?9?$AA2?$AAA?$AA4?$AA2?$AA5?$AA6?$AAD@ 01001420     common.obj
 0001:00000470       ??_C@_04FMMHFHOO@?$AN?6?$AN?6?$AA@ 01001470     common.obj
 0001:00000478       ??_C@_1BBE@BONHAKJ@?$AAE?$AAX?$AAC?$AAE?$AAP?$AAT?$AAI?$AAO?$AAN?$AA?3?$AA?5?$AAC?$AAo?$AAd?$AAe?$AA?$DN?$AA0?$AAx?$AA?$CF?$AA0?$AA8?$AAX?$AA?6?$AAF?$AAl?$AAa?$AAg?$AAs?$AA?$DN?$AA0?$AAx?$AA?$CF@ 01001478     common.obj
 0001:0000058c       ??_C@_01LFCBOECM@?4?$AA@   0100158c     common.obj
 0001:00000590       ??_C@_0DI@EJEIHEDB@Mozilla?14?40?5?$CIcompatible?$DL?5MSIE?57?4@ 01001590     common.obj
 0001:000005c8       ??_C@_1FC@NJJNPKHA@?$AAO?$AAp?$AAp?$AAs?$AA?$CB?$AA?5?$AAP?$AAa?$AAr?$AAe?$AAn?$AAt?$AA?5?$AAn?$AAo?$AA?5?$AAf?$AAo?$AAu?$AAn?$AAd?$AAe?$AAd?$AA?5?$AAf?$AAo?$AAr?$AA?5?$AAh?$AAC?$AAo?$AAn@ 010015c8     common.obj
 0001:00000620       ??_C@_0EJ@FGAOLJFA@c?3?2zeus?5projects?2last?2src_curren@ 01001620     common.obj
 0001:0000066c       ??_C@_0BK@PHHOFAAF@Wininet?3?3_CloseConnection?$AA@ 0100166c     common.obj
 0001:00000688       ??_C@_1BG@MHMLEJPA@?$AAp?$AAs?$AAt?$AAr?$AAU?$AAR?$AAI?$AA?$DN?$AA?$CF?$AAS?$AA?$AA@ 01001688     common.obj
 0001:000006a0       ??_C@_0BG@PNHGEOP@Wininet?3?3_SendRequest?$AA@ 010016a0     common.obj
 0001:000006b8       ??_C@_08IJEMDJGI@HTTP?11?41?$AA@ 010016b8     common.obj
 0001:000006c4       ??_C@_04HCJEIHPL@POST?$AA@ 010016c4     common.obj
 0001:000006cc       ??_C@_03HAPOJHBM@GET?$AA@  010016cc     common.obj
 0001:000006d0       ??_C@_0BE@OKJIGHFK@Connection?3?5close?$AN?6?$AA@ 010016d0     common.obj
 0001:000006e4       ??_C@_0L@BFDIJHCF@urlmon?4dll?$AA@ 010016e4     common.obj
 0001:000006f0       ??_C@_0BG@NHELJKBN@ObtainUserAgentString?$AA@ 010016f0     common.obj
 0001:00000930       ??_C@_17EKNKKPIB@?$AA0?$AA?3?$AA0?$AA?$AA@ 01001930     common.obj
 0001:00000948       ??_C@_1CI@OBHDBMNA@?$AAS?$AA?3?$AA?$CI?$AAM?$AAL?$AA?$DL?$AA?$DL?$AAN?$AAR?$AAN?$AAW?$AAN?$AAX?$AA?$DL?$AA?$DL?$AA?$DL?$AAL?$AAW?$AA?$CJ?$AA?$AA@ 01001948     common.obj
 0001:00000970       ??_C@_1CI@EODHFOHP@?$AAS?$AAe?$AAS?$AAe?$AAc?$AAu?$AAr?$AAi?$AAt?$AAy?$AAP?$AAr?$AAi?$AAv?$AAi?$AAl?$AAe?$AAg?$AAe?$AA?$AA@ 01001970     common.obj
 0001:00000998       ??_C@_1GG@HAKANABK@?$AAB?$AAa?$AAd?$AA?5?$AAo?$AAp?$AAc?$AAo?$AAd?$AAe?$AA?5?$AAd?$AAe?$AAt?$AAe?$AAc?$AAt?$AAe?$AAd?$AA?5?$AAa?$AAt?$AA?5?$AAo?$AAf?$AAf?$AAs?$AAe?$AAt?$AA?5?$AA?$CF?$AAu@ 01001998     common.obj
 0001:00000a00       ??_C@_0EI@NCBKBCJH@c?3?2zeus?5projects?2last?2src_curren@ 01001a00     common.obj
 0001:00000a48       ??_C@_0O@FODNONOJ@WaHook?3?3_hook?$AA@ 01001a48     common.obj
 0001:00000a58       ??_C@_1HC@FPEAKDOP@?$AAV?$AAe?$AAr?$AAy?$AA?5?$AAl?$AAo?$AAn?$AAg?$AA?5?$AAo?$AAp?$AAc?$AAo?$AAd?$AAe?$AA?5?$AAd?$AAe?$AAt?$AAe?$AAc?$AAt?$AAe?$AAd?$AA?5?$AAa?$AAt?$AA?5?$AAo?$AAf?$AAf@ 01001a58     common.obj
 0001:00000ad0       ??_C@_1EE@JCLJPEMC@?$AAR?$AAe?$AAl?$AAa?$AAt?$AAi?$AAv?$AAe?$AA?5?$AAJ?$AAM?$AAP?$AA?1?$AAC?$AAA?$AAL?$AAL?$AA?$CI?$AA?$CF?$AA0?$AA2?$AAX?$AA?$CJ?$AA?5?$AAd?$AAe?$AAt?$AAe?$AAc?$AAt?$AAe?$AAd@ 01001ad0     common.obj
 0001:00000b5c       ??_C@_06OLONEIEH@script?$AA@ 01001b5c     common.obj
 0001:00000b64       ??_C@_05IOPIJMEB@nbsp?$DL?$AA@ 01001b64     common.obj
 0001:00000b6c       ??_C@_06FFOGOLGD@Basic?5?$AA@ 01001b6c     common.obj
 0001:00000b78       ??_C@_1FA@HLGLBDLC@?$AAC?$AAo?$AAC?$AAr?$AAe?$AAa?$AAt?$AAe?$AAI?$AAn?$AAs?$AAt?$AAa?$AAn?$AAc?$AAe?$AA?5?$AAf?$AAa?$AAi?$AAl?$AAe?$AAd?$AA?0?$AA?5?$AAr?$AAe?$AAs?$AAu?$AAl?$AAt?$AA?$DN@ 01001b78     common.obj
 0001:00000bc8       ??_C@_0EM@NGCOOFDG@c?3?2zeus?5projects?2last?2src_curren@ 01001bc8     common.obj
 0001:00000c14       ??_C@_0BN@JLMDAHLB@ComLibrary?3?3_createInterface?$AA@ 01001c14     common.obj
 0001:00000c34       ??_C@_0M@NBEFIDNO@9?$BP?$AB?$AH?$BF?$BJ?$BK3?$BJ?$AN?$BP?$AA@ 01001c34     cryptedstrings.obj
 0001:00000c40       ??_C@_0DM@MHPMAFNM@?$BM?$AB?$AL?$BI?$BM?$AL?$BL?$AN?$BL?$AL?0?81?92?19?$CK?$AB?$AL24?$DN7?5?$CFu?$BK?$AH?$AO?$BC?$CF@ 01001c40     cryptedstrings.obj
 0001:00000c7c       ??_C@_0N@IDNFPANE@?$AB?$CD?4?$CK?$AF?$CB?$CJ8$6?$DO?$AH?$AA@ 01001c7c     cryptedstrings.obj
 0001:00000c8c       ??_C@_04MCDIEMAM@eUC?$FO?$AA@ 01001c8c     cryptedstrings.obj
 0001:00000c94       ??_C@_0O@KCBGGAND@?y?z?h?m?$PN?w?$PN?B?$LH?w?$LO?$LE?e?$AA@ 01001c94     cryptedstrings.obj
 0001:00000ca4       ??_C@_08OJGDHNAE@?C?$MA?N?G?e?$PP?a?q?$AA@ 01001ca4     cryptedstrings.obj
 0001:00000cb0       ??_C@_0DE@NJOJMOFC@?1?$BC?$BI?$AL?$AP?$BI?$AI?$BO?$CI8?$BP?$BE?$AC?$BO?$AB?$BM?6?$BJ2?$CG?$AG?$BN?$AP?$BJ?6?$AA?$BCG?$CF?$BJ?$BC?$AP@ 01001cb0     cryptedstrings.obj
 0001:00000ce4       ??_C@_04HCLOMPNH@rlp2?$AA@ 01001ce4     cryptedstrings.obj
 0001:00000cec       ??_C@_09BCLCPNIP@?$KM?$IG?$IK?$II?$IB?$IJ?$IL?$LI?X?$AA@ 01001cec     cryptedstrings.obj
 0001:00000cf8       ??_C@_0N@IOKOGGGI@boqxca?$HPi?9gye?$AA@ 01001cf8     cryptedstrings.obj
 0001:00000d08       ??_C@_0BK@HKJLDAAP@zN?$FO?2?$FL?$FN_?$BKQUCW?$BBVA?$FN?$EA?$BG?$AP?$ALZ?$CC?$CB?$APv?$AA@ 01001d08     cryptedstrings.obj
 0001:00000d24       ??_C@_0N@DENKNDDO@?$AP?$AM?$BC?$BK?$BC?$BG?$BM?$ALY?$BP?$BL?$BN?$AA@ 01001d24     cryptedstrings.obj
 0001:00000d34       ??_C@_04DIDICBDG@THX?$EA?$AA@ 01001d34     cryptedstrings.obj
 0001:00000d3c       ??_C@_07NIPCGAAM@?$KA?$KH?$LC?$KE?$PP?$LK?$KA?$AA@ 01001d3c     cryptedstrings.obj
 0001:00000d44       ??_C@_09FJJJLKE@?$NO?W?G?J?O?$IN?D?M?B?$AA@ 01001d44     cryptedstrings.obj
 0001:00000d50       ??_C@_0CN@FKCEGIIB@?$JK?$IH?$IN?$JO?$JK?$IN?$JN?$IL?$JN?$IN?$KK?$KB?$LH?$KL?$LE?$KJ?$LP?$KM?$IH?$IN?$LE?$LC?$LL?$LB?$KG?$KD?s?$JM?$IB?$II?$JE?$KD@ 01001d50     cryptedstrings.obj
 0001:00000d80       ??_C@_0BM@HMMDPMIB@nMNI?$FL?$FO?$AEmIEJ?$EAJLF?$BK?$BPWYYUNPLN?$DL?$DP?$AA@ 01001d80     cryptedstrings.obj
 0001:00000d9c       ??_C@_04MNMJHFNP@?$DL?565?$AA@ 01001d9c     cryptedstrings.obj
 0001:00000da4       ??_C@_0M@LLBFBKBN@oi?$HPkaSj?$HMsoq?$AA@ 01001da4     cryptedstrings.obj
 0001:00000db0       ??_C@_0BM@FNGMPKHL@?$LF?$JG?$IA?$JC?$JA?$JB?$JP?$NP?$LG?$JI?$IA?$JG?$JC?$JK?$IO?$KL?$IO?$IA?$JI?$IO?$IK?$IC?$JG?A?$IF?$JJ?$IH?$AA@ 01001db0     cryptedstrings.obj
 0001:00000dcc       ??_C@_03GNAJJCOH@?359?$AA@ 01001dcc     cryptedstrings.obj
 0001:00000dd0       ??_C@_03BEHOIHDN@?$HM?$FOE?$AA@ 01001dd0     cryptedstrings.obj
 0001:00000dd4       ??_C@_03BGDKHHCM@?$LP?$KA?$KK?$AA@ 01001dd4     cryptedstrings.obj
 0001:00000dd8       ??_C@_0BD@CCOIINHG@?$DM?$BB?$BD?$AI?$BO?$BE?$ANU?$CD?$AP?$AF?$BBIRT?$ADbd?$AA@ 01001dd8     cryptedstrings.obj
 0001:00000dec       ??_C@_09JNFKAENI@VJJI?$AI?$BDZS?2?$AA@ 01001dec     cryptedstrings.obj
 0001:00000df8       ??_C@_05PAMOMLDP@?$JK?$IK?v?$MA?$MA?$AA@ 01001df8     cryptedstrings.obj
 0001:00000e00       ??_C@_0M@CIDNCDAP@?$HN?$HOp?$HNL?2nXWKU?$AA@ 01001e00     cryptedstrings.obj
 0001:00000e0c       ??_C@_0BB@KAGIMIFO@30?$DO?1?$BH?$AD?$AL0?$CI?3?3?$AH?$AM?$AF?$AI?$BI?$AA@ 01001e0c     cryptedstrings.obj
 0001:00000e20       ??_C@_0P@EKMKGOGK@?$KJ?$PO?$LE?$KA?$KH?$KM?y?$LB?$KB?v?F?$KC?s?$KO?$AA@ 01001e20     cryptedstrings.obj
 0001:00000e30       ??_C@_0BO@HGOIJDON@?j?$PO?n?l?k?m?o?V?$KA?W?X?$KD?$LB?$LC?v?$NN?$LI?$KM?$KN?k?F?$LN?$KL?$KI?$OA?$LK?c?n?e?$AA@ 01001e30     cryptedstrings.obj
 0001:00000e50       ??_C@_0CH@LOCGKKIJ@Szyp?$HMtNO_ulpu?$HMFGEuvkibcweb?$GASkaxd@ 01001e50     cryptedstrings.obj
 0001:00000e78       ??_C@_09ELDMEHFE@?$KO?$KL?$KE?$KD?$KG?m?$KG?$KJ?$KJ?$AA@ 01001e78     cryptedstrings.obj
 0001:00000e84       ??_C@_0L@BANBBACG@Yb?$EAvxtb?$HOn?$HM?$AA@ 01001e84     cryptedstrings.obj
 0001:00000e90       ??_C@_0BN@KEBLOHDM@?$CJ8?$CK?$DM?$DL1?15?$DN?8?$CD?$ANs$?$AIpz?$HP0?$BGk?$HPt5l?$CJ0?$CG?$AA@ 01001e90     cryptedstrings.obj
 0001:00000eb0       ??_C@_0BA@JDMODACF@x?$FLM_?$FN?2Rn?$HLUM?$FL_WC?$AA@ 01001eb0     cryptedstrings.obj
 0001:00000ec0       ??_C@_0P@EJFDHELC@?$BE7?$CF?$AA?$CF96?$BF?$DP?$DO?$CL?$DN?0?9?$AA@ 01001ec0     cryptedstrings.obj
 0001:00000ed0       ??_C@_07BODBBEOH@vljnhqk?$AA@ 01001ed0     cryptedstrings.obj
 0001:00000ed8       ??_C@_0BP@FKDKJIOD@?c?E?$NM?L?$NM?A?I?Y?$IC?f?X?Q?J?H?V?$MA?H?g?Q?$NM?F?O?P?R?$MA?V?$JO?T?N?R?$AA@ 01001ed8     cryptedstrings.obj
 0001:00000ef8       ??_C@_0CD@JAIMLCII@2?1?0?$CJ?$FO?$BO?7?7?$BK?$BG?$BO?$AF?$BP?$BE?$BF?$AB?$AD?$AE?$AGIF?6?$AC?$AO?$AN?$AH?$AF?$AFO?$FND?$EA@ 01001ef8     cryptedstrings.obj
 0001:00000f1c       ??_C@_07PBPLCACG@?$AP?$AM?$AC?$AM465?$AA@ 01001f1c     cryptedstrings.obj
 0001:00000f24       ??_C@_09FNOBFGBP@?w?r?$PN?z?$PP?$LE?h?w?q?$AA@ 01001f24     cryptedstrings.obj
 0001:00000f30       ??_C@_0BEH@LIOBIGPA@?$KH?$KA?$LF?$KD?$IJ?$KH?$KG?$LA?$LM?s?z?$LH?$LL?$KL?$KL?$LC?$LA?$KI?n?$KC?$KJ?$KI?$KP?$KM?$KP?e?$KL?$KG?$KB?$KE?$KF?$KI@ 01001f30     cryptedstrings.obj
 0001:00001078       ??_C@_0CN@JIJKCE@?$CBv?$AMUeggqi?$HP4?1?9Z?$AA?4gEYDD1vrh?$HM$?$BFMj?$HPi@ 01002078     cryptedstrings.obj
 0001:000010a8       ??_C@_07KFDCFNBK@?2F?$EADB?$FLA?$AA@ 010020a8     cryptedstrings.obj
 0001:000010b0       ??_C@_09GIODHEFL@?$JD?$LJ?$LF?$LH?$LO?$LG?$LE?$IH?f?$AA@ 010020b0     cryptedstrings.obj
 0001:000010bc       ??_C@_03FAGEFJJF@YJM?$AA@  010020bc     cryptedstrings.obj
 0001:000010c0       ??_C@_07IENDNIAH@?g?d?j?f?V?S?U?$AA@ 010020c0     cryptedstrings.obj
 0001:000010c8       ??_C@_08BPPLJEFH@rnm?06?$HNvw?$AA@ 010020c8     cryptedstrings.obj
 0001:000010d4       ??_C@_03KJGGJOKD@?$JP?W?I?$AA@ 010020d4     cryptedstrings.obj
 0001:000010d8       ??_C@_04JNFFIHCM@?Z?$JB?$JK?$JL?$AA@ 010020d8     cryptedstrings.obj
 0001:000010e0       ??_C@_0DD@HONGOKOG@?$AD?$BO?$BN?$BIo?188?$CL?8?14?4?$CF$0257b?$HP?$CL?49?$CB?$DM0?$DN2kwq@ 010020e0     cryptedstrings.obj
 0001:00001114       ??_C@_0M@EONHCEBB@S?$AE?$CLPBK?$CITNG$?$AA@ 01002114     cryptedstrings.obj
 0001:00001120       ??_C@_0BF@CJJNBOOF@?1?$ABI?$CI?$AN?$AH?7?$AH?$AH?6?$AI?$EA9?$AC?$AG?6?$BDMy?$HP?$AA@ 01002120     cryptedstrings.obj
 0001:00001138       ??_C@_0M@DADCLNAO@?$BG?$BI?$AA?$BG?$BC?$BK?$AOY?$BN?$AB?$BP?$AA@ 01002138     cryptedstrings.obj
 0001:00001144       ??_C@_0CC@PONPGENK@uef?$HLyrsgurp0?$GA4mls?$CI?$GAhrl?1v?$HOakakfnn@ 01002144     cryptedstrings.obj
 0001:00001168       ??_C@_0L@GOEOMDJA@?h?m?b?e?$OA?$KL?m?v?l?o?$AA@ 01002168     cryptedstrings.obj
 0001:00001174       ??_C@_0BG@ICONOONF@?d?g?i?p?U?E?$PM?R?Q?X?x?P?J?p?$NO?$NO?J?Q?O?S?Y?$AA@ 01002174     cryptedstrings.obj
 0001:0000118c       ??_C@_08PMGBGANK@LOA?2tvi?$HO?$AA@ 0100218c     cryptedstrings.obj
 0001:00001198       ??_C@_0M@DFKIOAHN@IJD?$FNxhZlc?$HPa?$AA@ 01002198     cryptedstrings.obj
 0001:000011a4       ??_C@_09JHJIIPIK@?b?l?n?n?$PO?k?j?q?x?$AA@ 010021a4     cryptedstrings.obj
 0001:000011b0       ??_C@_07DEOLHEKL@Gmacjb?$GA?$AA@ 010021b0     cryptedstrings.obj
 0001:000011b8       ??_C@_0BB@JNHPBJAD@?x?$NL?E?M?E?A?K?f?M?$MA?E?F?t?D?R?O?$AA@ 010021b8     cryptedstrings.obj
 0001:000011cc       ??_C@_09CDAIGII@?X?$PL?e?m?e?a?k?$KK?u?$AA@ 010021cc     cryptedstrings.obj
 0001:000011d8       ??_C@_0FG@ELCJLDBM@Y?$FOK?$FNwYXNB?$AN?$AEERNUPYO?$BALLXHOAE?$BI__?2WC@ 010021d8     cryptedstrings.obj
 0001:00001230       ??_C@_0BB@LEFCNHLC@?$KL?$IH?$IK?$IF?$JP?$IL?$IF?$LI?$JF?$IJ?$IB?$JB?$IA?$JG?$KI?$IE?$AA@ 01002230     cryptedstrings.obj
 0001:00001244       ??_C@_0N@PFFHNIOE@?$BI?$AE?$AP?$BC?$BG?6?$BO?$AI?$FL?$BB?$AP?$BD?$AA@ 01002244     cryptedstrings.obj
 0001:00001258       ??_C@_1EC@KFMCOOMF@?$AAH?$AAo?$AAo?$AAk?$AAs?$AA?5?$AAi?$AAn?$AAs?$AAt?$AAa?$AAl?$AAl?$AAe?$AAd?$AA?5?$AAf?$AAo?$AAr?$AA?5?$AAi?$AAe?$AAx?$AAp?$AAl?$AAo?$AAr?$AAe?$AA?4?$AAe?$AAx?$AAe@ 01002258     DllCore.obj
 0001:0000129c       ??_C@_0DP@BNCDJFGB@C?3?2Zeus?5projects?2last?2src_curren@ 0100229c     DllCore.obj
 0001:000012dc       ??_C@_09KJBJCMJB@initHooks?$AA@ 010022dc     DllCore.obj
 0001:000012e8       ??_C@_1DM@DCBIBLOE@?$AAH?$AAo?$AAo?$AAk?$AAs?$AA?5?$AAi?$AAn?$AAs?$AAt?$AAa?$AAl?$AAl?$AAe?$AAd?$AA?5?$AAf?$AAo?$AAr?$AA?5?$AAn?$AAs?$AAp?$AAr?$AA4?$AA?4?$AAd?$AAl?$AAl?$AA?$AA@ 010022e8     DllCore.obj
 0001:00001328       ??_C@_1EA@MINNCPKO@?$AAi?$AAe?$AAx?$AAp?$AAl?$AAo?$AAr?$AAe?$AA?4?$AAe?$AAx?$AAe?$AA?5?$AAh?$AAo?$AAo?$AAk?$AAs?$AA?5?$AAu?$AAn?$AAi?$AAn?$AAs?$AAt?$AAa?$AAl?$AAl?$AAe?$AAd?$AA?4?$AA?$AA@ 01002328     DllCore.obj
 0001:00001368       ??_C@_0M@MAFAMKIC@unInitHooks?$AA@ 01002368     DllCore.obj
 0001:00001374       ??_C@_1DK@KDBGJPN@?$AAn?$AAs?$AAp?$AAr?$AA4?$AA?4?$AAd?$AAl?$AAl?$AA?5?$AAh?$AAo?$AAo?$AAk?$AAs?$AA?5?$AAu?$AAn?$AAi?$AAn?$AAs?$AAt?$AAa?$AAl?$AAl?$AAe?$AAd?$AA?4?$AA?$AA@ 01002374     DllCore.obj
 0001:000013b0       ??_C@_1DA@IGBBOOEB@?$AAB?$AAa?$AAd?$AA?5?$AAw?$AAi?$AAn?$AAd?$AAo?$AAw?$AAs?$AA?5?$AAv?$AAe?$AAr?$AAs?$AAi?$AAo?$AAn?$AA?5?$AA?$CF?$AAu?$AA?4?$AA?$AA@ 010023b0     DllCore.obj
 0001:000013e0       ??_C@_0M@IGNEHIA@initOsBasic?$AA@ 010023e0     DllCore.obj
 0001:000013ec       ??_C@_1DC@NNDLAEJB@?$AAU?$AAn?$AAk?$AAn?$AAo?$AAw?$AAn?$AA?5?$AAi?$AAn?$AAt?$AAe?$AAg?$AAr?$AAi?$AAt?$AAy?$AA?5?$AAl?$AAe?$AAv?$AAe?$AAl?$AA?4?$AA?$AA@ 010023ec     DllCore.obj
 0001:00001420       ??_C@_1EC@CDMBJOMF@?$AAF?$AAa?$AAi?$AAl?$AAe?$AAd?$AA?5?$AAt?$AAo?$AA?5?$AAc?$AAr?$AAe?$AAa?$AAt?$AAe?$AA?5?$AAg?$AAl?$AAo?$AAb?$AAa?$AAl?$AA?5?$AAh?$AAa?$AAn?$AAd?$AAl?$AAe?$AAs?$AA?4@ 01002420     DllCore.obj
 0001:00001464       ??_C@_0M@BMFCFLP@initHandles?$AA@ 01002464     DllCore.obj
 0001:00001470       ??_C@_1EI@POEPMAFM@?$AAr?$AAe?$AAq?$AAu?$AAe?$AAs?$AAt?$AAD?$AAa?$AAt?$AAa?$AA?9?$AA?$DO?$AAu?$AAr?$AAl?$AA?$DN?$AA?$FL?$AA?$CF?$AAS?$AA?$FN?$AA?5?$AAm?$AAa?$AAt?$AAc?$AAh?$AAe?$AAd?$AA?5?$AA?$FL?$AA?$CF@ 01002470     httpgrabber.obj
 0001:000014b8       ??_C@_0ED@NOCKEFEG@C?3?2Zeus?5projects?2last?2src_curren@ 010024b8     httpgrabber.obj
 0001:000014fc       ??_C@_0BG@HNJJBPIP@checkRequestForInject?$AA@ 010024fc     httpgrabber.obj
 0001:00001518       ??_C@_1EC@PKMIOOIL@?$AAC?$AAu?$AAr?$AAr?$AAe?$AAn?$AAt?$AA?5?$AAc?$AAo?$AAn?$AAf?$AAi?$AAg?$AAu?$AAr?$AAa?$AAt?$AAi?$AAo?$AAn?$AA?5?$AAc?$AAo?$AAr?$AAr?$AAu?$AAp?$AAt?$AAe?$AAd?$AA?$CB@ 01002518     httpgrabber.obj
 0001:00001560       ??_C@_1GE@KCDCLJGG@?$AAU?$AAn?$AAk?$AAn?$AAo?$AAw?$AAn?$AA?5?$AAi?$AAn?$AAj?$AAe?$AAc?$AAt?$AA?5?$AAd?$AAe?$AAt?$AAe?$AAc?$AAt?$AAe?$AAd?$AA?0?$AA?5?$AAc?$AAu?$AAr?$AAI?$AAn?$AAj?$AAe@ 01002560     httpgrabber.obj
 0001:000015c8       ??_C@_1GA@MDOCOIIB@?$AAr?$AAe?$AAq?$AAu?$AAe?$AAs?$AAt?$AAD?$AAa?$AAt?$AAa?$AA?9?$AA?$DO?$AAu?$AAr?$AAl?$AA?$DN?$AA?$FL?$AA?$CF?$AAS?$AA?$FN?$AA?5?$AAm?$AAa?$AAt?$AAc?$AAh?$AAe?$AAd?$AA?5?$AAc?$AAa@ 010025c8     httpgrabber.obj
 0001:00001628       ??_C@_0BH@POABHDHN@checkRequestForCapchas?$AA@ 01002628     httpgrabber.obj
 0001:00001640       ??_C@_1BEK@COLMMJLD@?$AAr?$AAe?$AAq?$AAu?$AAe?$AAs?$AAt?$AAD?$AAa?$AAt?$AAa?$AA?9?$AA?$DO?$AAh?$AAa?$AAn?$AAd?$AAl?$AAe?$AA?$DN?$AA?$FL?$AA0?$AAx?$AA?$CF?$AAp?$AA?$FN?$AA?0?$AA?5?$AAr?$AAe?$AAq?$AAu@ 01002640     httpgrabber.obj
 0001:0000178c       ??_C@_0CA@GJJIDBCO@HttpGrabber?3?3analizeRequestData?$AA@ 0100278c     httpgrabber.obj
 0001:000017b0       ??_C@_1GO@HJEOEJCP@?$AAr?$AAe?$AAq?$AAu?$AAe?$AAs?$AAt?$AAD?$AAa?$AAt?$AAa?$AA?9?$AA?$DO?$AAu?$AAr?$AAl?$AA?$DN?$AA?$FL?$AA?$CF?$AAS?$AA?$FN?$AA?5?$AAm?$AAa?$AAt?$AAc?$AAh?$AAe?$AAd?$AA?5?$AA?$FL?$AA?$CF@ 010027b0     httpgrabber.obj
 0001:00001820       ??_C@_13IMODFHAA@?$AA?9?$AA?$AA@ 01002820     httpgrabber.obj
 0001:00001828       ??_C@_1EK@DJBDLPHD@?$AAA?$AAc?$AAc?$AAe?$AAp?$AAt?$AAe?$AAd?$AA?5?$AA?$CF?$AAu?$AA?5?$AAi?$AAn?$AAj?$AAe?$AAc?$AAt?$AAs?$AA?5?$AAf?$AAo?$AAr?$AA?5?$AAc?$AAu?$AAr?$AAr?$AAe?$AAn?$AAt?$AA?5@ 01002828     httpgrabber.obj
 0001:00001878       ??_C@_1FC@IFDNKPKA@?$AAC?$AAu?$AAr?$AAr?$AAe?$AAn?$AAt?$AA?5?$AAU?$AAR?$AAL?$AA?5?$AAd?$AAe?$AAt?$AAe?$AAc?$AAt?$AAe?$AAd?$AA?5?$AAa?$AAs?$AA?5?$AAc?$AAa?$AAp?$AAt?$AAc?$AAh?$AAa?$AA?5@ 01002878     httpgrabber.obj
 0001:000018cc       ??_C@_1CI@CFDKIJLA@?$AAC?$AAo?$AAn?$AAt?$AAe?$AAx?$AAt?$AA?5?$AAn?$AAo?$AA?5?$AAm?$AAa?$AAt?$AAc?$AAh?$AAe?$AAd?$AA?4?$AA?$AA@ 010028cc     httpgrabber.obj
 0001:000018f4       ??_C@_0BN@BLGBOEHC@HttpGrabber?3?3_executeInjects?$AA@ 010028f4     httpgrabber.obj
 0001:00001914       ??_C@_0M@EKJLAIDE@?$CFopensocks?$CF?$AA@ 01002914     httpgrabber.obj
 0001:00001920       ??_C@_0M@PJBIIJKH@Global?2s_ev?$AA@ 01002920     httpgrabber.obj
 0001:0000192c       ??_C@_1CO@JKCJOFHO@?$AAE?$AAv?$AAe?$AAn?$AAt?$AA?5?$AAc?$AAr?$AAe?$AAa?$AAt?$AAi?$AAo?$AAn?$AA?5?$AAf?$AAa?$AAi?$AAl?$AAe?$AAd?$AA?4?$AA?$AA@ 0100292c     httpgrabber.obj
 0001:0000195c       ??_C@_1CI@OPPFANOO@?$AAE?$AAv?$AAe?$AAn?$AAt?$AA?5?$AAh?$AAa?$AAs?$AA?5?$AAb?$AAe?$AAe?$AAn?$AA?5?$AAs?$AAe?$AAt?$AA?$CB?$AA?$AA@ 0100295c     httpgrabber.obj
 0001:00001984       ??_C@_09HOPCLNFB@?$CFopenvnc?$CF?$AA@ 01002984     httpgrabber.obj
 0001:00001990       ??_C@_0M@DBPIAGNH@Global?2v_ev?$AA@ 01002990     httpgrabber.obj
 0001:0000199c       ??_C@_1DE@NACNOJJE@?$AAE?$AAv?$AAe?$AAn?$AAt?$AA?5?$AA?$CD?$AA2?$AA?5?$AAc?$AAr?$AAe?$AAa?$AAt?$AAi?$AAo?$AAn?$AA?5?$AAf?$AAa?$AAi?$AAl?$AAe?$AAd?$AA?4?$AA?$AA@ 0100299c     httpgrabber.obj
 0001:000019d0       ??_C@_1DA@CFEFFPDG@?$AAE?$AAv?$AAe?$AAn?$AAt?$AA?5?$AA?$CD?$AA2?$AA?5?$AAh?$AAa?$AAs?$AA?5?$AAb?$AAe?$AAe?$AAn?$AA?5?$AAs?$AAe?$AAt?$AA?$CB?$AA?5?$AA?$AA@ 010029d0     httpgrabber.obj
 0001:00001a00       ??_C@_07LCDOBLAK@?$CFBOTID?$CF?$AA@ 01002a00     httpgrabber.obj
 0001:00001a08       ??_C@_1DC@GLHMLOIL@?$AAF?$AAo?$AAu?$AAn?$AAd?$AA?5?$AA?$CF?$AAB?$AAO?$AAT?$AAI?$AAD?$AA?$CF?$AA?5?$AAi?$AAn?$AA?5?$AAi?$AAn?$AAj?$AAe?$AAc?$AAt?$AA?4?$AA?$AA@ 01002a08     httpgrabber.obj
 0001:00001a3c       ??_C@_1BG@FEJCHIKJ@?$AAp?$AAa?$AAt?$AAh?$AA?$DN?$AA?$FL?$AA?$CF?$AAs?$AA?$FN?$AA?4?$AA?$AA@ 01002a3c     nspr4hook.obj
 0001:00001a58       ??_C@_0EB@MJOFAIEG@C?3?2Zeus?5projects?2last?2src_curren@ 01002a58     nspr4hook.obj
 0001:00001a9c       ??_C@_0BG@CPBGHMCJ@enumProfilesForUserJs?$AA@ 01002a9c     nspr4hook.obj
 0001:00001ab4       ??_C@_07MOMMIIKD@HTTP?11?4?$AA@ 01002ab4     nspr4hook.obj
 0001:00001abc       ??_C@_04CPPPJGME@Host?$AA@ 01002abc     nspr4hook.obj
 0001:00001ac4       ??_C@_0P@HOJGPHBA@Content?9Length?$AA@ 01002ac4     nspr4hook.obj
 0001:00001ad8       ??_C@_1EM@OMBJJEAA@?$AA?$CI?$AAb?$AAy?$AAt?$AAe?$AAs?$AAT?$AAo?$AAS?$AAk?$AAi?$AAp?$AA?5?$AA?$DM?$AA?5?$AAp?$AAo?$AAs?$AAt?$AAD?$AAa?$AAt?$AAa?$AAS?$AAi?$AAz?$AAe?$AA?$CJ?$AA?5?$AA?$DN?$AA?$DN?$AA?5@ 01002ad8     nspr4hook.obj
 0001:00001b24       ??_C@_0BA@PJAKDGAK@fillRequestData?$AA@ 01002b24     nspr4hook.obj
 0001:00001b38       ??_C@_1EA@MACMELKL@?$AAb?$AAy?$AAt?$AAe?$AAs?$AAT?$AAo?$AAS?$AAk?$AAi?$AAp?$AA?$DN?$AA?$CF?$AAi?$AA?0?$AA?5?$AAp?$AAo?$AAs?$AAt?$AAD?$AAa?$AAt?$AAa?$AAS?$AAi?$AAz?$AAe?$AA?$DN?$AA?$CF?$AAi?$AA?$AA@ 01002b38     nspr4hook.obj
 0001:00001b78       ??_C@_07FGAOOBMN@http?3?1?1?$AA@ 01002b78     nspr4hook.obj
 0001:00001b80       ??_C@_09FNILHMOF@NSS?5layer?$AA@ 01002b80     nspr4hook.obj
 0001:00001b8c       ??_C@_08MFLLBFBE@https?3?1?1?$AA@ 01002b8c     nspr4hook.obj
 0001:00001b98       ??_C@_07EJAMNJLN@Referer?$AA@ 01002b98     nspr4hook.obj
 0001:00001ba0       ??_C@_0N@LAFFMKKA@Content?9Type?$AA@ 01002ba0     nspr4hook.obj
 0001:00001bb0       ??_C@_0O@NAFGPKMI@Authorization?$AA@ 01002bb0     nspr4hook.obj
 0001:00001bc0       ??_C@_1CK@IAENFPLL@?$AA?$CI?$AAd?$AAa?$AAt?$AAa?$AAP?$AAo?$AAs?$AA?5?$AA?$DN?$AA?$DN?$AA?5?$AAr?$AAe?$AAq?$AAu?$AAe?$AAs?$AAt?$AA?$CJ?$AA?$AA@ 01002bc0     nspr4hook.obj
 0001:00001bec       ??_C@_0BE@MCBANCHB@analizeHttpResponse?$AA@ 01002bec     nspr4hook.obj
 0001:00001c00       ??_C@_1FG@PIFIBJJK@?$AAB?$AAa?$AAd?$AA?5?$AAH?$AAT?$AAT?$AAP?$AA?9?$AAv?$AAe?$AAr?$AAs?$AAi?$AAo?$AAn?$AA?3?$AA?5?$AAh?$AAe?$AAa?$AAd?$AAe?$AAr?$AA?$DN?$AA?$CF?$AAS?$AA?0?$AA?5?$AAh?$AAe?$AAa@ 01002c00     nspr4hook.obj
 0001:00001c58       ??_C@_1DA@NEJFFGEE@?$AAB?$AAa?$AAd?$AA?5?$AAr?$AAe?$AAs?$AAp?$AAo?$AAn?$AAs?$AAe?$AA?5?$AAs?$AAt?$AAa?$AAt?$AAu?$AAs?$AA?4?$AA?5?$AA?$CF?$AAs?$AA?$AA@ 01002c58     nspr4hook.obj
 0001:00001c88       ??_C@_0BC@ELHLFCNH@Transfer?9Encoding?$AA@ 01002c88     nspr4hook.obj
 0001:00001c9c       ??_C@_07KCKHAHHI@chunked?$AA@ 01002c9c     nspr4hook.obj
 0001:00001ca8       ??_C@_1GO@OFCIMDAN@?$AAB?$AAa?$AAd?$AA?5?$AAT?$AAr?$AAa?$AAn?$AAs?$AAf?$AAe?$AAr?$AA?9?$AAE?$AAn?$AAc?$AAo?$AAd?$AAi?$AAn?$AAg?$AA?5?$AAh?$AAe?$AAa?$AAd?$AAe?$AAr?$AA?3?$AA?5?$AAh?$AAe@ 01002ca8     nspr4hook.obj
 0001:00001d18       ??_C@_1GI@JCMGAHBD@?$AAB?$AAa?$AAd?$AA?5?$AAC?$AAo?$AAn?$AAt?$AAe?$AAn?$AAt?$AA?9?$AAL?$AAe?$AAn?$AAg?$AAt?$AAh?$AA?5?$AAh?$AAe?$AAa?$AAd?$AAe?$AAr?$AA?3?$AA?5?$AAh?$AAe?$AAa?$AAd?$AAe@ 01002d18     nspr4hook.obj
 0001:00001d80       ??_C@_0L@PJJKMLL@Connection?$AA@ 01002d80     nspr4hook.obj
 0001:00001d8c       ??_C@_05LBOHBHFK@close?$AA@ 01002d8c     nspr4hook.obj
 0001:00001d94       ??_C@_0BB@MLFPABGO@Proxy?9Connection?$AA@ 01002d94     nspr4hook.obj
 0001:00001da8       ??_C@_1HC@CPLEKOBO@?$AAH?$AAR?$AAI?$AAF?$AA_?$AAD?$AAE?$AAF?$AAI?$AAN?$AAE?$AAD?$AA_?$AAL?$AAE?$AAN?$AAG?$AAT?$AAH?$AA?0?$AA?5?$AAc?$AAu?$AAr?$AAS?$AAi?$AAz?$AAe?$AA?$DN?$AA?$CF?$AAu?$AA?0@ 01002da8     nspr4hook.obj
 0001:00001e1c       ??_C@_0BI@JCHDNKFF@analizeHttpResponseBody?$AA@ 01002e1c     nspr4hook.obj
 0001:00001e38       ??_C@_1EE@HFCOHLJF@?$AAH?$AAR?$AAI?$AAF?$AA_?$AAD?$AAE?$AAF?$AAI?$AAN?$AAE?$AAD?$AA_?$AAC?$AAH?$AAU?$AAN?$AAK?$AAE?$AAD?$AA?0?$AA?5?$AAc?$AAu?$AAr?$AAS?$AAi?$AAz?$AAe?$AA?$DN?$AA?$CF?$AAu@ 01002e38     nspr4hook.obj
 0001:00001e7c       ??_C@_02PCIJFNDE@?$AN?6?$AA@ 01002e7c     nspr4hook.obj
 0001:00001e80       ??_C@_01EEMJAFIK@?6?$AA@   01002e80     nspr4hook.obj
 0001:00001e88       ??_C@_1EA@FOFFNFNA@?$AAH?$AAR?$AAI?$AAF?$AA_?$AAD?$AAE?$AAF?$AAI?$AAN?$AAE?$AAD?$AA_?$AAC?$AAL?$AAO?$AAS?$AAE?$AA?0?$AA?5?$AAc?$AAu?$AAr?$AAS?$AAi?$AAz?$AAe?$AA?$DN?$AA?$CF?$AAu?$AA?4?$AA?$AA@ 01002e88     nspr4hook.obj
 0001:00001ec8       ??_C@_1DG@LLJKIFHO@?$AAi?$AAn?$AAf?$AAo?$AA?9?$AA?$DO?$AAc?$AAo?$AAn?$AAt?$AAe?$AAn?$AAt?$AAE?$AAn?$AAd?$AAO?$AAf?$AAf?$AAs?$AAe?$AAt?$AA?$DN?$AA?$CF?$AAu?$AA?4?$AA?$AA@ 01002ec8     nspr4hook.obj
 0001:00001f00       ??_C@_1EA@MINDNOKA@?$AAC?$AAo?$AAn?$AAn?$AAe?$AAc?$AAt?$AAi?$AAo?$AAn?$AA?5?$AA0?$AAx?$AA?$CF?$AAp?$AA?5?$AAa?$AAd?$AAd?$AAe?$AAd?$AA?5?$AAt?$AAo?$AA?5?$AAt?$AAa?$AAb?$AAl?$AAe?$AA?4?$AA?$AA@ 01002f00     nspr4hook.obj
 0001:00001f40       ??_C@_0CB@PCKKGCLH@Nspr4Hook?3?3hookerPrOpenTcpSocket@ 01002f40     nspr4hook.obj
 0001:00001f68       ??_C@_1IC@MKDPHDKD@?$AAC?$AAo?$AAn?$AAn?$AAe?$AAc?$AAt?$AAi?$AAo?$AAn?$AA?5?$AA0?$AAx?$AA?$CF?$AAp?$AA?5?$AAr?$AAe?$AAm?$AAo?$AAv?$AAe?$AAd?$AA?5?$AAf?$AAr?$AAo?$AAm?$AA?5?$AAt?$AAa?$AAb@ 01002f68     nspr4hook.obj
 0001:00001fec       ??_C@_0BJ@GBKMIFHM@Nspr4Hook?3?3hookerPrClose?$AA@ 01002fec     nspr4hook.obj
 0001:00002008       ??_C@_1FM@JLHDPABC@?$AAh?$AAo?$AAo?$AAk?$AAe?$AAr?$AAP?$AAr?$AAR?$AAe?$AAa?$AAd?$AA?5?$AAc?$AAa?$AAl?$AAl?$AAe?$AAd?$AA?0?$AA?5?$AAc?$AAo?$AAn?$AAn?$AAe?$AAc?$AAt?$AAi?$AAo?$AAn?$AA?5@ 01003008     nspr4hook.obj
 0001:00002064       ??_C@_0BI@NFDHGCCN@Nspr4Hook?3?3hookerPrRead?$AA@ 01003064     nspr4hook.obj
 0001:00002080       ??_C@_1GE@DCDHCCPK@?$AAh?$AAo?$AAo?$AAk?$AAe?$AAr?$AAP?$AAr?$AAR?$AAe?$AAa?$AAd?$AA?5?$AAc?$AAa?$AAl?$AAl?$AAe?$AAd?$AA?0?$AA?5?$AAc?$AAo?$AAn?$AAn?$AAe?$AAc?$AAt?$AAi?$AAo?$AAn?$AA?5@ 01003080     nspr4hook.obj
 0001:000020e8       ??_C@_1LA@CIDELHM@?$AAP?$AAe?$AAn?$AAd?$AAi?$AAn?$AAg?$AA?5?$AAd?$AAa?$AAt?$AAa?$AA?5?$AAd?$AAe?$AAt?$AAe?$AAc?$AAt?$AAe?$AAd?$AA?0?$AA?5?$AAn?$AAc?$AA?9?$AA?$DO?$AAp?$AAe?$AAn?$AAd?$AAi@ 010030e8     nspr4hook.obj
 0001:00002198       ??_C@_1DC@JKHGNCMN@?$AAA?$AAl?$AAl?$AA?5?$AAp?$AAe?$AAn?$AAd?$AAi?$AAn?$AAg?$AA?5?$AAd?$AAa?$AAt?$AAa?$AA?5?$AAs?$AAe?$AAn?$AAd?$AAe?$AAd?$AA?4?$AA?$AA@ 01003198     nspr4hook.obj
 0001:000021cc       ??_C@_1BK@NOKOJONE@?$AAF?$AAa?$AAt?$AAa?$AAl?$AA?5?$AAe?$AAr?$AAr?$AAo?$AAr?$AA?4?$AA?$AA@ 010031cc     nspr4hook.obj
 0001:000021e8       ??_C@_1CI@KFNBLEJE@?$AAn?$AAc?$AA?9?$AA?$DO?$AAr?$AAe?$AAs?$AAp?$AAo?$AAn?$AAs?$AAe?$AAS?$AAi?$AAz?$AAe?$AA?$DN?$AA?$CF?$AAu?$AA?$AA@ 010031e8     nspr4hook.obj
 0001:00002210       ??_C@_1DK@JHLOHPFC@?$AAR?$AAe?$AAa?$AAd?$AA?5?$AAw?$AAh?$AAo?$AAl?$AAe?$AA?5?$AAc?$AAa?$AAp?$AAt?$AAc?$AAh?$AAa?$AA?0?$AA?5?$AAs?$AAi?$AAz?$AAe?$AA?3?$AA?5?$AA?$CF?$AAd?$AA?$AA@ 01003210     nspr4hook.obj
 0001:0000224c       ??_C@_0BB@KFPPKJHF@Content?9Encoding?$AA@ 0100324c     nspr4hook.obj
 0001:00002260       ??_C@_1CE@HFHDJKPJ@?$AAI?$AAn?$AAj?$AAe?$AAc?$AAt?$AAs?$AA?5?$AAd?$AAe?$AAt?$AAe?$AAc?$AAt?$AAe?$AAd?$AA?4?$AA?$AA@ 01003260     nspr4hook.obj
 0001:00002284       ??_C@_1BE@JDDFCJOH@?$AAr?$AAe?$AAa?$AAd?$AAe?$AAd?$AA?$DN?$AA?$CF?$AAi?$AA?$AA@ 01003284     nspr4hook.obj
 0001:00002298       ??_C@_1EG@LFABOHHG@?$AAA?$AAn?$AAa?$AAl?$AAi?$AAz?$AAe?$AA?5?$AAs?$AAu?$AAc?$AAc?$AAe?$AAs?$AAs?$AAe?$AAd?$AA?0?$AA?5?$AAc?$AAo?$AAn?$AAt?$AAe?$AAn?$AAt?$AAS?$AAi?$AAz?$AAe?$AA?$DN?$AA?$CF@ 01003298     nspr4hook.obj
 0001:000022e0       ??_C@_1EE@PFHOAHJD@?$AAI?$AAn?$AAj?$AAe?$AAc?$AAt?$AAs?$AA?5?$AAa?$AAc?$AAc?$AAe?$AAp?$AAt?$AAe?$AAd?$AA?0?$AA?5?$AAc?$AAo?$AAn?$AAt?$AAe?$AAn?$AAt?$AAS?$AAi?$AAz?$AAe?$AA?$DN?$AA?$CF?$AAu@ 010032e0     nspr4hook.obj
 0001:00002324       ??_C@_04GMEAFLDM@?$CFx?$AN?6?$AA@ 01003324     nspr4hook.obj
 0001:0000232c       ??_C@_07MEMIDCKI@?$AN?60?$AN?6?$AN?6?$AA@ 0100332c     nspr4hook.obj
 0001:00002338       ??_C@_1EG@BKPPPPJA@?$AAR?$AAe?$AAs?$AAp?$AAo?$AAn?$AAs?$AAe?$AA?5?$AAp?$AAo?$AAs?$AAt?$AAf?$AAi?$AAx?$AA?5?$AAd?$AAe?$AAt?$AAe?$AAc?$AAt?$AAe?$AAd?$AA?0?$AA?5?$AAs?$AAi?$AAz?$AAe?$AA?$DN@ 01003338     nspr4hook.obj
 0001:00002380       ??_C@_1CM@HCMOKJMJ@?$AAI?$AAn?$AAj?$AAe?$AAc?$AAt?$AAs?$AA?5?$AAn?$AAo?$AAt?$AA?5?$AAa?$AAc?$AAc?$AAe?$AAp?$AAt?$AAe?$AAd?$AA?4?$AA?$AA@ 01003380     nspr4hook.obj
 0001:000023b0       ??_C@_1EO@OOIOMBPH@?$AAR?$AAe?$AAs?$AAp?$AAo?$AAn?$AAs?$AAe?$AA?5?$AAn?$AAo?$AAt?$AA?5?$AAr?$AAe?$AAc?$AAi?$AAv?$AAe?$AAd?$AA?0?$AA?5?$AAb?$AAl?$AAo?$AAc?$AAk?$AAi?$AAn?$AAg?$AA?5?$AAc@ 010033b0     nspr4hook.obj
 0001:00002400       ??_C@_1FM@GGPFCCCD@?$AAA?$AAn?$AAa?$AAl?$AAi?$AAz?$AAe?$AA?5?$AAf?$AAi?$AAn?$AAi?$AAs?$AAh?$AAe?$AAd?$AA?0?$AA?5?$AAr?$AAe?$AAa?$AAd?$AAe?$AAd?$AA?$DN?$AA?$CF?$AAi?$AA?0?$AA?5?$AAa?$AAn?$AAa@ 01003400     nspr4hook.obj
 0001:00002460       ??_C@_1GO@GPKLDLJP@?$AAh?$AAo?$AAo?$AAk?$AAe?$AAr?$AAP?$AAr?$AAW?$AAr?$AAi?$AAt?$AAe?$AA?5?$AAc?$AAa?$AAl?$AAl?$AAe?$AAd?$AA?5?$AAa?$AAm?$AAo?$AAu?$AAn?$AAt?$AA?$DN?$AA?$CF?$AAi?$AA?0?$AA?5@ 01003460     nspr4hook.obj
 0001:000024d0       ??_C@_0BJ@GBPKFEL@Nspr4Hook?3?3hookerPrWrite?$AA@ 010034d0     nspr4hook.obj
 0001:000024ec       ??_C@_1CA@LEBMLJIC@?$AAR?$AAe?$AAq?$AAu?$AAe?$AAs?$AAt?$AA?5?$AAu?$AAr?$AAl?$AA?$DN?$AA?$CF?$AAS?$AA?4?$AA?$AA@ 010034ec     nspr4hook.obj
 0001:0000250c       ??_C@_1DC@FNMJCEEL@?$AAR?$AAe?$AAq?$AAu?$AAe?$AAs?$AAt?$AA?5?$AAu?$AAr?$AAl?$AA?5?$AAu?$AAn?$AAk?$AAn?$AAo?$AAw?$AAn?$AA?5?$AAy?$AAe?$AAt?$AA?4?$AA?$AA@ 0100350c     nspr4hook.obj
 0001:00002540       ??_C@_1MM@OOHKGBNO@?$AAP?$AAe?$AAn?$AAd?$AAi?$AAn?$AAg?$AA?5?$AAd?$AAa?$AAt?$AAa?$AA?5?$AAd?$AAe?$AAt?$AAe?$AAc?$AAt?$AAe?$AAd?$AA?5?$AAn?$AAc?$AA?9?$AA?$DO?$AAp?$AAe?$AAn?$AAd?$AAi?$AAn@ 01003540     nspr4hook.obj
 0001:00002610       ??_C@_1GE@EIAOIJOM@?$AAW?$AAr?$AAi?$AAt?$AAt?$AAe?$AAn?$AA?5?$AA?$CF?$AAi?$AA?5?$AAb?$AAy?$AAt?$AAe?$AAs?$AA?5?$AAo?$AAf?$AA?5?$AAp?$AAe?$AAn?$AAd?$AAi?$AAn?$AAg?$AA?5?$AAd?$AAa?$AAt?$AAa@ 01003610     nspr4hook.obj
 0001:00002678       ??_C@_1JC@OILCBMGK@?$AAA?$AAl?$AAl?$AA?5?$AAp?$AAe?$AAn?$AAd?$AAi?$AAn?$AAg?$AA?5?$AAd?$AAa?$AAt?$AAa?$AA?5?$AAs?$AAe?$AAn?$AAd?$AAe?$AAd?$AA?0?$AA?5?$AAn?$AAc?$AA?9?$AA?$DO?$AAp?$AAe?$AAn@ 01003678     nspr4hook.obj
 0001:00002710       ??_C@_1NA@KLIDEKLE@?$AAN?$AAo?$AAt?$AA?5?$AAa?$AAl?$AAl?$AA?5?$AAp?$AAe?$AAn?$AAd?$AAi?$AAn?$AAg?$AA?5?$AAd?$AAa?$AAt?$AAa?$AA?5?$AAs?$AAe?$AAn?$AAd?$AAe?$AAd?$AA?0?$AA?5?$AAn?$AAc?$AA?9@ 01003710     nspr4hook.obj
 0001:000027e0       ??_C@_1IA@GLBKDKBH@?$AAF?$AAa?$AAi?$AAl?$AAe?$AAd?$AA?5?$AAt?$AAo?$AA?5?$AAs?$AAe?$AAn?$AAd?$AA?5?$AAp?$AAe?$AAn?$AAd?$AAi?$AAn?$AAg?$AA?5?$AAd?$AAa?$AAt?$AAa?$AA?0?$AA?5?$AAc?$AAo?$AAn@ 010037e0     nspr4hook.obj
 0001:00002860       ??_C@_1IC@EKIKIDHN@?$AAB?$AAy?$AAt?$AAe?$AAs?$AA?5?$AAt?$AAo?$AA?5?$AAs?$AAk?$AAi?$AAp?$AA?5?$AAd?$AAe?$AAt?$AAe?$AAc?$AAt?$AAe?$AAd?$AA?0?$AA?5?$AAn?$AAc?$AA?9?$AA?$DO?$AAw?$AAr?$AAi?$AAt@ 01003860     nspr4hook.obj
 0001:000028e8       ??_C@_1GI@HHDGBEIH@?$AAW?$AAr?$AAi?$AAt?$AAt?$AAe?$AAn?$AA?5?$AA?$CF?$AAi?$AA?5?$AAb?$AAy?$AAt?$AAe?$AAs?$AA?5?$AAo?$AAf?$AA?5?$AAs?$AAk?$AAi?$AAp?$AAp?$AAe?$AAd?$AA?5?$AAb?$AAy?$AAt?$AAe@ 010038e8     nspr4hook.obj
 0001:00002950       ??_C@_1EK@DOFEODNM@?$AAw?$AAr?$AAi?$AAt?$AAe?$AAB?$AAy?$AAt?$AAe?$AAs?$AAT?$AAo?$AAS?$AAk?$AAi?$AAp?$AA?$DN?$AA?$CF?$AAu?$AA?0?$AA?5?$AAc?$AAo?$AAn?$AAn?$AAe?$AAc?$AAt?$AAi?$AAo?$AAn?$AA?5@ 01003950     nspr4hook.obj
 0001:000029a0       ??_C@_1IC@EFBGHDCF@?$AAP?$AAr?$AAo?$AAt?$AAo?$AAc?$AAo?$AAl?$AA?5?$AAe?$AAr?$AAr?$AAo?$AAr?$AA?5?$AAd?$AAe?$AAt?$AAe?$AAc?$AAt?$AAe?$AAd?$AA?0?$AA?5?$AAf?$AAd?$AA?$DN?$AA0?$AAx?$AA?$CF?$AAp@ 010039a0     nspr4hook.obj
 0001:00002a28       ??_C@_1IC@ILGPIOKM@?$AAF?$AAa?$AAi?$AAl?$AAe?$AAd?$AA?5?$AAt?$AAo?$AA?5?$AAs?$AAe?$AAn?$AAd?$AA?5?$AAs?$AAk?$AAi?$AAp?$AAp?$AAe?$AAd?$AA?5?$AAb?$AAy?$AAt?$AAe?$AAs?$AA?0?$AA?5?$AAc?$AAo@ 01003a28     nspr4hook.obj
 0001:00002ab0       ??_C@_1HI@LCMBPLME@?$AAN?$AAe?$AAw?$AA?5?$AAr?$AAe?$AAq?$AAu?$AAe?$AAs?$AAt?$AA?5?$AAd?$AAe?$AAt?$AAe?$AAc?$AAt?$AAe?$AAd?$AA?0?$AA?5?$AAf?$AAi?$AAl?$AAl?$AAR?$AAe?$AAq?$AAu?$AAe?$AAs@ 01003ab0     nspr4hook.obj
 0001:00002b28       ??_C@_1DC@MJFFEAIL@?$AAP?$AAr?$AAo?$AAt?$AAo?$AAc?$AAo?$AAl?$AA?5?$AAe?$AAr?$AAr?$AAo?$AAr?$AA?5?$AAd?$AAe?$AAt?$AAe?$AAc?$AAt?$AAe?$AAd?$AA?4?$AA?$AA@ 01003b28     nspr4hook.obj
 0001:00002b5c       ??_C@_1CC@FGPGPHLK@?$AAR?$AAe?$AAq?$AAu?$AAe?$AAs?$AAt?$AA?5?$AAs?$AAk?$AAi?$AAp?$AAp?$AAe?$AAd?$AA?4?$AA?$AA@ 01003b5c     nspr4hook.obj
 0001:00002b80       ??_C@_1DM@GLLMGCAO@?$AA?$CI?$AAn?$AAc?$AA?9?$AA?$DO?$AAi?$AAn?$AAj?$AAe?$AAc?$AAt?$AAs?$AA?5?$AA?$CB?$AA?$DN?$AA?5?$AAN?$AAU?$AAL?$AAL?$AA?$CJ?$AA?5?$AA?$DN?$AA?$DN?$AA?5?$AAt?$AAr?$AAu?$AAe?$AA?$AA@ 01003b80     nspr4hook.obj
 0001:00002bbc       ??_C@_08LBJOIDDC@identity?$AA@ 01003bbc     nspr4hook.obj
 0001:00002bc8       ??_C@_0BA@KDJCHKHJ@Accept?9Encoding?$AA@ 01003bc8     nspr4hook.obj
 0001:00002bd8       ??_C@_02OGAFBLMB@TE?$AA@   01003bd8     nspr4hook.obj
 0001:00002bdc       ??_C@_0BC@GJLFBBBL@If?9Modified?9Since?$AA@ 01003bdc     nspr4hook.obj
 0001:00002bf0       ??_C@_1KG@GJKKGJEF@?$AAR?$AAe?$AAq?$AAu?$AAe?$AAs?$AAt?$AA?5?$AAc?$AAh?$AAa?$AAn?$AAg?$AAe?$AAd?$AA?5?$AAn?$AAe?$AAw?$AAR?$AAe?$AAq?$AAu?$AAe?$AAs?$AAt?$AAS?$AAi?$AAz?$AAe?$AA?$DN?$AA?$CF@ 01003bf0     nspr4hook.obj
 0001:00002c98       ??_C@_1CE@LCKFMDLI@?$AAC?$AAo?$AAm?$AAm?$AAa?$AAn?$AAd?$AA?5?$AAa?$AAc?$AAc?$AAe?$AAp?$AAt?$AAe?$AAd?$AA?4?$AA?$AA@ 01003c98     report.obj
 0001:00002cbc       ??_C@_0DO@JEAKPCEH@C?3?2Zeus?5projects?2last?2src_curren@ 01003cbc     report.obj
 0001:00002cfc       ??_C@_0BI@LJHBNOGJ@defaultSenderResultProc?$AA@ 01003cfc     report.obj
 0001:00002d14       ??_C@_17ELODNHHN@?$AAM?$AA?$CD?$AA3?$AA?$AA@ 01003d14     report.obj
 0001:00002d20       ??_C@_1IG@HFIODCPH@?$AAF?$AAi?$AAr?$AAs?$AAt?$AA?5?$AAF?$AAu?$AAn?$AAc?$AAt?$AAi?$AAo?$AAn?$AA?5?$AAc?$AAr?$AAc?$AA3?$AA2?$AA?3?$AA?5?$AA0?$AAx?$AA?$CF?$AAX?$AA?0?$AA?5?$AAP?$AAa?$AAr?$AAa@ 01003d20     report.obj
 0001:00002da8       ??_C@_1BG@JECDPJDN@?$AAR?$AAe?$AAs?$AAu?$AAl?$AAt?$AA?3?$AA?5?$AA?$CF?$AAu?$AA?$AA@ 01003da8     report.obj
 0001:00002dc0       ??_C@_1O@NDDDNCOA@?$AAu?$AAr?$AAl?$AA?$DN?$AA?$CF?$AAS?$AA?$AA@ 01003dc0     report.obj
 0001:00002dd0       ??_C@_0BL@EPLADIEL@Report?3?3startServerSession?$AA@ 01003dd0     report.obj
 0001:00002dec       ??_C@_1DC@HEEKKCON@?$AAA?$AAb?$AAo?$AAu?$AAt?$AA?5?$AAt?$AAo?$AA?5?$AAs?$AAe?$AAn?$AAd?$AA?5?$AAi?$AAn?$AAs?$AAt?$AAa?$AA?9?$AAd?$AAa?$AAt?$AAa?$AA?$AA@ 01003dec     report.obj
 0001:00002e20       ??_C@_0M@BEFEAIFE@instaSender?$AA@ 01003e20     report.obj
 0001:00002e2c       ??_C@_1CA@FLJDBGNF@?$AAI?$AAn?$AAs?$AAt?$AAa?$AA?9?$AAd?$AAa?$AAt?$AAa?$AA?5?$AAs?$AAe?$AAn?$AAt?$AA?$AA@ 01003e2c     report.obj
 0001:00002e50       ??_C@_1GG@MEFCKBEJ@?$AAW?$AAr?$AAi?$AAt?$AAe?$AAd?$AA?5?$AAn?$AAe?$AAw?$AA?5?$AAr?$AAe?$AAp?$AAo?$AAr?$AAt?$AA?3?$AA?5?$AAr?$AAe?$AAt?$AAV?$AAa?$AAl?$AA?$DN?$AA?$CF?$AAu?$AA?0?$AA?5?$AAt?$AAy@ 01003e50     report.obj
 0001:00002eb8       ??_C@_0BC@EGJPAFNN@Report?3?3writeData?$AA@ 01003eb8     report.obj
 0001:00002ed0       ??_C@_1GC@LICGEMOH@?$AAU?$AAS?$AAE?$AAR?$AA?1?$AAP?$AAA?$AAS?$AAS?$AA?0?$AA?5?$AAa?$AAr?$AAg?$AAO?$AAf?$AAf?$AAs?$AAe?$AAt?$AA?$DN?$AA?$CF?$AAu?$AA?0?$AA?5?$AAd?$AAa?$AAt?$AAa?$AAS?$AAi?$AAz@ 01003ed0     sockethook.obj
 0001:00002f38       ??_C@_0EC@HFMIPACO@C?3?2Zeus?5projects?2last?2src_curren@ 01003f38     sockethook.obj
 0001:00002f7c       ??_C@_0O@JNLODCLH@socketGrabber?$AA@ 01003f7c     sockethook.obj
 0001:00002f8c       ??_C@_1BI@BFCCKMOG@?$AAa?$AAr?$AAg?$AAu?$AAm?$AAe?$AAn?$AAt?$AA?$DN?$AA?$CF?$AAs?$AA?$AA@ 01003f8c     sockethook.obj
 0001:00002fa8       ??_C@_1GG@NHNJHJCA@?$AAs?$AAo?$AAc?$AAk?$AAe?$AAt?$AAD?$AAa?$AAt?$AAa?$AAS?$AAe?$AAa?$AAr?$AAc?$AAh?$AA?$CI?$AA?$CF?$AAd?$AA?$CJ?$AA?5?$AA?$DN?$AA?$DN?$AA?5?$AAs?$AAo?$AAc?$AAk?$AAe?$AAt?$AAD?$AAa@ 01003fa8     sockethook.obj
 0001:00003010       ??_C@_1CA@GKGCBFHI@?$AAp?$AAr?$AAo?$AAt?$AAo?$AAc?$AAo?$AAl?$AAT?$AAy?$AAp?$AAe?$AA?$DN?$AA?$CF?$AAu?$AA?$AA@ 01004010     sockethook.obj
 0001:00003030       ??_C@_1CM@OHGECNNC@?$AAI?$AAn?$AAi?$AAt?$AA?5?$AAf?$AAu?$AAn?$AAc?$AAt?$AAi?$AAo?$AAn?$AA?5?$AAc?$AAa?$AAl?$AAl?$AAe?$AAd?$AA?4?$AA?$AA@ 01004030     spyeye_modules.obj
 0001:00003060       ??_C@_0EG@CAKPCKON@C?3?2Zeus?5projects?2last?2src_curren@ 01004060     spyeye_modules.obj
 0001:000030a8       ??_C@_0BF@OHGCOHDD@SeparateThreadWorker?$AA@ 010040a8     spyeye_modules.obj
 0001:000030c0       ??_C@_1CO@KANINOFO@?$AAS?$AAt?$AAa?$AAr?$AAt?$AA?5?$AAf?$AAu?$AAn?$AAc?$AAt?$AAi?$AAo?$AAn?$AA?5?$AAc?$AAa?$AAl?$AAl?$AAe?$AAd?$AA?4?$AA?$AA@ 010040c0     spyeye_modules.obj
 0001:000030f0       ??_C@_1CM@HLHCNKLL@?$AAS?$AAt?$AAo?$AAp?$AA?5?$AAf?$AAu?$AAn?$AAc?$AAt?$AAi?$AAo?$AAn?$AA?5?$AAc?$AAa?$AAl?$AAl?$AAe?$AAd?$AA?4?$AA?$AA@ 010040f0     spyeye_modules.obj
 0001:0000311c       ??_C@_1BI@LLPMNKFE@?$AAR?$AAu?$AAn?$AA?5?$AAc?$AAa?$AAl?$AAl?$AAe?$AAd?$AA?4?$AA?$AA@ 0100411c     spyeye_modules.obj
 0001:00003134       ??_C@_0CB@PFODKPFI@hackForInterProcessCommunication@ 01004134     spyeye_modules.obj
 0001:00003158       ??_C@_1DC@KLEPGHOH@?$AAE?$AAv?$AAe?$AAn?$AAt?$AA?5?$AAc?$AAr?$AAe?$AAa?$AAt?$AAi?$AAo?$AAn?$AA?5?$AAf?$AAa?$AAi?$AAl?$AAe?$AAd?$AA?4?$AA?$CD?$AA2?$AA?$AA@ 01004158     spyeye_modules.obj
 0001:0000318c       ??_C@_1DI@BGCKNKDL@?$AAE?$AAv?$AAe?$AAn?$AAt?$AA?5?$AA?$CF?$AAu?$AA?5?$AAh?$AAa?$AAs?$AA?5?$AAb?$AAe?$AAe?$AAn?$AA?5?$AAs?$AAi?$AAg?$AAn?$AAa?$AAl?$AAe?$AAd?$AA?$CB?$AA?$AA@ 0100418c     spyeye_modules.obj
 0001:000031c4       ??_C@_1DC@DJLNPJLH@?$AAC?$AAo?$AAm?$AAm?$AAa?$AAn?$AAd?$AA?5?$AAe?$AAr?$AAr?$AAo?$AAr?$AAs?$AA?5?$AAc?$AAo?$AAu?$AAn?$AAt?$AA?3?$AA?5?$AA?$CF?$AAu?$AA?$AA@ 010041c4     spyeye_modules.obj
 0001:000031f8       ??_C@_1EC@KKGNJPCM@?$AAE?$AAx?$AAp?$AAl?$AAo?$AAr?$AAe?$AAr?$AA?5?$AAw?$AAa?$AAi?$AAt?$AAi?$AAn?$AAg?$AA?5?$AAt?$AAh?$AAr?$AAe?$AAa?$AAd?$AA?5?$AAc?$AAr?$AAe?$AAa?$AAt?$AAe?$AAd?$AA?4@ 010041f8     spyeye_modules.obj
 0001:0000323c       ??_C@_0BF@LPLODMKJ@SpyEye_Modules?3?3init?$AA@ 0100423c     spyeye_modules.obj
 0001:00003254       ??_C@_0BL@CGCNEEPA@Callback_ChangePostRequest?$AA@ 01004254     spyeye_modules.obj
 0001:00003270       ??_C@_0BM@MCFAAJKG@Callback_OnAfterLoadingPage?$AA@ 01004270     spyeye_modules.obj
 0001:0000328c       ??_C@_0BL@ICEEAKFJ@Callback_OnBeforeLoadPage3?$AA@ 0100428c     spyeye_modules.obj
 0001:000032a8       ??_C@_0BM@MPJAAAFP@Callback_OnBeforeProcessUrl?$AA@ 010042a8     spyeye_modules.obj
 0001:000032c4       ??_C@_09IOKGKBMN@KeepAlive?$AA@ 010042c4     spyeye_modules.obj
 0001:000032d0       ??_C@_1EM@JDCENNCK@?$AAM?$AAo?$AAd?$AAu?$AAl?$AAe?$AA?5?$AAn?$AAa?$AAm?$AAe?$AA?3?$AA?5?$AA?$CF?$AAs?$AA?$AN?$AA?6?$AA?5?$AAM?$AAo?$AAd?$AAu?$AAl?$AAe?$AA?5?$AAC?$AAr?$AAc?$AA3?$AA2?$AA?3?$AA?5@ 010042d0     spyeye_modules.obj
 0001:0000331c       ??_C@_0BN@BMPIBCKH@SpyEye_Modules?3?3InsertModule?$AA@ 0100431c     spyeye_modules.obj
 0001:0000333c       ??_C@_0BE@HPLNAKLP@TakeGateToCollector?$AA@ 0100433c     spyeye_modules.obj
 0001:00003350       ??_C@_0BF@LGNBEHGG@TakeGateToCollector2?$AA@ 01004350     spyeye_modules.obj
 0001:00003368       ??_C@_0M@GDKOBGMH@TakeBotGuid?$AA@ 01004368     spyeye_modules.obj
 0001:00003374       ??_C@_0M@NGFOOCLC@TakeBotPath?$AA@ 01004374     spyeye_modules.obj
 0001:00003380       ??_C@_0P@CLNDNNJC@TakeBotVersion?$AA@ 01004380     spyeye_modules.obj
 0001:00003390       ??_C@_04LLJCPOLH@Init?$AA@ 01004390     spyeye_modules.obj
 0001:00003398       ??_C@_0M@LKLCKOAL@SpyEye_Init?$AA@ 01004398     spyeye_modules.obj
 0001:000033a4       ??_C@_08GNIJCMCG@GetState?$AA@ 010043a4     spyeye_modules.obj
 0001:000033b0       ??_C@_0BF@KPMKHGCH@TakeGateToCollector3?$AA@ 010043b0     spyeye_modules.obj
 0001:000033c8       ??_C@_1FA@NMLJFLMG@?$AAT?$AAa?$AAk?$AAe?$AAG?$AAa?$AAt?$AAe?$AAT?$AAo?$AAC?$AAo?$AAl?$AAl?$AAe?$AAc?$AAt?$AAo?$AAr?$AA3?$AA?5?$AAa?$AAd?$AAd?$AAr?$AAe?$AAs?$AAs?$AA?5?$AAh?$AAa?$AAs@ 010043c8     spyeye_modules.obj
 0001:00003418       ??_C@_0CH@LKFFCMDP@SpyEye_Modules?3?3ImageLoadNotifyR@ 01004418     spyeye_modules.obj
 0001:00003440       ??_C@_0O@LABFGALP@TakeWriteData?$AA@ 01004440     spyeye_modules.obj
 0001:00003450       ??_C@_1CK@MJGBKAOO@?$AAW?$AAr?$AAi?$AAt?$AAe?$AAD?$AAa?$AAt?$AAa?$AA?5?$AAh?$AAa?$AAs?$AA?5?$AAt?$AAa?$AAk?$AAe?$AAn?$AA?4?$AA?$AA@ 01004450     spyeye_modules.obj
 0001:0000347c       ??_C@_0O@CBDEHMNB@TakeDebugGate?$AA@ 0100447c     spyeye_modules.obj
 0001:0000348c       ??_C@_1CM@PBDNFKJN@?$AAD?$AAe?$AAb?$AAu?$AAg?$AA?5?$AAg?$AAa?$AAt?$AAe?$AA?5?$AAh?$AAa?$AAs?$AA?5?$AAt?$AAa?$AAk?$AAe?$AAn?$AA?4?$AA?$AA@ 0100448c     spyeye_modules.obj
 0001:000034b8       ??_C@_05FHMJPCKA@Start?$AA@ 010044b8     spyeye_modules.obj
 0001:000034c0       ??_C@_0N@JFBPCNFH@SpyEye_Start?$AA@ 010044c0     spyeye_modules.obj
 0001:000034d0       ??_C@_1DE@DPNEMIGM@?$AAT?$AAr?$AAy?$AAi?$AAn?$AAg?$AA?5?$AAt?$AAo?$AA?5?$AAu?$AAn?$AAl?$AAo?$AAa?$AAd?$AA?5?$AAm?$AAo?$AAd?$AAu?$AAl?$AAe?$AAs?$AA?4?$AA?$AA@ 010044d0     spyeye_modules.obj
 0001:00003504       ??_C@_0CJ@FFLGJMGA@SpyEye_Modules?3?3ImageUnloadNotif@ 01004504     spyeye_modules.obj
 0001:00003530       ??_C@_1GG@JEBBODMJ@?$AAW?$AAe?$AA?5?$AAc?$AAa?$AAn?$AA?8?$AAt?$AA?5?$AAu?$AAn?$AAl?$AAo?$AAa?$AAd?$AA?5?$AAb?$AAe?$AAc?$AAa?$AAu?$AAs?$AAe?$AA?5?$AAm?$AAo?$AAd?$AAu?$AAl?$AAe?$AA?5?$AA?8@ 01004530     spyeye_modules.obj
 0001:00003598       ??_C@_1DM@KJECGEBC@?$AAA?$AAl?$AAl?$AA?5?$AAi?$AAs?$AA?5?$AAo?$AAk?$AA?0?$AA?5?$AAu?$AAn?$AAl?$AAo?$AAa?$AAd?$AAi?$AAn?$AAg?$AA?5?$AAm?$AAo?$AAd?$AAu?$AAl?$AAe?$AAs?$AA?4?$AA?$AA@ 01004598     spyeye_modules.obj
 0001:000035d4       ??_C@_1DO@MIHMKFJM@?$AAM?$AAo?$AAd?$AAu?$AAl?$AAe?$AA?5?$AA?$CF?$AAs?$AA?5?$AAw?$AAo?$AAn?$AA?8?$AAt?$AA?5?$AAs?$AAt?$AAo?$AAp?$AA?4?$AA?5?$AAE?$AAx?$AAi?$AAt?$AAi?$AAn?$AAg?$AA?4?$AA?$AA@ 010045d4     spyeye_modules.obj
 0001:00003614       ??_C@_1DO@PBKDANDJ@?$AAM?$AAo?$AAd?$AAu?$AAl?$AAe?$AA?5?$AA?$CF?$AAs?$AA?5?$AAs?$AAu?$AAc?$AAc?$AAe?$AAs?$AAs?$AAf?$AAu?$AAl?$AAy?$AA?5?$AAs?$AAt?$AAo?$AAp?$AAp?$AAe?$AAd?$AA?4?$AA?$AA@ 01004614     spyeye_modules.obj
 0001:00003658       ??_C@_1FO@PEBPACGA@?$AAC?$AAa?$AAn?$AA?8?$AAt?$AA?5?$AAu?$AAn?$AAl?$AAo?$AAa?$AAd?$AA?0?$AA?5?$AAa?$AAt?$AA?5?$AAl?$AAe?$AAa?$AAs?$AAt?$AA?5?$AA1?$AA?5?$AAm?$AAo?$AAd?$AAu?$AAl?$AAe?$AA?5@ 01004658     spyeye_modules.obj
 0001:000036b8       ??_C@_1DG@MPEDNNNI@?$AAF?$AAo?$AAu?$AAn?$AAd?$AAe?$AAd?$AA?5?$AAm?$AAo?$AAd?$AAu?$AAl?$AAe?$AA?5?$AAf?$AAo?$AAr?$AA?5?$AAu?$AAn?$AAl?$AAo?$AAa?$AAd?$AA?4?$AA?$AA@ 010046b8     spyeye_modules.obj
 0001:000036f0       ??_C@_1CK@MGPAPLLJ@?$AAM?$AAo?$AAd?$AAu?$AAl?$AAe?$AA?5?$AAi?$AAs?$AA?5?$AAp?$AAe?$AAr?$AAs?$AAi?$AAs?$AAt?$AAe?$AAn?$AAt?$AA?$AA@ 010046f0     spyeye_modules.obj
 0001:0000371c       ??_C@_1CC@MIHHJLNM@?$AAM?$AAo?$AAd?$AAu?$AAl?$AAe?$AA?5?$AAu?$AAn?$AAl?$AAo?$AAa?$AAd?$AAe?$AAd?$AA?4?$AA?$AA@ 0100471c     spyeye_modules.obj
 0001:00003740       ??_C@_1CM@IKPNFBLI@?$AAd?$AAa?$AAt?$AAa?$AA?5?$AAo?$AAr?$AA?5?$AAs?$AAi?$AAz?$AAe?$AA?5?$AAi?$AAs?$AA?5?$AAN?$AAU?$AAL?$AAL?$AA?4?$AA?$AA@ 01004740     spyeye_modules.obj
 0001:0000376c       ??_C@_0CA@FBEDBFLE@SpyEye_Modules?3?3GateToCollector?$AA@ 0100476c     spyeye_modules.obj
 0001:0000378c       ??_C@_1CI@OLILPDKK@?$AAT?$AAi?$AAt?$AAl?$AAe?$AA?5?$AAs?$AAi?$AAz?$AAe?$AA?5?$AAi?$AAs?$AA?5?$AAN?$AAU?$AAL?$AAL?$AA?4?$AA?$AA@ 0100478c     spyeye_modules.obj
 0001:000037b4       ??_C@_1CO@LPFKLGDH@?$AAc?$AAo?$AAu?$AAn?$AAt?$AAO?$AAf?$AAF?$AAi?$AAe?$AAl?$AAd?$AAs?$AA?5?$AAi?$AAs?$AA?5?$AAN?$AAU?$AAL?$AAL?$AA?4?$AA?$AA@ 010047b4     spyeye_modules.obj
 0001:000037e8       ??_C@_1FG@EALBKPMK@?$AAS?$AAt?$AAa?$AAr?$AAt?$AAi?$AAn?$AAg?$AA?5?$AAt?$AAo?$AA?5?$AAp?$AAa?$AAr?$AAs?$AAe?$AA?5?$AAd?$AAa?$AAt?$AAa?$AA?4?$AA?5?$AAt?$AAi?$AAt?$AAl?$AAe?$AA?$DN?$AA?$CF?$AAs@ 010047e8     spyeye_modules.obj
 0001:00003840       ??_C@_0L@EJINENFP@?$CFs?3?5?$CFs?$AN?6?$AN?6?$AA@ 01004840     spyeye_modules.obj
 0001:0000384c       ??_C@_1DI@LLLDIELJ@?$AAC?$AAa?$AAn?$AA?8?$AAt?$AA?5?$AAa?$AAl?$AAl?$AAo?$AAc?$AAa?$AAt?$AAe?$AA?5?$AAf?$AAo?$AAr?$AA?5?$AAs?$AAt?$AAr?$AAi?$AAn?$AAg?$AAW?$AA?4?$AA?$AA@ 0100484c     spyeye_modules.obj
 0001:00003888       ??_C@_1EC@JFIKLNKN@?$AAS?$AAu?$AAc?$AAc?$AAe?$AAs?$AAs?$AAf?$AAu?$AAl?$AAy?$AA?5?$AAw?$AAr?$AAi?$AAt?$AAt?$AAe?$AAn?$AA?5?$AAr?$AAe?$AAp?$AAo?$AAr?$AAt?$AA?4?$AA?5?$AA?$AN?$AA?6?$AA?$CF?$AAs@ 01004888     spyeye_modules.obj
 0001:000038cc       ??_C@_1DK@GLLNFOHJ@?$AAC?$AAa?$AAn?$AA?8?$AAt?$AA?5?$AAs?$AAe?$AAn?$AAd?$AA?5?$AAt?$AAh?$AAi?$AAs?$AA?5?$AAr?$AAe?$AAp?$AAo?$AAr?$AAt?$AA?4?$AA?5?$AA?$AN?$AA?6?$AA?$CF?$AAs?$AA?$AA@ 010048cc     spyeye_modules.obj
 0001:00003908       ??_C@_1HC@EJILKIML@?$AAG?$AAa?$AAt?$AAe?$AAT?$AAo?$AAC?$AAo?$AAl?$AAl?$AAe?$AAc?$AAt?$AAo?$AAr?$AA2?$AA?5?$AAc?$AAa?$AAl?$AAl?$AAe?$AAd?$AA?4?$AA?5?$AAR?$AAe?$AAd?$AAi?$AAr?$AAe?$AAc@ 01004908     spyeye_modules.obj
 0001:0000397c       ??_C@_0CB@CBCNGAPB@SpyEye_Modules?3?3GateToCollector2@ 0100497c     spyeye_modules.obj
 0001:000039a0       ??_C@_17OBOKBPPG@?$AAM?$AA?$CD?$AA1?$AA?$AA@ 010049a0     spyeye_modules.obj
 0001:000039a8       ??_C@_0CA@DOPNIAJ@SpyEye_Modules?3?3ExecuteCommands?$AA@ 010049a8     spyeye_modules.obj
 0001:000039c8       ??_C@_19DFGBJFKC@?$AAS?$AAM?$AA?$CD?$AA1?$AA?$AA@ 010049c8     spyeye_modules.obj
 0001:000039d4       ??_C@_1BA@HBABGGLB@?$AAC?$AAM?$AAD?$AAS?$AA?5?$AA?$CF?$AAu?$AA?$AA@ 010049d4     spyeye_modules.obj
 0001:000039e4       ??_C@_19HBDLDOEK@?$AAC?$AAT?$AA?$CD?$AA1?$AA?$AA@ 010049e4     spyeye_modules.obj
 0001:000039f0       ??_C@_1BA@NFNFPJEE@?$AAF?$AA?$CD?$AA1?$AA?$HM?$AAM?$AA?$CD?$AA2?$AA?$AA@ 010049f0     spyeye_modules.obj
 0001:00003a00       ??_C@_1BI@HNFBPCAC@?$AAR?$AAe?$AAm?$AAa?$AAi?$AAn?$AAe?$AAd?$AA?5?$AA?$CF?$AAu?$AA?$AA@ 01004a00     spyeye_modules.obj
 0001:00003a18       ??_C@_1EI@DOAHPBEO@?$AAF?$AAa?$AAi?$AAl?$AAe?$AAd?$AA?5?$AAt?$AAo?$AA?5?$AAu?$AAn?$AAh?$AAo?$AAo?$AAk?$AA?5?$AAW?$AAi?$AAn?$AAA?$AAp?$AAi?$AA?5?$AAa?$AAt?$AA?5?$AAi?$AAn?$AAd?$AAe?$AAx@ 01004a18     winapitables.obj
 0001:00003a60       ??_C@_0EE@DJLBKCAL@C?3?2Zeus?5projects?2last?2src_curren@ 01004a60     winapitables.obj
 0001:00003aa4       ??_C@_0L@ODFHLBGF@unhookList?$AA@ 01004aa4     winapitables.obj
 0001:00003ab0       ??_C@_1DK@MECIPOOE@?$AAc?$AAo?$AAu?$AAn?$AAt?$AA?5?$AA?$CB?$AA?$DN?$AA?5?$AAr?$AAe?$AAa?$AAl?$AAC?$AAo?$AAu?$AAn?$AAt?$AA?0?$AA?5?$AA?$CF?$AAu?$AA?5?$AA?$CB?$AA?$DN?$AA?5?$AA?$CF?$AAu?$AA?$AA@ 01004ab0     winapitables.obj
 0001:00003aec       ??_C@_08COICNOFF@hookList?$AA@ 01004aec     winapitables.obj
 0001:00003af8       ??_C@_1EA@JBNBCKIE@?$AAN?$AAU?$AAL?$AAL?$AA?5?$AAW?$AAi?$AAn?$AAA?$AAp?$AAi?$AA?5?$AAf?$AAo?$AAu?$AAn?$AAd?$AAe?$AAd?$AA?5?$AAa?$AAt?$AA?5?$AAi?$AAn?$AAd?$AAe?$AAx?$AA?5?$AA?$CF?$AAu?$AA?$AA@ 01004af8     winapitables.obj
 0001:00003b38       ??_C@_1EE@EEAKHMK@?$AAF?$AAa?$AAi?$AAl?$AAe?$AAd?$AA?5?$AAt?$AAo?$AA?5?$AAh?$AAo?$AAo?$AAk?$AA?5?$AAW?$AAi?$AAn?$AAA?$AAp?$AAi?$AA?5?$AAa?$AAt?$AA?5?$AAi?$AAn?$AAd?$AAe?$AAx?$AA?5?$AA?$CF@ 01004b38     winapitables.obj
 0001:00003b7c       ??_C@_1CM@PFPIIJCF@?$AAU?$AAn?$AAk?$AAn?$AAo?$AAw?$AAn?$AA?5?$AAr?$AAe?$AAq?$AAu?$AAe?$AAs?$AAt?$AA?$DN?$AA0?$AAx?$AA?$CF?$AAp?$AA?4?$AA?$AA@ 01004b7c     wininethook.obj
 0001:00003ba8       ??_C@_0ED@NMPNIJED@C?3?2Zeus?5projects?2last?2src_curren@ 01004ba8     wininethook.obj
 0001:00003bec       ??_C@_0BH@DGMEEPHM@readAllContextCallback?$AA@ 01004bec     wininethook.obj
 0001:00003c04       ??_C@_0BD@CFFEDIIA@onInternetReadFile?$AA@ 01004c04     wininethook.obj
 0001:00003c18       ??_C@_1IE@NAHGABNM@?$AAC?$AAh?$AAa?$AAn?$AAg?$AAe?$AAd?$AA?5?$AAl?$AAo?$AAc?$AAa?$AAl?$AA?5?$AAc?$AAa?$AAc?$AAh?$AAe?$AA?5?$AAu?$AAr?$AAl?$AAW?$AA?$DN?$AA?$CC?$AA?$CF?$AAs?$AA?$CC?$AA?0?$AA?5?$AAc@ 01004c18     wininethook.obj
 0001:00003ca0       ??_C@_1EC@MLLMDOLD@?$AAW?$AAi?$AAn?$AAi?$AAn?$AAe?$AAt?$AA?3?$AA?3?$AA_?$AAq?$AAu?$AAe?$AAr?$AAy?$AAO?$AAp?$AAt?$AAi?$AAo?$AAn?$AAE?$AAx?$AAA?$AA?5?$AAf?$AAa?$AAi?$AAl?$AAe?$AAd?$AA?4@ 01004ca0     wininethook.obj
 0001:00003ce4       ??_C@_1BM@EMCIHKNI@?$AAU?$AAn?$AAk?$AAn?$AAo?$AAw?$AAn?$AA?5?$AAv?$AAe?$AAr?$AAb?$AA?4?$AA?$AA@ 01004ce4     wininethook.obj
 0001:00003d00       ??_C@_0BC@KJPBHILH@onHttpSendRequest?$AA@ 01004d00     wininethook.obj
 0001:00003d14       ??_C@_1DM@GNIGPHHA@?$AA?$CI?$AAw?$AAc?$AA?9?$AA?$DO?$AAi?$AAn?$AAj?$AAe?$AAc?$AAt?$AAs?$AA?5?$AA?$CB?$AA?$DN?$AA?5?$AAN?$AAU?$AAL?$AAL?$AA?$CJ?$AA?5?$AA?$DN?$AA?$DN?$AA?5?$AAt?$AAr?$AAu?$AAe?$AA?$AA@ 01004d14     wininethook.obj
 0001:00003d50       ??_C@_1O@IJNLMC@?$AAC?$AAa?$AAl?$AAl?$AAe?$AAd?$AA?$AA@ 01004d50     wininethook.obj
 0001:00003d60       ??_C@_0CH@EFEPFMOA@WininetHook?3?3hookerInternetClose@ 01004d60     wininethook.obj
 0001:00003d88       ??_C@_0CE@INNJAKGO@WininetHook?3?3hookerInternetReadF@ 01004d88     wininethook.obj
 0001:00003dac       ??_C@_0CH@FIODILPO@WininetHook?3?3hookerInternetReadF@ 01004dac     wininethook.obj
 0001:00003dd4       ??_C@_0CO@KBAAGMKG@WininetHook?3?3hookerInternetQuery@ 01004dd4     wininethook.obj
 0001:00003e02       ?reallocEx@Mem@@YI_NPAXK@Z 01004e02 f   common.obj
 0001:00003e27       ?realloc@Mem@@YIPAXPAXK@Z  01004e27 f   common.obj
 0001:00003e5b       ?alloc@Mem@@YIPAXK@Z       01004e5b f   common.obj
 0001:00003e6e       ?quickAlloc@Mem@@YIPAXK@Z  01004e6e f   common.obj
 0001:00003e86       ?free@Mem@@YIXPAX@Z        01004e86 f   common.obj
 0001:00003ea6       ?freeArrayOfPointers@Mem@@YIXPAXK@Z 01004ea6 f   common.obj
 0001:00003ec9       ?copyEx@Mem@@YIPAXPBXK@Z   01004ec9 f   common.obj
 0001:00003ee9       ?_compare@Mem@@YIHPBX0K@Z  01004ee9 f   common.obj
 0001:00003f19       ?_findData@Mem@@YIPAXPBXKPAXK@Z 01004f19 f   common.obj
 0001:00003f51       ?_getTime@Time@@YIKXZ      01004f51 f   common.obj
 0001:00003f90       ?_getLocalGmt@Time@@YIHXZ  01004f90 f   common.obj
 0001:000041b2       ?_CopyW@Str@@YIXPA_WPB_WH@Z 010051b2 f   common.obj
 0001:000041d1       ?_CopyExW@Str@@YIPA_WPA_WH@Z 010051d1 f   common.obj
 0001:00004205       ?_CopyA@Str@@YIXPADPBDH@Z  01005205 f   common.obj
 0001:00004220       ?_CopyExA@Str@@YIPADPADH_N@Z 01005220 f   common.obj
 0001:00004255       ?_ToInt64A@Str@@YI_JPADPA_N@Z 01005255 f   common.obj
 0001:0000430e       ?_ToInt32A@Str@@YIHPADPA_N@Z 0100530e f   common.obj
 0001:000043a1       ?_FromInt32A@Str@@YIKHPADE_N@Z 010053a1 f   common.obj
 0001:000043e7       ?_hexStringToDwordA@Str@@YIKPAD@Z 010053e7 f   common.obj
 0001:00004435       ?_LengthA@Str@@YIHPBD@Z    01005435 f   common.obj
 0001:00004447       ?_LengthW@Str@@YIHPB_W@Z   01005447 f   common.obj
 0001:0000445b       ?_CompareA@Str@@YIHPBD0HH@Z 0100545b f   common.obj
 0001:00004508       ?_findCharA@Str@@YIPADQADD@Z 01005508 f   common.obj
 0001:0000451e       ?_sprintfW@Str@@YAHPA_WHPB_WZZ 0100551e f   common.obj
 0001:0000452d       ?_sprintfA@Str@@YAHPADHPBDZZ 0100552d f   common.obj
 0001:00004566       ?_vsprintfW@Str@@YIHPA_WHPB_WPAD@Z 01005566 f   common.obj
 0001:000045ac       ?_sprintfExW@Str@@YAHPAPA_WPB_WZZ 010055ac f   common.obj
 0001:000045e3       ?_sprintfExA@Str@@YAHPAPADPBDZZ 010055e3 f   common.obj
 0001:000045f6       ?_vsprintfExA@Str@@YIHPAPADPBDPAD@Z 010055f6 f   common.obj
 0001:0000462e       ?_utf8FromUnicode@Str@@YI_NQA_WHPAUUTF8STRING@1@@Z 0100562e f   common.obj
 0001:00004669       ?_getCurrentStringSizeA@Str@@YIKQAD0PAPAD@Z 01005669 f i common.obj
 0001:0000473a       ?_matchA@Str@@YI_NPAUMATCHDATAA@1@@Z 0100573a f   common.obj
 0001:00004a71       ?genrand_int32@@YIKXZ      01005a71 f   common.obj
 0001:00004b65       ?_md5Hash@Crypt@@YI_NPAEPAXK@Z 01005b65 f   common.obj
 0001:00004bf9       ?mtRand@Crypt@@YIKXZ       01005bf9 f   common.obj
 0001:00004c45       ?mtRandRange@Crypt@@YIKKK@Z 01005c45 f   common.obj
 0001:00004c6f       ?crc32Hash@Crypt@@YIKPBXK@Z 01005c6f f   common.obj
 0001:00004cd9       ?_rc4@Crypt@@YIXPAXKPAURC4KEY@1@@Z 01005cd9 f   common.obj
 0001:00004d4a       ?_base64Decode@Crypt@@YIPAEPADKPAK@Z 01005d4a f   common.obj
 0001:00004e46       ?_generateBinaryData@Crypt@@YIXPAXKEE_N@Z 01005e46 f   common.obj
 0001:00004e66       ?_enablePrivilege@Process@@YI_NPA_W_N@Z 01005e66 f   common.obj
 0001:00004eee       ?_getIntegrityLevel@Process@@YIEPAX@Z 01005eee f   common.obj
 0001:00004fa4       ?_createThread@Process@@YIKKP6GKPAX@Z0@Z 01005fa4 f   common.obj
 0001:000050b3       ?Init@DebugClient@@YIXXZ   010060b3 f   common.obj
 0001:00005125       ?WriteString@DebugClient@@YAXPAD0KEPA_WZZ 01006125 f   common.obj
 0001:000053e8       ?_Connect@Wininet@@YIPAXPAD0GK@Z 010063e8 f   common.obj
 0001:00005454       ?_CloseConnection@Wininet@@YIXPAX@Z 01006454 f   common.obj
 0001:000054be       ?_SendRequest@Wininet@@YIPAXPAXPAD10KK@Z 010064be f   common.obj
 0001:000055e9       ?_DownloadData@Wininet@@YI_NPAXPAUMEMDATA@@K0@Z 010065e9 f   common.obj
 0001:00005678       ?_GetIEUserAgent@Wininet@@YIPADXZ 01006678 f   common.obj
 0001:000056f8       ?_queryOptionExA@Wininet@@YIPAXPAXKPAK@Z 010066f8 f   common.obj
 0001:00005751       ?_queryOptionExW@Wininet@@YIPAXPAXKPAK@Z 01006751 f   common.obj
 0001:000057ae       ?_queryInfoExA@Wininet@@YIPADPAXKPAK1@Z 010067ae f   common.obj
 0001:0000580b       ?_DecompressNRV2B@UCL@@YI_NPAEK0PAK@Z 0100680b f   common.obj
 0001:000059d5       ?ipToStringW@WSocket@@YI_NPBUsockaddr_storage@@PA_W@Z 010069d5 f   common.obj
 0001:00005a21       ?_isLocalIp@WSocket@@YI_NPBUsockaddr_storage@@@Z 01006a21 f   common.obj
 0001:00005a9c       ?_getFullAccessDescriptors@WinSecurity@@YIPAXPAU_SECURITY_ATTRIBUTES@@PAU_SECURITY_DESCRIPTOR@@@Z 01006a9c f   common.obj
 0001:00005b3b       ?_setLowIntegrityLevelLabel@WinSecurity@@YI_NPA_WK_N@Z 01006b3b f   common.obj
 0001:00005ba4       ?_divU64@Math@@YG_K_K0@Z   01006ba4 f   common.obj
 0001:00005c0c       ?_mul64@Math@@YG_K_K0@Z    01006c0c f   common.obj
 0001:00005c40       ?_getValueAsDword@Registry@@YIKPAUHKEY__@@QA_WPA_W@Z 01006c40 f   common.obj
 0001:00005c73       ?_getValueAsBinary@Registry@@YIKPAUHKEY__@@QA_W1PAKPAXK@Z 01006c73 f   common.obj
 0001:00005cc8       ?_setValueAsBinary@Registry@@YI_NPAUHKEY__@@QA_W1KPBXK@Z 01006cc8 f   common.obj
 0001:00005d1a       ?_getValueAsBinaryEx@Registry@@YIKPAUHKEY__@@QA_W1PAKPAPAX@Z 01006d1a f   common.obj
 0001:00005e01       ?_hook@WaHook@@YIKPAX000P6IXPBX1@Z@Z 01006e01 f   common.obj
 0001:00005f6c       ?_getSectionOfModule@PeImage@@YIPAXPAUHINSTANCE__@@GPAK@Z 01006f6c f   common.obj
 0001:00005fb1       ?_repalceImportFunction@PeImage@@YI_NPAXPBX1@Z 01006fb1 f   common.obj
 0001:000060c5       ?_parseUrl@HttpTools@@YI_NQADPAUURLDATA@1@@Z 010070c5 f   common.obj
 0001:000061bd       ?_compareTagNameA@HttpTools@@YI_NQADK0@Z 010071bd f   common.obj
 0001:00006201       ?_removeTagsA@HttpTools@@YIKPADK@Z 01007201 f   common.obj
 0001:00006364       ?_getMimeHeader@HttpTools@@YIPADPBXKQADPAK@Z 01007364 f   common.obj
 0001:0000649a       ?_removeMimeHeader@HttpTools@@YIKPAXKPAD@Z 0100749a f   common.obj
 0001:0000651a       ?_modifyMimeHeader@HttpTools@@YIKPAXKQAD1@Z 0100751a f   common.obj
 0001:00006619       ?_parseAuthorization@HttpTools@@YI_NQADKPAPA_W1@Z 01007619 f   common.obj
 0001:000066ad       ?_saveToFile@Fs@@YI_NQA_WPBXK@Z 010076ad f   common.obj
 0001:00006712       ?_removeFile@Fs@@YI_NPA_W@Z 01007712 f   common.obj
 0001:00006733       ?_pathCombine@Fs@@YI_NPA_WQA_W1@Z 01007733 f   common.obj
 0001:00006760       ?_checkHash@BinStorage@@YI_NPAUSTORAGE@1@@Z 01007760 f   common.obj
 0001:0000678f       ?_createEmpty@BinStorage@@YIPAUSTORAGE@1@XZ 0100778f f   common.obj
 0001:000067ab       ?_addItem@BinStorage@@YI_NPAPAUSTORAGE@1@KKPAXK@Z 010077ab f   common.obj
 0001:00006818       ?_addItemAsUtf8StringW@BinStorage@@YI_NPAPAUSTORAGE@1@KKPA_W@Z 01007818 f   common.obj
 0001:0000685e       ?_addItemAsUtf8StringA@BinStorage@@YI_NPAPAUSTORAGE@1@KKPAD@Z 0100785e f   common.obj
 0001:000068cc       ?_getNextItem@BinStorage@@YIPAUITEM@1@PBUSTORAGE@1@PAU21@@Z 010078cc f   common.obj
 0001:00006903       ?_getItem@BinStorage@@YIPAUITEM@1@PBUSTORAGE@1@KK@Z 01007903 f   common.obj
 0001:0000692e       ?_getItemData@BinStorage@@YIPAXPBUITEM@1@@Z 0100792e f   common.obj
 0001:00006991       ?_getItemDataEx@BinStorage@@YIPAXPBUSTORAGE@1@KKPAK@Z 01007991 f   common.obj
 0001:000069c7       ?_pack@BinStorage@@YIKPAPAUSTORAGE@1@KPAURC4KEY@Crypt@@@Z 010079c7 f   common.obj
 0001:00006b79       ?_unpack@BinStorage@@YIKPAPAUSTORAGE@1@PAXKPAURC4KEY@Crypt@@@Z 01007b79 f   common.obj
 0001:00006be6       ?_isCorrectBlockList@HttpInject@@YI_NPBUINJECTBLOCK@1@K@Z 01007be6 f   common.obj
 0001:00006c27       ?_getA@CryptedStrings@@YIXGPAD@Z 01007c27 f   cryptedstrings.obj
 0001:00006c5d       ?_getW@CryptedStrings@@YIXGPA_W@Z 01007c5d f   cryptedstrings.obj
 0001:00006ca7       ?_cmpA@CryptedStrings@@YI_NKPADH@Z 01007ca7 f   cryptedstrings.obj
 0001:00006cff       ?_cmpiW@CryptedStrings@@YI_NKPA_WH@Z 01007cff f   cryptedstrings.obj
 0001:00006d5b       ?getRc4Key@DllConfig@@YIXPAURC4KEY@Crypt@@@Z 01007d5b f   dllconfig.obj
 0001:00006da3       ?getCurrent@DllConfig@@YIPAUSTORAGE@BinStorage@@XZ 01007da3 f   dllconfig.obj
 0001:00006e2e       ?__GetProcAddress@DllCore@@YIPAXPAUHINSTANCE__@@PAD@Z 01007e2e f   DllCore.obj
 0001:000070af       ?init@DllCore@@YI_NPAUHINSTANCE__@@K@Z 010080af f   DllCore.obj
 0001:0000717b       ?uninit@DllCore@@YIXXZ     0100817b f   DllCore.obj
 0001:000071c5       ?isActive@DllCore@@YI_NXZ  010081c5 f   DllCore.obj
 0001:000071d9       ?coreStart@DllCore@@YI_NPAUHINSTANCE__@@@Z 010081d9 f   DllCore.obj
 0001:0000727f       ?bootStrap@DllCore@@YIXPAUHINSTANCE__@@_N@Z 0100827f f   DllCore.obj
 0001:000073ae       _DllMain@12                010083ae f   DllCore.obj
 0001:000073d0       ?_matchUrlA@HttpGrabber@@YI_NQAD0KK@Z 010083d0 f   httpgrabber.obj
 0001:00007405       ?_matchPostDataA@HttpGrabber@@YI_NQAD0K@Z 01008405 f   httpgrabber.obj
 0001:0000743b       ?_matchContextExA@HttpGrabber@@YI_NPBXK0KPAK1K@Z 0100843b f   httpgrabber.obj
 0001:000079c5       ?analizeRequestData@HttpGrabber@@YIKPAUREQUESTDATA@1@@Z 010089c5 f   httpgrabber.obj
 0001:00007dd6       ?_executeInjects@HttpGrabber@@YI_NQADPAPAEPAKPBUINJECTFULLDATA@1@K@Z 01008dd6 f   httpgrabber.obj
 0001:0000837c       ?_freeRequestData@HttpGrabber@@YIXPAUREQUESTDATA@1@@Z 0100937c f   httpgrabber.obj
 0001:00008397       ?_freeInjectFullData@HttpGrabber@@YIXPAUINJECTFULLDATA@1@@Z 01009397 f   httpgrabber.obj
 0001:000083b2       ?_freeInjectFullDataList@HttpGrabber@@YIXPAUINJECTFULLDATA@1@K@Z 010093b2 f   httpgrabber.obj
 0001:000087a8       ?updateAddresses@Nspr4Hook@@YIXPAUHINSTANCE__@@PAX1111@Z 010097a8 f   nspr4hook.obj
 0001:0000900a       ?hookerPrOpenTcpSocket@Nspr4Hook@@YAPAXH@Z 0100a00a f   nspr4hook.obj
 0001:0000904e       ?hookerPrClose@Nspr4Hook@@YAHPAX@Z 0100a04e f   nspr4hook.obj
 0001:000090ac       ?hookerPrRead@Nspr4Hook@@YAHPAX0H@Z 0100a0ac f   nspr4hook.obj
 0001:000097f6       ?hookerPrWrite@Nspr4Hook@@YAHPAXPBXH@Z 0100a7f6 f   nspr4hook.obj
 0001:00009c7e       ?hookerPrPoll@Nspr4Hook@@YAHPAUPRPOLLDESC@@HI@Z 0100ac7e f   nspr4hook.obj
 0001:00009d24       ?_getVersion@OsEnv@@YIKXZ  0100ad24 f   osenv.obj
 0001:00009e15       ?_getVersionEx@OsEnv@@YIXPAUOSINFO@1@@Z 0100ae15 f   osenv.obj
 0001:00009e9a       ?_generateBotId@OsEnv@@YIXPA_W@Z 0100ae9a f   osenv.obj
 0001:00009fc7       ?addBasicInfo@Report@@YI_NPAPAUSTORAGE@BinStorage@@K@Z 0100afc7 f   report.obj
 0001:0000a3fe       ?startServerSession@Report@@YI_NPAU_SERVERSESSION@1@@Z 0100b3fe f   report.obj
 0001:0000a5dc       ?writeData@Report@@YI_NKPA_WPAXK@Z 0100b5dc f   report.obj
 0001:0000a6d0       ?writeString@Report@@YI_NKPA_W0K@Z 0100b6d0 f   report.obj
 0001:0000a713       ?writeCaptcha@Report@@YI_NPA_WPAXK@Z 0100b713 f   report.obj
 0001:0000a7e3       ?sendNotification@Report@@YIXPAD@Z 0100b7e3 f   report.obj
 0001:0000ac71       ?hookerCloseSocket@SocketHook@@YGHI@Z 0100bc71 f   sockethook.obj
 0001:0000ac96       ?hookerSend@SocketHook@@YGHIPBDHH@Z 0100bc96 f   sockethook.obj
 0001:0000acb7       ?hookerWsaSend@SocketHook@@YGHIPAU_WSABUF@@KPAKKPAU_OVERLAPPED@@P6GXKK2K@Z@Z 0100bcb7 f   sockethook.obj
 0001:0000ad05       ?hookerConnect@SocketHook@@YGHIPBUsockaddr@@H@Z 0100bd05 f   sockethook.obj
 0001:0000ad0b       ?hookerWSAConnect@SocketHook@@YGHIPBUsockaddr@@HPAU_WSABUF@@1PAU_QualityOfService@@2@Z 0100bd0b f   sockethook.obj
 0001:0000b034       ?init@SpyEye_Modules@@YIXXZ 0100c034 f   spyeye_modules.obj
 0001:0000b095       ?InsertModule@SpyEye_Modules@@YIPAU_LOADED_MODULE@1@PAXPAD@Z 0100c095 f   spyeye_modules.obj
 0001:0000b1a9       ?ImageLoadNotifyRoutine@SpyEye_Modules@@YAKPAXPAD1@Z 0100c1a9 f   spyeye_modules.obj
 0001:0000b457       ?ImageUnloadNotifyRoutine@SpyEye_Modules@@YAKPAXPAD@Z 0100c457 f   spyeye_modules.obj
 0001:0000b5cd       ?GateToCollector3@SpyEye_Modules@@YAHKPA_W0K@Z 0100c5cd f   spyeye_modules.obj
 0001:0000b5ee       ?WriteData@SpyEye_Modules@@YAHKPA_WPAXK@Z 0100c5ee f   spyeye_modules.obj
 0001:0000b607       ?GateToCollector@SpyEye_Modules@@YAXPAEK@Z 0100c607 f   spyeye_modules.obj
 0001:0000b761       ?GateToCollector2@SpyEye_Modules@@YAXPAEK@Z 0100c761 f   spyeye_modules.obj
 0001:0000b784       ?ExecuteCommands@SpyEye_Modules@@YIKPAU_COMMAND_LIST@1@@Z 0100c784 f   spyeye_modules.obj
 0001:0000bc15       ?_setNspr4Hooks@WinApiTables@@YI_NPAUHINSTANCE__@@@Z 0100cc15 f   winapitables.obj
 0001:0000c80a       ?hookerHttpSendRequestW@WininetHook@@YGHPAXPA_WK0K@Z 0100d80a f   wininethook.obj
 0001:0000c85d       ?hookerHttpSendRequestA@WininetHook@@YGHPAXPADK0K@Z 0100d85d f   wininethook.obj
 0001:0000c8b0       ?hookerHttpSendRequestExW@WininetHook@@YGHPAXPAU_INTERNET_BUFFERSW@@1KK@Z 0100d8b0 f   wininethook.obj
 0001:0000c949       ?hookerHttpSendRequestExA@WininetHook@@YGHPAXPAU_INTERNET_BUFFERSA@@1KK@Z 0100d949 f   wininethook.obj
 0001:0000c9e2       ?hookerInternetCloseHandle@WininetHook@@YGHPAX@Z 0100d9e2 f   wininethook.obj
 0001:0000ca50       ?hookerInternetReadFile@WininetHook@@YGHPAX0KPAK@Z 0100da50 f   wininethook.obj
 0001:0000caae       ?hookerInternetReadFileExA@WininetHook@@YGHPAXPAU_INTERNET_BUFFERSA@@KK@Z 0100daae f   wininethook.obj
 0001:0000cb16       ?hookerInternetQueryDataAvailable@WininetHook@@YGHPAXPAKKK@Z 0100db16 f   wininethook.obj
 0001:0000cb60       _LDE@8                     0100db60     lde32:LDE64.obj
 0001:0000cb60       start                      0100db60     lde32:LDE64.obj
 0001:0000e9a4       __IMPORT_DESCRIPTOR_KERNEL32 0100f9a4     kernel32:KERNEL32.dll
 0001:0000e9b8       __IMPORT_DESCRIPTOR_USER32 0100f9b8     user32:USER32.dll
 0001:0000e9cc       __IMPORT_DESCRIPTOR_ADVAPI32 0100f9cc     advapi32:ADVAPI32.dll
 0001:0000e9e0       __IMPORT_DESCRIPTOR_SHLWAPI 0100f9e0     shlwapi:SHLWAPI.dll
 0001:0000e9f4       __IMPORT_DESCRIPTOR_SHELL32 0100f9f4     shell32:SHELL32.dll
 0001:0000ea08       __IMPORT_DESCRIPTOR_Secur32 0100fa08     secur32:Secur32.dll
 0001:0000ea1c       __IMPORT_DESCRIPTOR_ole32  0100fa1c     ole32:ole32.dll
 0001:0000ea30       __IMPORT_DESCRIPTOR_WS2_32 0100fa30     ws2_32:WS2_32.dll
 0001:0000ea44       __IMPORT_DESCRIPTOR_WININET 0100fa44     wininet:WININET.dll
 0001:0000ea58       __NULL_IMPORT_DESCRIPTOR   0100fa58     kernel32:KERNEL32.dll
 0002:00001178       ?coreDllData@@3UCOREDLLDATA@@A 01012178     DllCore.obj
 0002:00001500       ?cs@@3U_RTL_CRITICAL_SECTION@@A 01012500     spyeye_modules.obj
 0002:00001580       ?Loaded_Module_List@@3ULOADED_MODULE_LIST@SpyEye_Modules@@A 01012580     spyeye_modules.obj

 entry point at        0000:00000000

 Static symbols

 0001:00003fc6       ?unicodeToX@@YIHKQA_WHPADH@Z 01004fc6 f    CIL library: CIL module
 0001:00003ffb       ?unicodeToXEx@@YIPADKQA_WH@Z 01004ffb f    CIL library: CIL module
 0001:00004054       ?xToUnicode@@YIHKQADHPA_WH@Z 01005054 f    CIL library: CIL module
 0001:00004089       ?xToUnicodeEx@@YIPA_WKPADH@Z 01005089 f    CIL library: CIL module
 0001:000040e5       ?vsprintfHelperExW@@YIKPAPA_WKQA_WPAD@Z 010050e5 f    CIL library: CIL module
 0001:00004158       ?vsprintfHelperExA@@YIKPAPADKQADPAD@Z 01005158 f    CIL library: CIL module
 0001:000046a5       ?_findCharCaseInsensitiveFastA@@YIPADQADDK@Z 010056a5 f    CIL library: CIL module
 0001:000046dc       ?_findCharCaseInsensitiveSlowA@@YIPADQADDK@Z 010056dc f    CIL library: CIL module
 0001:00004717       ?_findCharCaseSensitiveA@@YIPADQADDK@Z 01005717 f    CIL library: CIL module
 0001:00004fd3       ?OpenLogFile@@YIPAXXZ      01005fd3 f    CIL library: CIL module
 0001:00005383       ?DebugException@@YGJPAU_EXCEPTION_POINTERS@@@Z 01006383 f    CIL library: CIL module
 0001:00005dbc       ?checkAvalibleBytes@@YIKPAX0@Z 01006dbc f    CIL library: CIL module
 0001:00006e95       ?initHooks@@YI_NK@Z        01007e95 f    CIL library: CIL module
 0001:00006fd2       ?unInitHooks@@YI_NK@Z      01007fd2 f    CIL library: CIL module
 0001:00007074       ?initHandles@@YI_NXZ       01008074 f    CIL library: CIL module
 0001:0000748a       ?luhn10@@YI_NPADH@Z        0100848a f    CIL library: CIL module
 0001:000074d7       ?containsCVV@@YI_NPADH@Z   010084d7 f    CIL library: CIL module
 0001:0000758f       ?isThereCC@@YI_NPADH@Z     0100858f f    CIL library: CIL module
 0001:0000765b       ?checkRequestForInject@@YI_NPAUREQUESTDATA@HttpGrabber@@@Z 0100865b f    CIL library: CIL module
 0001:000078e0       ?checkRequestForCapchas@@YI_NPAUREQUESTDATA@HttpGrabber@@@Z 010088e0 f    CIL library: CIL module
 0001:000083dc       ?connectionFind@@YIPAUNSPR4CONNECTION@@PBUPRFILEDESC@@@Z 010093dc f    CIL library: CIL module
 0001:00008412       ?connectionAdd@@YIPAUNSPR4CONNECTION@@PBUPRFILEDESC@@@Z 01009412 f    CIL library: CIL module
 0001:00008491       ?connectionRemove@@YIXPAUNSPR4CONNECTION@@@Z 01009491 f    CIL library: CIL module
 0001:00008515       ?enumProfiles@@YIXP6I_NQA_WPAX@Z1@Z 01009515 f    CIL library: CIL module
 0001:0000869b       ?enumProfilesForUserJs@@YI_NQA_WPAX@Z 0100969b f    CIL library: CIL module
 0001:0000885b       ?fillRequestData@@YIKPAUREQUESTDATA@HttpGrabber@@PBUPRFILEDESC@@PBXK@Z 0100985b f    CIL library: CIL module
 0001:00008b5f       ?analizeHttpResponse@@YIHPAUHTTPREQUESTINFO@@PBXK@Z 01009b5f f    CIL library: CIL module
 0001:00008dcb       ?analizeHttpResponseBody@@YIHPAUHTTPREQUESTINFO@@QAEK_NPAPAXPAK@Z 01009dcb f    CIL library: CIL module
 0001:0000a1a2       ?defaultSenderRequestProc@@YIHKPAU_SERVERSESSION@Report@@@Z 0100b1a2 f    CIL library: CIL module
 0001:0000a1a5       ?defaultSenderResultProc@@YIHKPAU_SERVERSESSION@Report@@@Z 0100b1a5 f    CIL library: CIL module
 0001:0000a32d       ?sendRequest@@YIHPAUURLDATA@HttpTools@@PAXPAU_SERVERSESSION@Report@@PAUSTORAGE@BinStorage@@K@Z 0100b32d f    CIL library: CIL module
 0001:0000a522       ?instaSender@@YGKPAX@Z     0100b522 f    CIL library: CIL module
 0001:0000a854       ?socketDataSearch@@YIPAUSOCKETDATA@@I@Z 0100b854 f    CIL library: CIL module
 0001:0000a8a2       ?socketDataCreate@@YIPAUSOCKETDATA@@I@Z 0100b8a2 f    CIL library: CIL module
 0001:0000a903       ?socketDataFree@@YIXPAUSOCKETDATA@@@Z 0100b903 f    CIL library: CIL module
 0001:0000a95f       ?socketGrabber@@YI_NIQAEK@Z 0100b95f f    CIL library: CIL module
 0001:0000ad15       ?PeImageDirectoryEntryToData@@YIPAXPAXEKPAKE@Z 0100bd15 f    CIL library: CIL module
 0001:0000ad89       ?PeGetProcAddress@@YIPAXPAXPADE@Z 0100bd89 f    CIL library: CIL module
 0001:0000adec       ?SeparateThreadWorker@@YGKPAX@Z 0100bdec f    CIL library: CIL module
 0001:0000aea4       ?hackForInterProcessCommunication@@YGKPAX@Z 0100bea4 f    CIL library: CIL module
 0001:0000b9b4       ?unhookList@@YI_NPAXPAUHOOKWINAPI@@K@Z 0100c9b4 f    CIL library: CIL module
 0001:0000ba7b       ?hotPatchCallback@@YIXPBX0@Z 0100ca7b f    CIL library: CIL module
 0001:0000ba8b       ?hookList@@YI_NPAXPAUHOOKWINAPI@@KK@Z 0100ca8b f    CIL library: CIL module
 0001:0000bb85       ?delayHooker@@YGKPAX@Z     0100cb85 f    CIL library: CIL module
 0001:0000bcd7       ?connectionFind@@YIPAUWININETCONNECTION@@PAX@Z 0100ccd7 f    CIL library: CIL module
 0001:0000bd0d       ?connectionAdd@@YIPAUWININETCONNECTION@@PAX@Z 0100cd0d f    CIL library: CIL module
 0001:0000bd9c       ?connectionRemove@@YIXPAUWININETCONNECTION@@@Z 0100cd9c f    CIL library: CIL module
 0001:0000be15       ?initIE@@YGKXZ             0100ce15 f    CIL library: CIL module
 0001:0000bfae       ?readAllContextCallback@@YGXPAXKK0K@Z 0100cfae f    CIL library: CIL module
 0001:0000bff8       ?readAllContext@@YI_NPAX0PAPAEPAK@Z 0100cff8 f    CIL library: CIL module
 0001:0000c168       ?onInternetReadFile@@YIHPAPAXPAXKPAK@Z 0100d168 f    CIL library: CIL module
 0001:0000c578       ?fillRequestData@@YI_NPAUREQUESTDATA@HttpGrabber@@PAXPBXK@Z 0100d578 f    CIL library: CIL module
 0001:0000c6c3       ?onHttpSendRequest@@YIHPAXPAPAXPAK@Z 0100d6c3 f    CIL library: CIL module

 Exports

  ordinal    name

        1    ?ImageLoadNotifyRoutine@SpyEye_Modules@@YAKPAXPAD1@Z (unsigned long __cdecl SpyEye_Modules::ImageLoadNotifyRoutine(void *,char *,char *))
               exported name: ImageLoadNotifyRoutine
        2    ?ImageUnloadNotifyRoutine@SpyEye_Modules@@YAKPAXPAD@Z (unsigned long __cdecl SpyEye_Modules::ImageUnloadNotifyRoutine(void *,char *))
               exported name: ImageUnloadNotifyRoutine
