 builder_debug

 Timestamp is 51df18d8 (Fri Jul 12 00:43:04 2013)

 Preferred load address is 00400000

 Start         Length     Name                   Class
 0001:00000000 00004478H .text                   CODE
 0002:00000000 00001e41H code                    CODE
 0003:00000000 00000114H .idata$5                DATA
 0003:00000118 0003b49eH .rdata                  DATA
 0003:0003b5b8 000000a0H .idata$2                DATA
 0003:0003b658 00000014H .idata$3                DATA
 0003:0003b66c 00000114H .idata$4                DATA
 0003:0003b780 00000496H .idata$6                DATA
 0003:0003bc16 00000000H .edata                  DATA
 0004:00000000 00000044H .data                   DATA
 0004:00000048 00001400H .bss                    DATA
 0005:00000000 00000190H .rsrc$01                DATA
 0005:00000190 00001558H .rsrc$02                DATA

  Address         Publics by Value              Rva+Base       Lib:Object

 0001:00000000       ?__GetArgsA@@YIKPAD0PAPAPADPAPADK@Z 00401000 f   builddll.obj
 0001:000009c9       ?_run@BuildDll@@YI_NPAUHWND__@@0PAUCFGDATA@Config0@@PA_W@Z 004019c9 f   builddll.obj
 0001:00001076       ?PeImageNtHeader@@YIPAU_IMAGE_NT_HEADERS@@PAX@Z 00402076 f   builddropper.obj
 0001:00001090       ?InsertSection@@YIEPADPAXK1KPAPAXPAKE@Z 00402090 f   builddropper.obj
 0001:000012a4       ?InsertSectionConfig@@YIEPAU_SECTION_CONFIG@@PAXKPAPAXPAKE@Z 004022a4 f   builddropper.obj
 0001:000013c9       ?_run@BuildDropper@@YI_NPAUHWND__@@0PAUCFGDATA@Config0@@PA_W@Z 004023c9 f   builddropper.obj
 0001:000017f3       ?toolBuilderProc@@YGHPAUHWND__@@IIJ@Z 004027f3 f   builder.obj
 0001:00001af7       ?reallocEx@Mem@@YI_NPAXK@Z 00402af7 f   common.obj
 0001:00001b1c       ?realloc@Mem@@YIPAXPAXK@Z  00402b1c f   common.obj
 0001:00001b50       ?alloc@Mem@@YIPAXK@Z       00402b50 f   common.obj
 0001:00001b63       ?free@Mem@@YIXPAX@Z        00402b63 f   common.obj
 0001:00001b83       ?freeArrayOfPointers@Mem@@YIXPAXK@Z 00402b83 f   common.obj
 0001:00001d29       ?_CopyA@Str@@YIXPADPBDH@Z  00402d29 f   common.obj
 0001:00001d44       ?_CopyExA@Str@@YIPADPADH_N@Z 00402d44 f   common.obj
 0001:00001d79       ?_getArgumentsA@Str@@YIKQADKPAPAPADK@Z 00402d79 f   common.obj
 0001:00001e61       ?_LengthA@Str@@YIHPBD@Z    00402e61 f   common.obj
 0001:00001e73       ?_LengthW@Str@@YIHPB_W@Z   00402e73 f   common.obj
 0001:00001e87       ?_sprintfW@Str@@YAHPA_WHPB_WZZ 00402e87 f   common.obj
 0001:00001ec9       ?_sprintfA@Str@@YAHPADHPBDZZ 00402ec9 f   common.obj
 0001:00001f02       ?_vsprintfExW@Str@@YIHPAPA_WPB_WPAD@Z 00402f02 f   common.obj
 0001:00001f3a       ?_utf8FromUnicode@Str@@YI_NQA_WHPAUUTF8STRING@1@@Z 00402f3a f   common.obj
 0001:00001f67       ?_utf8FromAnsi@Str@@YI_NQADHPAUUTF8STRING@1@@Z 00402f67 f   common.obj
 0001:0000270e       ?_Compress@UCL@@YIHPAEK0PAKPAUPROGRESS_CALLBACK@1@K@Z 0040370e f   common.obj
 0001:000029b5       ?genrand_int32@@YIKXZ      004039b5 f   common.obj
 0001:00002aa9       ?_md5Hash@Crypt@@YI_NPAEPAXK@Z 00403aa9 f   common.obj
 0001:00002b3d       ?mtRand@Crypt@@YIKXZ       00403b3d f   common.obj
 0001:00002b89       ?mtRandRange@Crypt@@YIKKK@Z 00403b89 f   common.obj
 0001:00002b99       ?_rc4Init@Crypt@@YIXPBXGPAURC4KEY@1@@Z 00403b99 f   common.obj
 0001:00002bfc       ?_rc4@Crypt@@YIXPAXKPAURC4KEY@1@@Z 00403bfc f   common.obj
 0001:00002c6d       ?_saveToFile@Fs@@YI_NQA_WPBXK@Z 00403c6d f   common.obj
 0001:00002cd2       ?_fileToMem@Fs@@YI_NPA_WPAUMEMFILE@1@K@Z 00403cd2 f   common.obj
 0001:00002d6c       ?_closeMemFile@Fs@@YIXPAUMEMFILE@1@@Z 00403d6c f   common.obj
 0001:00002d93       ?_removeFile@Fs@@YI_NPA_W@Z 00403d93 f   common.obj
 0001:00002db4       ?_pathCombine@Fs@@YI_NPA_WQA_W1@Z 00403db4 f   common.obj
 0001:00002de1       ?_ParseFile@Config0@@YI_NPA_WPAUCFGDATA@1@@Z 00403de1 f   common.obj
 0001:00002f5a       ?_Close@Config0@@YIXPAUCFGDATA@1@@Z 00403f5a f   common.obj
 0001:00002f8a       ?_FreeVar@Config0@@YIXPAU_VAR@1@@Z 00403f8a f   common.obj
 0001:00002fc8       ?_AddVar@Config0@@YIPAU_VAR@1@PAU21@PAUCFGDATA@1@PAPADE@Z 00403fc8 f   common.obj
 0001:0000301f       ?_GetVar@Config0@@YIPAU_VAR@1@PAU21@PAUCFGDATA@1@PAD2@Z 0040401f f   common.obj
 0001:000030a4       ?_browseForFile@Gui@@YI_NPAUHWND__@@PA_W1@Z 004040a4 f   common.obj
 0001:000030ef       ?_browseForSaveFile@Gui@@YI_NPAUHWND__@@PA_W111K@Z 004040ef f   common.obj
 0001:00003145       ?createNtCheckSum@PeImage@@YIKPAEK@Z 00404145 f   common.obj
 0001:00003193       ?_createFromMemory@PeImage@@YIPAXPAUPEDATA@1@PAXK_N@Z 00404193 f   common.obj
 0001:00003346       ?_freeImage@PeImage@@YIXPAUPEDATA@1@@Z 00404346 f   common.obj
 0001:00003383       ?_setDosHeader@PeImage@@YI_NPAUPEDATA@1@PAX@Z 00404383 f   common.obj
 0001:000033cb       ?_setNtHeaderFromNtHeader@PeImage@@YI_NPAUPEDATA@1@PAX@Z 004043cb f   common.obj
 0001:000034a1       ?_addSection@PeImage@@YI_NPAUPEDATA@1@PADKPAXKKKKK@Z 004044a1 f   common.obj
 0001:000035c6       ?_buildImage@PeImage@@YIKPAUPEDATA@1@KKPAPAE@Z 004045c6 f   common.obj
 0001:00003966       ?_getCurrentRawSize@PeImage@@YIKPAUPEDATA@1@@Z 00404966 f   common.obj
 0001:00003a09       ?_getCurrentVirtualSize@PeImage@@YIKPAUPEDATA@1@@Z 00404a09 f   common.obj
 0001:00003a96       ?_isPeImage@PeImage@@YI_NPAXK@Z 00404a96 f   common.obj
 0001:00003b41       ?_createEmpty@BinStorage@@YIPAUSTORAGE@1@XZ 00404b41 f   common.obj
 0001:00003b5d       ?_addItem@BinStorage@@YI_NPAPAUSTORAGE@1@KKPAXK@Z 00404b5d f   common.obj
 0001:00003c1b       ?_addItemAsUtf8StringA@BinStorage@@YI_NPAPAUSTORAGE@1@KKPAD@Z 00404c1b f   common.obj
 0001:00003c67       ?_getNextItem@BinStorage@@YIPAUITEM@1@PBUSTORAGE@1@PAU21@@Z 00404c67 f   common.obj
 0001:00003c9e       ?_pack@BinStorage@@YIKPAPAUSTORAGE@1@KPAURC4KEY@Crypt@@@Z 00404c9e f   common.obj
 0001:00003e5a       ?init@Languages@@YIXXZ     00404e5a f   languages.obj
 0001:00003ed8       ?get@Languages@@YIPA_WK@Z  00404ed8 f   languages.obj
 0001:00003eef       ?setDefaultLangId@Languages@@YI_NG@Z 00404eef f   languages.obj
 0001:00003f5c       ?getLangInfo@Languages@@YIPBULANGINFO@1@G@Z 00404f5c f   languages.obj
 0001:0000414c       ?entryPoint@@YGXXZ         0040514c f   main.obj
 0001:00004228       ?toolSettingsProc@@YGHPAUHWND__@@IIJ@Z 00405228 f   settings.obj
 0001:00004398       ?writeOutput@@YAXPAUHWND__@@PA_WZZ 00405398 f   tools.obj
 0001:00004415       ?writeOutputError@@YAXPAUHWND__@@PA_WZZ 00405415 f   tools.obj
 0001:0000444e       ?closeThreadIfFinsinhed@@YIXPAPAX@Z 0040544e f   tools.obj
 0002:00000000       _LDE@8                     00406000     lde32:LDE64.obj
 0002:00000000       start                      00406000     lde32:LDE64.obj
 0003:00000000       __imp__CryptAcquireContextW@20 00408000     advapi32:ADVAPI32.dll
 0003:00000004       __imp__CryptGetHashParam@20 00408004     advapi32:ADVAPI32.dll
 0003:00000008       __imp__CryptCreateHash@20  00408008     advapi32:ADVAPI32.dll
 0003:0000000c       __imp__CryptDestroyHash@4  0040800c     advapi32:ADVAPI32.dll
 0003:00000010       __imp__CryptHashData@16    00408010     advapi32:ADVAPI32.dll
 0003:00000014       __imp__CryptReleaseContext@8 00408014     advapi32:ADVAPI32.dll
 0003:00000018       \177ADVAPI32_NULL_THUNK_DATA 00408018     advapi32:ADVAPI32.dll
 0003:0000001c       __imp__InitCommonControlsEx@4 0040801c     comctl32:COMCTL32.dll
 0003:00000020       \177COMCTL32_NULL_THUNK_DATA 00408020     comctl32:COMCTL32.dll
 0003:00000024       __imp__GetSaveFileNameW@4  00408024     comdlg32:COMDLG32.dll
 0003:00000028       __imp__GetOpenFileNameW@4  00408028     comdlg32:COMDLG32.dll
 0003:0000002c       \177COMDLG32_NULL_THUNK_DATA 0040802c     comdlg32:COMDLG32.dll
 0003:00000030       __imp__CreateFileW@28      00408030     kernel32:KERNEL32.dll
 0003:00000034       __imp__MultiByteToWideChar@24 00408034     kernel32:KERNEL32.dll
 0003:00000038       __imp__GetFileSizeEx@8     00408038     kernel32:KERNEL32.dll
 0003:0000003c       __imp__GetProcAddress@8    0040803c     kernel32:KERNEL32.dll
 0003:00000040       __imp__LoadLibraryA@4      00408040     kernel32:KERNEL32.dll
 0003:00000044       __imp__CloseHandle@4       00408044     kernel32:KERNEL32.dll
 0003:00000048       __imp__DeleteFileW@4       00408048     kernel32:KERNEL32.dll
 0003:0000004c       __imp__SetFileAttributesW@8 0040804c     kernel32:KERNEL32.dll
 0003:00000050       __imp__WritePrivateProfileStringW@16 00408050     kernel32:KERNEL32.dll
 0003:00000054       __imp__GetPrivateProfileIntW@16 00408054     kernel32:KERNEL32.dll
 0003:00000058       __imp__GetUserDefaultUILanguage@0 00408058     kernel32:KERNEL32.dll
 0003:0000005c       __imp__ExitProcess@4       0040805c     kernel32:KERNEL32.dll
 0003:00000060       __imp__GetModuleFileNameW@12 00408060     kernel32:KERNEL32.dll
 0003:00000064       __imp__WideCharToMultiByte@32 00408064     kernel32:KERNEL32.dll
 0003:00000068       __imp__ReadFile@20         00408068     kernel32:KERNEL32.dll
 0003:0000006c       __imp__WriteFile@20        0040806c     kernel32:KERNEL32.dll
 0003:00000070       __imp__IsBadReadPtr@8      00408070     kernel32:KERNEL32.dll
 0003:00000074       __imp__GetProcessHeap@0    00408074     kernel32:KERNEL32.dll
 0003:00000078       __imp__VirtualFree@12      00408078     kernel32:KERNEL32.dll
 0003:0000007c       __imp__GetTickCount@0      0040807c     kernel32:KERNEL32.dll
 0003:00000080       __imp__GetModuleHandleW@4  00408080     kernel32:KERNEL32.dll
 0003:00000084       __imp__WaitForSingleObject@8 00408084     kernel32:KERNEL32.dll
 0003:00000088       __imp__HeapFree@12         00408088     kernel32:KERNEL32.dll
 0003:0000008c       __imp__HeapAlloc@12        0040808c     kernel32:KERNEL32.dll
 0003:00000090       __imp__FreeLibrary@4       00408090     kernel32:KERNEL32.dll
 0003:00000094       __imp__HeapReAlloc@16      00408094     kernel32:KERNEL32.dll
 0003:00000098       __imp__CreateThread@24     00408098     kernel32:KERNEL32.dll
 0003:0000009c       __imp__VirtualAlloc@16     0040809c     kernel32:KERNEL32.dll
 0003:000000a0       __imp__lstrcmpiA@8         004080a0     kernel32:KERNEL32.dll
 0003:000000a4       \177KERNEL32_NULL_THUNK_DATA 004080a4     kernel32:KERNEL32.dll
 0003:000000a8       __imp__ShellExecuteW@24    004080a8     shell32:SHELL32.dll
 0003:000000ac       \177SHELL32_NULL_THUNK_DATA 004080ac     shell32:SHELL32.dll
 0003:000000b0       __imp__wvnsprintfA@16      004080b0     shlwapi:SHLWAPI.dll
 0003:000000b4       __imp__PathRemoveFileSpecW@4 004080b4     shlwapi:SHLWAPI.dll
 0003:000000b8       __imp__wvnsprintfW@16      004080b8     shlwapi:SHLWAPI.dll
 0003:000000bc       __imp__StrCmpNIA@12        004080bc     shlwapi:SHLWAPI.dll
 0003:000000c0       __imp__PathCombineW@12     004080c0     shlwapi:SHLWAPI.dll
 0003:000000c4       \177SHLWAPI_NULL_THUNK_DATA 004080c4     shlwapi:SHLWAPI.dll
 0003:000000c8       __imp__LoadImageW@24       004080c8     user32:USER32.dll
 0003:000000cc       __imp__GetWindowTextLengthW@4 004080cc     user32:USER32.dll
 0003:000000d0       __imp__SetWindowTextW@8    004080d0     user32:USER32.dll
 0003:000000d4       __imp__CreateDialogParamW@20 004080d4     user32:USER32.dll
 0003:000000d8       __imp__ShowWindow@8        004080d8     user32:USER32.dll
 0003:000000dc       __imp__EndDialog@8         004080dc     user32:USER32.dll
 0003:000000e0       __imp__DialogBoxParamW@20  004080e0     user32:USER32.dll
 0003:000000e4       __imp__DestroyWindow@4     004080e4     user32:USER32.dll
 0003:000000e8       __imp__GetDlgItem@8        004080e8     user32:USER32.dll
 0003:000000ec       __imp__SetWindowLongW@12   004080ec     user32:USER32.dll
 0003:000000f0       __imp__SendDlgItemMessageW@20 004080f0     user32:USER32.dll
 0003:000000f4       __imp__MessageBoxW@16      004080f4     user32:USER32.dll
 0003:000000f8       __imp__EnableWindow@8      004080f8     user32:USER32.dll
 0003:000000fc       __imp__SendMessageW@16     004080fc     user32:USER32.dll
 0003:00000100       __imp__SetDlgItemTextW@12  00408100     user32:USER32.dll
 0003:00000104       \177USER32_NULL_THUNK_DATA 00408104     user32:USER32.dll
 0003:00000108       __imp__CoUninitialize@0    00408108     ole32:ole32.dll
 0003:0000010c       __imp__CoInitializeEx@8    0040810c     ole32:ole32.dll
 0003:00000110       \177ole32_NULL_THUNK_DATA  00408110     ole32:ole32.dll
 0003:00039c98       ??_C@_07IJKAAKFB@set_url?$AA@ 00441c98     builddll.obj
 0003:00039ca0       ??_C@_0O@BANOKHIN@data_before?$AN?6?$AA@ 00441ca0     builddll.obj
 0003:00039cb0       ??_C@_0O@BMPPOCNM@data_inject?$AN?6?$AA@ 00441cb0     builddll.obj
 0003:00039cc0       ??_C@_0N@FGEEJEJE@data_after?$AN?6?$AA@ 00441cc0     builddll.obj
 0003:00039cd0       ??_C@_0L@BGILCDAN@data_end?$AN?6?$AA@ 00441cd0     builddll.obj
 0003:00039cdc       ??_C@_1M@IEMJKJMB@?$AA?$CF?$AAu?$AA?$DN?$AA?$CF?$AAS?$AA?$AA@ 00441cdc     builddll.obj
 0003:00039ce8       ??_C@_1BE@EKDGJGJ@?$AA?$CF?$AAS?$AA?$FL?$AA?$CF?$AAu?$AA?$FN?$AA?$DN?$AA?$CF?$AAS?$AA?$AA@ 00441ce8     builddll.obj
 0003:00039cfc       ??_C@_09GPIDEJEA@DllConfig?$AA@ 00441cfc     builddll.obj
 0003:00039d08       ??_C@_0P@NNNDAFMP@encryption_key?$AA@ 00441d08     builddll.obj
 0003:00039d18       ??_C@_1CE@CNALMPGA@?$AAe?$AAn?$AAc?$AAr?$AAy?$AAp?$AAt?$AAi?$AAo?$AAn?$AA_?$AAk?$AAe?$AAy?$AA?$DN?$AAO?$AAK?$AA?$AA@ 00441d18     builddll.obj
 0003:00039d3c       ??_C@_0L@MEAKHMNC@url_server?$AA@ 00441d3c     builddll.obj
 0003:00039d48       ??_C@_1BM@OLCKEJDG@?$AAu?$AAr?$AAl?$AA_?$AAs?$AAe?$AAr?$AAv?$AAe?$AAr?$AA?$DN?$AA?$CF?$AAS?$AA?$AA@ 00441d48     builddll.obj
 0003:00039d64       ??_C@_0O@FLEBKLBA@notify_server?$AA@ 00441d64     builddll.obj
 0003:00039d74       ??_C@_1CC@LIHIJEAN@?$AAn?$AAo?$AAt?$AAi?$AAf?$AAy?$AA_?$AAs?$AAe?$AAr?$AAv?$AAe?$AAr?$AA?$DN?$AA?$CF?$AAS?$AA?$AA@ 00441d74     builddll.obj
 0003:00039d98       ??_C@_0L@CCGLNHGL@webfilters?$AA@ 00441d98     builddll.obj
 0003:00039da4       ??_C@_0P@CAPHLBON@captcha_server?$AA@ 00441da4     builddll.obj
 0003:00039db4       ??_C@_1CE@FCCKKHAA@?$AAc?$AAa?$AAp?$AAt?$AAc?$AAh?$AAa?$AA_?$AAs?$AAe?$AAr?$AAv?$AAe?$AAr?$AA?$DN?$AA?$CF?$AAS?$AA?$AA@ 00441db4     builddll.obj
 0003:00039dd8       ??_C@_0M@OKNHBMDG@CaptchaList?$AA@ 00441dd8     builddll.obj
 0003:00039de4       ??_C@_1CE@JBCDNFEB@?$AAc?$AAa?$AAp?$AAt?$AAc?$AAh?$AAa?$AA?$FL?$AA?$CF?$AAu?$AA?$FN?$AA?$DN?$AA?$CF?$AAS?$AA?5?$AA?$CF?$AAS?$AA?$AA@ 00441de4     builddll.obj
 0003:00039e08       ??_C@_0BA@LGGIHLGK@file_webinjects?$AA@ 00441e08     builddll.obj
 0003:00039e18       ??_C@_1CG@FHNAFLLG@?$AAf?$AAi?$AAl?$AAe?$AA_?$AAw?$AAe?$AAb?$AAi?$AAn?$AAj?$AAe?$AAc?$AAt?$AAs?$AA?$DN?$AA?$CF?$AAS?$AA?$AA@ 00441e18     builddll.obj
 0003:00039e40       ??_C@_06KBDDOAJP@?4data1?$AA@ 00441e40     builddll.obj
 0003:00039e48       ??_C@_1BE@CLFFKCAJ@?$AAb?$AAo?$AAt?$AA3?$AA2?$AA?4?$AAd?$AAl?$AAl?$AA?$AA@ 00441e48     builddll.obj
 0003:00039e5c       ??_C@_1BE@EAMLGJIE@?$AAb?$AAo?$AAt?$AA6?$AA4?$AA?4?$AAd?$AAl?$AAl?$AA?$AA@ 00441e5c     builddll.obj
 0003:00039e70       ??_C@_06BCNMOHFD@?4idata?$AA@ 00441e70     builddropper.obj
 0003:00039e78       ??_C@_1BM@HDENDEP@?$AAX?$AAo?$AAr?$AA?5?$AAk?$AAe?$AAy?$AA?3?$AA?5?$AA0?$AAx?$AA?$CF?$AAX?$AA?$AA@ 00441e78     builddropper.obj
 0003:00039e94       ??_C@_1BI@IPMINBOJ@?$AAd?$AAr?$AAo?$AAp?$AAp?$AAe?$AAr?$AA?4?$AAe?$AAx?$AAe?$AA?$AA@ 00441e94     builddropper.obj
 0003:00039eac       ??_C@_0O@NPGBPPFO@DropperConfig?$AA@ 00441eac     builddropper.obj
 0003:00039ebc       ??_C@_04EOEJDKLM@url1?$AA@ 00441ebc     builddropper.obj
 0003:00039ec4       ??_C@_1BA@LLMAEEOL@?$AAu?$AAr?$AAl?$AA1?$AA?$DN?$AAO?$AAK?$AA?$AA@ 00441ec4     builddropper.obj
 0003:00039ed4       ??_C@_04GFGEGJHP@url2?$AA@ 00441ed4     builddropper.obj
 0003:00039edc       ??_C@_1BA@FAPHPPOI@?$AAu?$AAr?$AAl?$AA2?$AA?$DN?$AAO?$AAK?$AA?$AA@ 00441edc     builddropper.obj
 0003:00039eec       ??_C@_04HMHPFIDO@url3?$AA@ 00441eec     builddropper.obj
 0003:00039ef4       ??_C@_1BA@LPDFJENG@?$AAu?$AAr?$AAl?$AA3?$AA?$DN?$AAO?$AAK?$AA?$AA@ 00441ef4     builddropper.obj
 0003:00039f04       ??_C@_05EKJCMADO@delay?$AA@ 00441f04     builddropper.obj
 0003:00039f0c       ??_C@_1BC@IEMPMOGN@?$AAd?$AAe?$AAl?$AAa?$AAy?$AA?$DN?$AAO?$AAK?$AA?$AA@ 00441f0c     builddropper.obj
 0003:00039f20       ??_C@_05BENAEDOB@retry?$AA@ 00441f20     builddropper.obj
 0003:00039f28       ??_C@_1BC@IKHNDDKG@?$AAr?$AAe?$AAt?$AAr?$AAy?$AA?$DN?$AAO?$AAK?$AA?$AA@ 00441f28     builddropper.obj
 0003:00039f3c       ??_C@_07DHKJICFK@buildid?$AA@ 00441f3c     builddropper.obj
 0003:00039f44       ??_C@_1BG@KOBOAMG@?$AAb?$AAu?$AAi?$AAl?$AAd?$AAi?$AAd?$AA?$DN?$AAO?$AAK?$AA?$AA@ 00441f44     builddropper.obj
 0003:00039f5c       ??_C@_0BG@GBEHLCAL@GetKeyboardLayoutList?$AA@ 00441f5c     builddropper.obj
 0003:00039f78       ??_C@_0EM@IDPDJPHO@?$FLDCT?$FN?$AN?6srvurls?$DN?$CFs?$DL?$CFs?$DL?$CFs?$AN?6srvdela@ 00441f78     builddropper.obj
 0003:00039fc4       ??_C@_1DK@GLNPLPID@?$AAC?$AAa?$AAn?$AA?8?$AAt?$AA?5?$AAc?$AAr?$AAe?$AAa?$AAt?$AAe?$AA?5?$AAd?$AAr?$AAo?$AAp?$AAp?$AAe?$AAr?$AA?5?$AAc?$AAo?$AAn?$AAf?$AAi?$AAg?$AA?4?$AA?$AA@ 00441fc4     builddropper.obj
 0003:0003a000       ??_C@_1DA@JNGBIAFL@?$AA1?$AA1?$AA?4?$AA0?$AA7?$AA?4?$AA2?$AA0?$AA1?$AA3?$AA?5?$AA2?$AA0?$AA?3?$AA4?$AA2?$AA?3?$AA5?$AA5?$AA?5?$AAG?$AAM?$AAT?$AA?$AA@ 00442000     builder.obj
 0003:0003a030       ??_C@_1BG@OPDBANFN@?$AAc?$AAo?$AAn?$AAf?$AAi?$AAg?$AA?4?$AAt?$AAx?$AAt?$AA?$AA@ 00442030     builder.obj
 0003:0003a048       ??_C@_19LELMJPKF@?$AAe?$AAd?$AAi?$AAt?$AA?$AA@ 00442048     builder.obj
 0003:0003a052       ??_C@_00CNPNBAHC@?$AA@     00442052     common.obj
 0003:0003a054       ??_C@_03JBJLGPFL@end?$AA@  00442054     common.obj
 0003:0003a058       ??_C@_05HNNDEAND@entry?$AA@ 00442058     common.obj
 0003:0003a060       ??_C@_0N@HNIPOBLH@imagehlp?4dll?$AA@ 00442060     common.obj
 0003:0003a070       ??_C@_0BD@IHEMOILL@CheckSumMappedFile?$AA@ 00442070     common.obj
 0003:0003a088       ??_C@_1EI@CGMKEHLB@?$AE?$BN?$AE5?$AA?5?$AEC?$AE4?$AE0?$AE?$DL?$AE?$DO?$AEA?$AEL?$AA?5?$AEA?$AE?$DO?$AEE?$AE?$EA?$AE0?$AE?$DN?$AE8?$AEB?$AEL?$AA?5?$AE2?$AEA?$AE5?$AA?5?$AE?$DN?$AE0?$AEA?$AEB?$AE?$EA?$AE?$DO?$AE9@ 00442088     languages.obj
 0003:0003a0d0       ??_C@_1HE@HLCNBAIH@?$AE?$BE?$AE?$DL?$AEO?$AA?5?$AE?$DP?$AE?$EA?$AE8?$AE?$DM?$AE5?$AE?$DN?$AE5?$AE?$DN?$AE8?$AEO?$AA?5?$AEO?$AE7?$AEK?$AE?3?$AE0?$AA?5?$AE?$DN?$AE5?$AE?$DO?$AE1?$AEE?$AE?$DO?$AE4?$AE8?$AE?$DM?$AE?$DO?$AA?5@ 004420d0     languages.obj
 0003:0003a144       ??_C@_1BE@DKHNKBMM@?$AE?$BP?$AE?$EA?$AE8?$AE?$DM?$AE5?$AE?$DN?$AE8?$AEB?$AEL?$AA?$AA@ 00442144     languages.obj
 0003:0003a158       ??_C@_1CC@KCPALBLP@?$AE?1?$AE7?$AEK?$AE?3?$AA?5?$AE8?$AE?$DN?$AEB?$AE5?$AE?$EA?$AED?$AE5?$AE9?$AEA?$AE0?$AA?3?$AA?$AA@ 00442158     languages.obj
 0003:0003a180       ??_C@_1EC@BGPCCJLE@?$AE?$BO?$AE1?$AE?$DN?$AE0?$AE?$EA?$AEC?$AE6?$AE5?$AE?$DN?$AA?5?$AAH?$AAT?$AAT?$AAP?$AA?9?$AE8?$AE?$DN?$AE6?$AE5?$AE?3?$AEB?$AA?5?$AEA?$AA?5?$AE?$DO?$AEH?$AE8?$AE1?$AE?3?$AE?$DO?$AE9?$AA?4@ 00442180     languages.obj
 0003:0003a1c8       ??_C@_1FE@IDGPPIJB@?$AE?$BN?$AE5?$AA?5?$AEC?$AE4?$AE0?$AE?$DL?$AE?$DO?$AEA?$AEL?$AA?5?$AE?$DO?$AEB?$AE?3?$AE?$EA?$AEK?$AEB?$AEL?$AA?5?$AED?$AE0?$AE9?$AE?$DL?$AA?5?$AEA?$AA?5?$AAH?$AAT?$AAT?$AAP?$AA?9?$AE8@ 004421c8     languages.obj
 0003:0003a21c       ??_C@_1DA@MBGGDJCB@?$AE?$CB?$AE1?$AE?$DO?$AE?$EA?$AE?3?$AE0?$AA?5?$AAH?$AAT?$AAT?$AAP?$AA?9?$AE8?$AE?$DN?$AE6?$AE5?$AE?3?$AEB?$AE?$DO?$AE2?$AA?4?$AA?4?$AA?4?$AA?$AA@ 0044221c     languages.obj
 0003:0003a250       ??_C@_1GC@FKPJBDBJ@?$AE?$BO?$AE1?$AE?$DN?$AE0?$AE?$EA?$AEC?$AE6?$AE5?$AE?$DN?$AE0?$AA?5?$AE?$DO?$AEH?$AE8?$AE1?$AE?3?$AE0?$AA?5?$AE2?$AA?5?$AA?$CC?$AAD?$AAl?$AAl?$AAC?$AAo?$AAn?$AAf?$AAi?$AAg?$AA?1?$AAf@ 00442250     languages.obj
 0003:0003a2b8       ??_C@_1FC@JEAMHPEF@?$AE?$BO?$AE1?$AE?$DN?$AE0?$AE?$EA?$AEC?$AE6?$AE5?$AE?$DN?$AE0?$AA?5?$AE?$DO?$AEH?$AE8?$AE1?$AE?3?$AE0?$AA?5?$AE?$DP?$AE?$EA?$AE8?$AA?5?$AEA?$AE?$DO?$AE7?$AE4?$AE0?$AE?$DN?$AE8?$AE8?$AA?5?$AE4@ 004422b8     languages.obj
 0003:0003a30c       ??_C@_1DA@PDEIKFLH@?$AE?$BE?$AE?$EA?$AE?$DO?$AE?$DP?$AE?$DP?$AE5?$AE?$EA?$AA?5?$AEC?$AEA?$AE?$DP?$AE5?$AEH?$AE?$DN?$AE?$DO?$AA?5?$AEA?$AE?$DO?$AE7?$AE4?$AE0?$AE?$DN?$AA?4?$AA?$AA@ 0044230c     languages.obj
 0003:0003a340       ??_C@_1FK@PNBFBAKL@?$AE?$BO?$AE1?$AE?$DN?$AE0?$AE?$EA?$AEC?$AE6?$AE5?$AE?$DN?$AE0?$AA?5?$AE?$DO?$AEH?$AE8?$AE1?$AE?3?$AE0?$AA?5?$AE2?$AA?5?$AA?$CC?$AAD?$AAr?$AAo?$AAp?$AAp?$AAe?$AAr?$AAC?$AAo?$AAn?$AAf@ 00442340     languages.obj
 0003:0003a3a0       ??_C@_1FG@MCECFHPK@?$AE?$BO?$AE1?$AE?$DN?$AE0?$AE?$EA?$AEC?$AE6?$AE5?$AE?$DN?$AE0?$AA?5?$AE?$DO?$AEH?$AE8?$AE1?$AE?3?$AE0?$AA?5?$AE2?$AA?5?$AA?$CC?$AAD?$AAr?$AAo?$AAp?$AAp?$AAe?$AAr?$AAC?$AAo?$AAn?$AAf@ 004423a0     languages.obj
 0003:0003a3f8       ??_C@_1FG@LBHJKBGJ@?$AE?$BO?$AE1?$AE?$DN?$AE0?$AE?$EA?$AEC?$AE6?$AE5?$AE?$DN?$AE0?$AA?5?$AE?$DO?$AEH?$AE8?$AE1?$AE?3?$AE0?$AA?5?$AE2?$AA?5?$AA?$CC?$AAD?$AAr?$AAo?$AAp?$AAp?$AAe?$AAr?$AAC?$AAo?$AAn?$AAf@ 004423f8     languages.obj
 0003:0003a450       ??_C@_1FE@PMIMNNLE@?$AE?$BO?$AE1?$AE?$DN?$AE0?$AE?$EA?$AEC?$AE6?$AE5?$AE?$DN?$AE0?$AA?5?$AE?$DO?$AEH?$AE8?$AE1?$AE?3?$AE0?$AA?5?$AE2?$AA?5?$AA?$CC?$AAD?$AAr?$AAo?$AAp?$AAp?$AAe?$AAr?$AAC?$AAo?$AAn?$AAf@ 00442450     languages.obj
 0003:0003a4a8       ??_C@_1FE@DACGNNCK@?$AE?$BO?$AE1?$AE?$DN?$AE0?$AE?$EA?$AEC?$AE6?$AE5?$AE?$DN?$AE0?$AA?5?$AE?$DO?$AEH?$AE8?$AE1?$AE?3?$AE0?$AA?5?$AE2?$AA?5?$AA?$CC?$AAD?$AAr?$AAo?$AAp?$AAp?$AAe?$AAr?$AAC?$AAo?$AAn?$AAf@ 004424a8     languages.obj
 0003:0003a500       ??_C@_1FE@LOKJNKMJ@?$AE?$BO?$AE1?$AE?$DN?$AE0?$AE?$EA?$AEC?$AE6?$AE5?$AE?$DN?$AE0?$AA?5?$AE?$DO?$AEH?$AE8?$AE1?$AE?3?$AE0?$AA?5?$AE2?$AA?5?$AA?$CC?$AAD?$AAr?$AAo?$AAp?$AAp?$AAe?$AAr?$AAC?$AAo?$AAn?$AAf@ 00442500     languages.obj
 0003:0003a558       ??_C@_1FK@PMDBIKFE@?$AE?$BO?$AE1?$AE?$DN?$AE0?$AE?$EA?$AEC?$AE6?$AE5?$AE?$DN?$AE0?$AA?5?$AE?$DO?$AEH?$AE8?$AE1?$AE?3?$AE0?$AA?5?$AE2?$AA?5?$AA?$CC?$AAD?$AAl?$AAl?$AAC?$AAo?$AAn?$AAf?$AAi?$AAg?$AA?1?$AAC@ 00442558     languages.obj
 0003:0003a5b8       ??_C@_1FI@LBJEPNED@?$AE?$BO?$AE1?$AE?$DN?$AE0?$AE?$EA?$AEC?$AE6?$AE5?$AE?$DN?$AE0?$AA?5?$AE?$DO?$AEH?$AE8?$AE1?$AE?3?$AE0?$AA?5?$AE2?$AA?5?$AA?$CC?$AAD?$AAl?$AAl?$AAC?$AAo?$AAn?$AAf?$AAi?$AAg?$AA?1?$AAW@ 004425b8     languages.obj
 0003:0003a610       ??_C@_1FK@NHEIBKOP@?$AE?$BN?$AE5?$AA?5?$AEC?$AE4?$AE0?$AE?$DL?$AE?$DO?$AEA?$AEL?$AA?5?$AE?$DN?$AE0?$AE9?$AEB?$AE8?$AA?5?$AA?$CC?$AAD?$AAl?$AAl?$AAC?$AAo?$AAn?$AAf?$AAi?$AAg?$AA?1?$AAe?$AAn?$AAc?$AAr@ 00442610     languages.obj
 0003:0003a670       ??_C@_1FI@NNHBANHK@?$AE?$BO?$AE1?$AE?$DN?$AE0?$AE?$EA?$AEC?$AE6?$AE5?$AE?$DN?$AE0?$AA?5?$AE?$DO?$AEH?$AE8?$AE1?$AE?3?$AE0?$AA?5?$AE2?$AA?5?$AA?$CC?$AAD?$AAl?$AAl?$AAC?$AAo?$AAn?$AAf?$AAi?$AAg?$AA?1?$AAu@ 00442670     languages.obj
 0003:0003a6c8       ??_C@_1FO@JEKIKAFJ@?$AE?$BO?$AE1?$AE?$DN?$AE0?$AE?$EA?$AEC?$AE6?$AE5?$AE?$DN?$AE0?$AA?5?$AE?$DO?$AEH?$AE8?$AE1?$AE?3?$AE0?$AA?5?$AE2?$AA?5?$AA?$CC?$AAD?$AAl?$AAl?$AAC?$AAo?$AAn?$AAf?$AAi?$AAg?$AA?1?$AAn@ 004426c8     languages.obj
 0003:0003a728       ??_C@_1EE@MOFFJNCO@?$AE?$BN?$AE5?$AA?5?$AEC?$AE4?$AE0?$AE?$DL?$AE?$DO?$AEA?$AEL?$AA?5?$AE?$DN?$AE0?$AE9?$AEB?$AE8?$AA?5?$AA?$CC?$AAD?$AAr?$AAo?$AAp?$AAp?$AAe?$AAr?$AAC?$AAo?$AAn?$AAf?$AAi?$AAg?$AA?$CC@ 00442728     languages.obj
 0003:0003a76c       ??_C@_1DM@GIOPFCIL@?$AE?$BN?$AE5?$AA?5?$AEC?$AE4?$AE0?$AE?$DL?$AE?$DO?$AEA?$AEL?$AA?5?$AE?$DN?$AE0?$AE9?$AEB?$AE8?$AA?5?$AA?$CC?$AAD?$AAl?$AAl?$AAC?$AAo?$AAn?$AAf?$AAi?$AAg?$AA?$CC?$AA?4?$AA?$AA@ 0044276c     languages.obj
 0003:0003a7a8       ??_C@_1DI@LEEFFLLP@?$AE?$BI?$AEA?$AEE?$AE?$DO?$AE4?$AE?$DN?$AEK?$AE9?$AA?5?$AAP?$AAE?$AA?9?$AED?$AE0?$AE9?$AE?$DL?$AA?5?$AE?$DP?$AE?$DO?$AE2?$AE?$EA?$AE5?$AE6?$AE4?$AE5?$AE?$DN?$AA?4?$AA?$AA@ 004427a8     languages.obj
 0003:0003a7e0       ??_C@_1DI@KNCNHA@?$AA?$AN?$AA?6?$AE?$CB?$AE?$BB?$AE?$BO?$AE?5?$AE?$BK?$AE?$BA?$AA?5?$AE?$CD?$AE?$CB?$AE?$BP?$AE?$BF?$AE?$CI?$AE?$BN?$AE?$BO?$AA?5?$AE?$BH?$AE?$BA?$AE?$BC?$AE?$BF?$AE?5?$AE?$CI?$AE?$BF?$AE?$BN?$AE?$BA?$AA?$CB?$AA?$AA@ 004427e0     languages.obj
 0003:0003a818       ??_C@_1CM@NDGOAMFJ@?$AE?5?$AE0?$AE7?$AE?$DM?$AE5?$AE?$EA?$AA?5?$AED?$AE0?$AE9?$AE?$DL?$AE0?$AA?5?$AA?$CF?$AAu?$AA?5?$AE1?$AE0?$AE9?$AEB?$AA?4?$AA?$AA@ 00442818     languages.obj
 0003:0003a844       ??_C@_1CM@NAHGPNOI@?$AE?$CB?$AE?$DO?$AE7?$AE4?$AE0?$AE?$DN?$AE8?$AE5?$AA?5?$AAD?$AAL?$AAL?$AA?9?$AED?$AE0?$AE9?$AE?$DL?$AE0?$AA?4?$AA?4?$AA?4?$AA?$AA@ 00442844     languages.obj
 0003:0003a870       ??_C@_1DC@LFMMMOIE@?$AE?$BH?$AE0?$AE3?$AE?$EA?$AEC?$AE7?$AE?3?$AE0?$AA?5?$AE?3?$AE?$DO?$AE?$DN?$AED?$AE8?$AE3?$AEC?$AE?$EA?$AE0?$AEF?$AE8?$AE8?$AA?4?$AA?4?$AA?4?$AA?$AA@ 00442870     languages.obj
 0003:0003a8a4       ??_C@_1BM@IDPJJJDI@?$AE?$CB?$AE1?$AE?$DO?$AE?$EA?$AE?3?$AE0?$AA?5?$AE4?$AE?$DL?$AE?$DL?$AA?4?$AA?4?$AA?4?$AA?$AA@ 004428a4     languages.obj
 0003:0003a8c0       ??_C@_1FA@PAJLHLGC@?$AE?$BN?$AE5?$AA?5?$AEC?$AE4?$AE0?$AE?$DL?$AE?$DO?$AEA?$AEL?$AA?5?$AE?$DP?$AE?$EA?$AE?$DO?$AEG?$AE8?$AEB?$AE0?$AEB?$AEL?$AA?5?$AED?$AE0?$AE9?$AE?$DL?$AA?5?$AE?3?$AE?$DO?$AE?$DN?$AED?$AE8?$AE3@ 004428c0     languages.obj
 0003:0003a910       ??_C@_1EO@GKGJEBEA@?$AE?$BN?$AE5?$AA?5?$AEC?$AE4?$AE0?$AE?$DL?$AE?$DO?$AEA?$AEL?$AA?5?$AE7?$AE0?$AE?$DP?$AEC?$AEA?$AEB?$AE8?$AEB?$AEL?$AA?5?$AE2?$AE?$DN?$AE5?$AEH?$AE?$DN?$AE8?$AE9?$AA?5?$AE?$EA?$AE5?$AE4@ 00442910     languages.obj
 0003:0003a960       ??_C@_1CK@CFILAGLK@?$AA?9?$AA?9?$AA?5?$AED?$AE0?$AE9?$AE?$DL?$AA?5?$AE?$DN?$AE5?$AA?5?$AE2?$AEK?$AE1?$AE?$EA?$AE0?$AE?$DN?$AA?5?$AA?9?$AA?9?$AA?$AA@ 00442960     languages.obj
 0003:0003a98c       ??_C@_1CA@EPBMGMD@?$AE?$CB?$AE?$DO?$AE1?$AE?$EA?$AE0?$AEB?$AEL?$AA?5?$AE4?$AE?$EA?$AE?$DO?$AE?$DP?$AE?$DP?$AE5?$AE?$EA?$AA?$AA@ 0044298c     languages.obj
 0003:0003a9ac       ??_C@_1BI@PLDDDJKC@?$AE?$CB?$AE?$DO?$AE1?$AE?$EA?$AE0?$AEB?$AEL?$AA?5?$AE4?$AE?$DL?$AE?$DL?$AA?$AA@ 004429ac     languages.obj
 0003:0003a9c4       ??_C@_1BC@DMCPANLP@?$AE?$BE?$AE5?$AE9?$AEA?$AEB?$AE2?$AE8?$AEO?$AA?$AA@ 004429c4     languages.obj
 0003:0003a9d8       ??_C@_1BE@FHJEJNMI@?$AE?$BP?$AE?$EA?$AE0?$AE2?$AE?3?$AE0?$AA?4?$AA?4?$AA?4?$AA?$AA@ 004429d8     languages.obj
 0003:0003a9ec       ??_C@_1BC@BIOMGAAE@?$AE?$BO?$AE1?$AE7?$AE?$DO?$AE?$EA?$AA?4?$AA?4?$AA?4?$AA?$AA@ 004429ec     languages.obj
 0003:0003aa00       ??_C@_1EC@PJOJMGPL@?$AE?$BI?$AEA?$AEE?$AE?$DO?$AE4?$AE?$DN?$AEK?$AE9?$AA?5?$AED?$AE0?$AE9?$AE?$DL?$AA?5?$AE?3?$AE?$DO?$AE?$DN?$AED?$AE8?$AE3?$AEC?$AE?$EA?$AE0?$AEF?$AE8?$AE8?$AA?5?$AE1?$AE?$DO?$AEB?$AE0?$AA?3@ 00442a00     languages.obj
 0003:0003aa48       ??_C@_1EM@OGBEFLCM@?$AE?$BC?$AE5?$AE?$EA?$AEA?$AE8?$AEO?$AA?3?$AA?5?$AA?$CF?$AAu?$AA?4?$AA?$CF?$AAu?$AA?4?$AA?$CF?$AAu?$AA?4?$AA?$CF?$AAu?$AA?$AN?$AA?6?$AE?$BC?$AE?$EA?$AE5?$AE?$DM?$AEO?$AA?5?$AEA?$AE1?$AE?$DO?$AE?$EA?$AE?3@ 00442a48     languages.obj
 0003:0003aa94       ??_C@_1M@CBEMEIKC@?$AE?$BO?$AE?$DP?$AEF?$AE8?$AE8?$AA?$AA@ 00442a94     languages.obj
 0003:0003aaa0       ??_C@_1O@NAIEKLOG@?$AE?$CB?$AE1?$AE?$DO?$AE?$EA?$AE?3?$AE0?$AA?$AA@ 00442aa0     languages.obj
 0003:0003aab0       ??_C@_1BK@DFAOPDFA@?$AA?$AN?$AA?6?$AE?$BO?$AE?$CI?$AE?$BI?$AE?$BB?$AE?$BK?$AE?$BA?$AA?3?$AA?5?$AA?$CF?$AAs?$AA?$AA@ 00442ab0     languages.obj
 0003:0003aacc       ??_C@_1DG@CMDEHBBF@?$AE?$BN?$AE5?$AA?5?$AEC?$AE4?$AE0?$AE?$DL?$AE?$DO?$AEA?$AEL?$AA?5?$AEA?$AE?$DO?$AEE?$AE?$EA?$AE0?$AE?$DN?$AE8?$AEB?$AEL?$AA?5?$AED?$AE0?$AE9?$AE?$DL?$AA?4?$AA?$AA@ 00442acc     languages.obj
 0003:0003ab04       ??_C@_1CK@NCLPHNPA@?$AE?$BN?$AE5?$AE4?$AE?$DO?$AEA?$AEB?$AE0?$AEB?$AE?$DO?$AEG?$AE?$DN?$AE?$DO?$AA?5?$AE?$DP?$AE0?$AE?$DM?$AEO?$AEB?$AE8?$AA?4?$AA?$AA@ 00442b04     languages.obj
 0003:0003ab30       ??_C@_1DK@NMECGOAH@?$AAF?$AAa?$AAi?$AAl?$AAe?$AAd?$AA?5?$AAt?$AAo?$AA?5?$AAs?$AAa?$AAv?$AAe?$AA?5?$AAa?$AAl?$AAl?$AA?5?$AAs?$AAe?$AAt?$AAt?$AAi?$AAn?$AAg?$AAs?$AA?4?$AA?$AA@ 00442b30     languages.obj
 0003:0003ab70       ??_C@_1GO@ELEEHEED@?$AAF?$AAo?$AAr?$AA?5?$AAl?$AAa?$AAn?$AAg?$AAu?$AAa?$AAg?$AAe?$AA?5?$AAt?$AAo?$AA?5?$AAc?$AAh?$AAa?$AAn?$AAg?$AAe?$AA?5?$AAy?$AAo?$AAu?$AA?5?$AAs?$AAh?$AAo?$AAu?$AAl@ 00442b70     languages.obj
 0003:0003abe0       ??_C@_1M@BMPEPGDA@?$AAA?$AAp?$AAp?$AAl?$AAy?$AA?$AA@ 00442be0     languages.obj
 0003:0003abec       ??_C@_1BE@HBODGPNP@?$AAL?$AAa?$AAn?$AAg?$AAu?$AAa?$AAg?$AAe?$AA?3?$AA?$AA@ 00442bec     languages.obj
 0003:0003ac00       ??_C@_1CO@BFMMOHAB@?$AAB?$AAa?$AAd?$AA?5?$AAH?$AAT?$AAT?$AAP?$AA?9?$AAi?$AAn?$AAj?$AAe?$AAc?$AAt?$AA?5?$AAf?$AAo?$AAu?$AAn?$AAd?$AA?4?$AA?$AA@ 00442c00     languages.obj
 0003:0003ac30       ??_C@_1EE@IKHJEJBG@?$AAF?$AAa?$AAi?$AAl?$AAe?$AAd?$AA?5?$AAt?$AAo?$AA?5?$AAo?$AAp?$AAe?$AAn?$AA?5?$AAH?$AAT?$AAT?$AAP?$AA?5?$AAi?$AAn?$AAj?$AAe?$AAc?$AAt?$AAs?$AA?5?$AAf?$AAi?$AAl?$AAe@ 00442c30     languages.obj
 0003:0003ac74       ??_C@_1DK@GECOIDFO@?$AAB?$AAu?$AAi?$AAl?$AAd?$AAi?$AAn?$AAg?$AA?5?$AAt?$AAh?$AAe?$AA?5?$AAH?$AAT?$AAT?$AAP?$AA?5?$AAi?$AAn?$AAj?$AAe?$AAc?$AAt?$AAs?$AA?4?$AA?4?$AA?4?$AA?$AA@ 00442c74     languages.obj
 0003:0003acb0       ??_C@_1FI@NCLOODM@?$AAE?$AAr?$AAr?$AAo?$AAr?$AA?5?$AAf?$AAo?$AAu?$AAn?$AAd?$AA?5?$AAi?$AAn?$AA?5?$AA?$CC?$AAD?$AAl?$AAl?$AAC?$AAo?$AAn?$AAf?$AAi?$AAg?$AA?1?$AAf?$AAi?$AAl?$AAe?$AA_?$AAw@ 00442cb0     languages.obj
 0003:0003ad08       ??_C@_1DK@EHGELGDI@?$AAE?$AAr?$AAr?$AAo?$AAr?$AA?5?$AAw?$AAh?$AAe?$AAn?$AA?5?$AAb?$AAu?$AAi?$AAl?$AAd?$AAi?$AAn?$AAg?$AA?5?$AAd?$AAr?$AAo?$AAp?$AAp?$AAe?$AAr?$AA?4?$AA?$AA@ 00442d08     languages.obj
 0003:0003ad44       ??_C@_1DK@IKMNFPK@?$AAD?$AAr?$AAo?$AAp?$AAp?$AAe?$AAr?$AA?5?$AAs?$AAu?$AAc?$AAc?$AAe?$AAs?$AAs?$AAf?$AAu?$AAl?$AAy?$AA?5?$AAb?$AAu?$AAi?$AAl?$AAd?$AAe?$AAd?$AA?4?$AA?$AA@ 00442d44     languages.obj
 0003:0003ad80       ??_C@_1FA@PJCKNEGF@?$AAE?$AAr?$AAr?$AAo?$AAr?$AA?5?$AAf?$AAo?$AAu?$AAn?$AAd?$AA?5?$AAi?$AAn?$AA?5?$AA?$CC?$AAD?$AAr?$AAo?$AAp?$AAp?$AAe?$AAr?$AAC?$AAo?$AAn?$AAf?$AAi?$AAg?$AA?1?$AAb?$AAu@ 00442d80     languages.obj
 0003:0003add0       ??_C@_1EM@LKNIAAPL@?$AAE?$AAr?$AAr?$AAo?$AAr?$AA?5?$AAf?$AAo?$AAu?$AAn?$AAd?$AA?5?$AAi?$AAn?$AA?5?$AA?$CC?$AAD?$AAr?$AAo?$AAp?$AAp?$AAe?$AAr?$AAC?$AAo?$AAn?$AAf?$AAi?$AAg?$AA?1?$AAr?$AAe@ 00442dd0     languages.obj
 0003:0003ae20       ??_C@_1EM@MJODPGGI@?$AAE?$AAr?$AAr?$AAo?$AAr?$AA?5?$AAf?$AAo?$AAu?$AAn?$AAd?$AA?5?$AAi?$AAn?$AA?5?$AA?$CC?$AAD?$AAr?$AAo?$AAp?$AAp?$AAe?$AAr?$AAC?$AAo?$AAn?$AAf?$AAi?$AAg?$AA?1?$AAd?$AAe@ 00442e20     languages.obj
 0003:0003ae70       ??_C@_1EK@LAFIDKDB@?$AAE?$AAr?$AAr?$AAo?$AAr?$AA?5?$AAf?$AAo?$AAu?$AAn?$AAd?$AA?5?$AAi?$AAn?$AA?5?$AA?$CC?$AAD?$AAr?$AAo?$AAp?$AAp?$AAe?$AAr?$AAC?$AAo?$AAn?$AAf?$AAi?$AAg?$AA?1?$AAu?$AAr@ 00442e70     languages.obj
 0003:0003aec0       ??_C@_1EK@HMPCDKKP@?$AAE?$AAr?$AAr?$AAo?$AAr?$AA?5?$AAf?$AAo?$AAu?$AAn?$AAd?$AA?5?$AAi?$AAn?$AA?5?$AA?$CC?$AAD?$AAr?$AAo?$AAp?$AAp?$AAe?$AAr?$AAC?$AAo?$AAn?$AAf?$AAi?$AAg?$AA?1?$AAu?$AAr@ 00442ec0     languages.obj
 0003:0003af10       ??_C@_1EK@PCHNDNEM@?$AAE?$AAr?$AAr?$AAo?$AAr?$AA?5?$AAf?$AAo?$AAu?$AAn?$AAd?$AA?5?$AAi?$AAn?$AA?5?$AA?$CC?$AAD?$AAr?$AAo?$AAp?$AAp?$AAe?$AAr?$AAC?$AAo?$AAn?$AAf?$AAi?$AAg?$AA?1?$AAu?$AAr@ 00442f10     languages.obj
 0003:0003af60       ??_C@_1FA@PIAOEOJK@?$AAE?$AAr?$AAr?$AAo?$AAr?$AA?5?$AAf?$AAo?$AAu?$AAn?$AAd?$AA?5?$AAi?$AAn?$AA?5?$AA?$CC?$AAD?$AAl?$AAl?$AAC?$AAo?$AAn?$AAf?$AAi?$AAg?$AA?1?$AAC?$AAa?$AAp?$AAt?$AAc?$AAh@ 00442f60     languages.obj
 0003:0003afb0       ??_C@_1EO@FNIAHAMP@?$AAE?$AAr?$AAr?$AAo?$AAr?$AA?5?$AAf?$AAo?$AAu?$AAn?$AAd?$AA?5?$AAi?$AAn?$AA?5?$AA?$CC?$AAD?$AAl?$AAl?$AAC?$AAo?$AAn?$AAf?$AAi?$AAg?$AA?1?$AAW?$AAe?$AAb?$AAF?$AAi?$AAl@ 00442fb0     languages.obj
 0003:0003b000       ??_C@_1FG@DKHCECCK@?$AAF?$AAa?$AAi?$AAl?$AAe?$AAd?$AA?5?$AAt?$AAo?$AA?5?$AAf?$AAi?$AAn?$AAd?$AA?5?$AA?$CC?$AAD?$AAl?$AAl?$AAC?$AAo?$AAn?$AAf?$AAi?$AAg?$AA?1?$AAe?$AAn?$AAc?$AAr?$AAy?$AAp@ 00443000     languages.obj
 0003:0003b058       ??_C@_1EO@DBGFIAPG@?$AAE?$AAr?$AAr?$AAo?$AAr?$AA?5?$AAf?$AAo?$AAu?$AAn?$AAd?$AA?5?$AAi?$AAn?$AA?5?$AA?$CC?$AAD?$AAl?$AAl?$AAC?$AAo?$AAn?$AAf?$AAi?$AAg?$AA?1?$AAu?$AAr?$AAl?$AA_?$AAs?$AAe@ 00443058     languages.obj
 0003:0003b0a8       ??_C@_1FE@MLCPOJNF@?$AAE?$AAr?$AAr?$AAo?$AAr?$AA?5?$AAf?$AAo?$AAu?$AAn?$AAd?$AA?5?$AAi?$AAn?$AA?5?$AA?$CC?$AAD?$AAl?$AAl?$AAC?$AAo?$AAn?$AAf?$AAi?$AAg?$AA?1?$AAn?$AAo?$AAt?$AAi?$AAf?$AAy@ 004430a8     languages.obj
 0003:0003b100       ??_C@_1EA@GGALGJJD@?$AAF?$AAa?$AAi?$AAl?$AAe?$AAd?$AA?5?$AAt?$AAo?$AA?5?$AAf?$AAi?$AAn?$AAd?$AA?5?$AA?$CC?$AAD?$AAr?$AAo?$AAp?$AAp?$AAe?$AAr?$AAC?$AAo?$AAn?$AAf?$AAi?$AAg?$AA?$CC?$AA?4?$AA?$AA@ 00443100     languages.obj
 0003:0003b140       ??_C@_1DI@CLAODCEG@?$AAF?$AAa?$AAi?$AAl?$AAe?$AAd?$AA?5?$AAt?$AAo?$AA?5?$AAf?$AAi?$AAn?$AAd?$AA?5?$AA?$CC?$AAD?$AAl?$AAl?$AAC?$AAo?$AAn?$AAf?$AAi?$AAg?$AA?$CC?$AA?4?$AA?$AA@ 00443140     languages.obj
 0003:0003b178       ??_C@_1EE@FAEDBBEC@?$AAS?$AAo?$AAu?$AAr?$AAc?$AAe?$AA?5?$AAe?$AAx?$AAe?$AAc?$AAu?$AAt?$AAa?$AAb?$AAl?$AAe?$AA?5?$AAf?$AAi?$AAl?$AAe?$AA?5?$AAc?$AAo?$AAr?$AAr?$AAu?$AAp?$AAt?$AAe?$AAd@ 00443178     languages.obj
 0003:0003b1bc       ??_C@_1CG@DOOOJDOO@?$AA?$AN?$AA?6?$AAB?$AAU?$AAI?$AAL?$AAD?$AA?5?$AAS?$AAU?$AAC?$AAC?$AAE?$AAE?$AAD?$AAE?$AAD?$AA?$CB?$AA?$AA@ 004431bc     languages.obj
 0003:0003b1e8       ??_C@_1EC@NEIPOHFK@?$AAS?$AAi?$AAz?$AAe?$AA?5?$AAo?$AAf?$AA?5?$AAo?$AAu?$AAt?$AAp?$AAu?$AAt?$AA?5?$AAf?$AAi?$AAl?$AAe?$AA?5?$AAi?$AAs?$AA?5?$AA?$CF?$AAu?$AA?5?$AAb?$AAy?$AAt?$AAe?$AAs?$AA?4@ 004431e8     languages.obj
 0003:0003b22c       ??_C@_1CK@PAKOBBGP@?$AAC?$AAr?$AAe?$AAa?$AAt?$AAi?$AAn?$AAg?$AA?5?$AAd?$AAl?$AAl?$AA?5?$AAf?$AAi?$AAl?$AAe?$AA?4?$AA?4?$AA?4?$AA?$AA@ 0044322c     languages.obj
 0003:0003b258       ??_C@_1DC@LLILFDHG@?$AAL?$AAo?$AAa?$AAd?$AAi?$AAn?$AAg?$AA?5?$AAc?$AAo?$AAn?$AAf?$AAi?$AAg?$AAu?$AAr?$AAa?$AAt?$AAi?$AAo?$AAn?$AA?4?$AA?4?$AA?4?$AA?$AA@ 00443258     languages.obj
 0003:0003b28c       ??_C@_1CI@OPMBEBFK@?$AAB?$AAu?$AAi?$AAl?$AAd?$AAi?$AAn?$AAg?$AA?5?$AAt?$AAh?$AAe?$AA?5?$AAd?$AAl?$AAl?$AA?4?$AA?4?$AA?4?$AA?$AA@ 0044328c     languages.obj
 0003:0003b2b8       ??_C@_1EG@NGODBHOL@?$AAF?$AAa?$AAi?$AAl?$AAe?$AAd?$AA?5?$AAt?$AAo?$AA?5?$AAr?$AAe?$AAa?$AAd?$AA?5?$AAc?$AAo?$AAn?$AAf?$AAi?$AAg?$AAu?$AAr?$AAa?$AAt?$AAi?$AAo?$AAn?$AA?5?$AAf?$AAi?$AAl@ 004432b8     languages.obj
 0003:0003b300       ??_C@_1EG@KOOMKPGE@?$AAF?$AAa?$AAi?$AAl?$AAe?$AAd?$AA?5?$AAt?$AAo?$AA?5?$AAe?$AAx?$AAe?$AAc?$AAu?$AAt?$AAe?$AA?5?$AAe?$AAx?$AAt?$AAe?$AAr?$AAn?$AAa?$AAl?$AA?5?$AAe?$AAd?$AAi?$AAt?$AAo@ 00443300     languages.obj
 0003:0003b348       ??_C@_1DA@PNIOGHON@?$AA?9?$AA?9?$AA?5?$AAf?$AAi?$AAl?$AAe?$AA?5?$AAn?$AAo?$AAt?$AA?5?$AAs?$AAe?$AAl?$AAe?$AAc?$AAt?$AAe?$AAd?$AA?5?$AA?9?$AA?9?$AA?$AA@ 00443348     languages.obj
 0003:0003b378       ??_C@_1BM@EFGPKPPD@?$AAB?$AAu?$AAi?$AAl?$AAd?$AA?5?$AAD?$AAr?$AAo?$AAp?$AAp?$AAe?$AAr?$AA?$AA@ 00443378     languages.obj
 0003:0003b394       ??_C@_1BE@FOPCKHGG@?$AAB?$AAu?$AAi?$AAl?$AAd?$AA?5?$AAd?$AAl?$AAl?$AA?$AA@ 00443394     languages.obj
 0003:0003b3a8       ??_C@_1BA@CLOPDPEN@?$AAA?$AAc?$AAt?$AAi?$AAo?$AAn?$AAs?$AA?$AA@ 004433a8     languages.obj
 0003:0003b3b8       ??_C@_1BA@JPMCACA@?$AAE?$AAd?$AAi?$AAt?$AA?4?$AA?4?$AA?4?$AA?$AA@ 004433b8     languages.obj
 0003:0003b3c8       ??_C@_1BE@OAEOOAE@?$AAB?$AAr?$AAo?$AAw?$AAs?$AAe?$AA?4?$AA?4?$AA?4?$AA?$AA@ 004433c8     languages.obj
 0003:0003b3e0       ??_C@_1EC@FPHAFPDA@?$AAB?$AAo?$AAt?$AA?8?$AAs?$AA?5?$AAs?$AAo?$AAu?$AAr?$AAc?$AAe?$AA?5?$AAc?$AAo?$AAn?$AAf?$AAi?$AAg?$AAu?$AAa?$AAr?$AAt?$AAi?$AAo?$AAn?$AA?5?$AAf?$AAi?$AAl?$AAe?$AA?3@ 004433e0     languages.obj
 0003:0003b428       ??_C@_1EO@ECKHBE@?$AAV?$AAe?$AAr?$AAs?$AAi?$AAo?$AAn?$AA?3?$AA?5?$AA?$CF?$AAu?$AA?4?$AA?$CF?$AAu?$AA?4?$AA?$CF?$AAu?$AA?4?$AA?$CF?$AAu?$AA?$AN?$AA?6?$AAB?$AAu?$AAi?$AAl?$AAd?$AA?5?$AAt?$AAi?$AAm?$AAe@ 00443428     languages.obj
 0003:0003b478       ??_C@_1BC@PFDDLKEP@?$AAS?$AAe?$AAt?$AAt?$AAi?$AAn?$AAg?$AAs?$AA?$AA@ 00443478     languages.obj
 0003:0003b48c       ??_C@_1BA@GHNIFAMD@?$AAB?$AAu?$AAi?$AAl?$AAd?$AAe?$AAr?$AA?$AA@ 0044348c     languages.obj
 0003:0003b49c       ??_C@_1CE@MIEFEKEJ@?$AAD?$AAL?$AAL?$AA?5?$AAD?$AAe?$AAb?$AAu?$AAg?$AA?5?$AAB?$AAu?$AAi?$AAl?$AAd?$AAe?$AAr?$AA?$AA@ 0044349c     languages.obj
 0003:0003b4c0       ??_C@_1BI@FOFDKLKI@?$AA?$AN?$AA?6?$AAE?$AAR?$AAR?$AAO?$AAR?$AA?3?$AA?5?$AA?$CF?$AAs?$AA?$AA@ 004434c0     languages.obj
 0003:0003b4d8       ??_C@_1DK@DEGOPOBH@?$AAF?$AAa?$AAi?$AAl?$AAe?$AAd?$AA?5?$AAt?$AAo?$AA?5?$AAw?$AAr?$AAi?$AAt?$AAe?$AA?5?$AAo?$AAu?$AAt?$AAp?$AAu?$AAt?$AA?5?$AAf?$AAi?$AAl?$AAe?$AA?4?$AA?$AA@ 004434d8     languages.obj
 0003:0003b514       ??_C@_1CE@DJJMJBFJ@?$AAN?$AAo?$AAt?$AA?5?$AAe?$AAn?$AAo?$AAu?$AAg?$AAh?$AA?5?$AAm?$AAe?$AAm?$AAo?$AAr?$AAy?$AA?$AA@ 00443514     languages.obj
 0003:0003b538       ??_C@_1CE@NDDEGHIA@?$AE?5?$AEC?$AEA?$AEA?$AE?3?$AE8?$AE9?$AA?5?$AA?$CI?$AAR?$AAu?$AAs?$AAs?$AAi?$AAa?$AAn?$AA?$CJ?$AA?$AA@ 00443538     languages.obj
 0003:0003b55c       ??_C@_1BA@CLLEDPIF@?$AAE?$AAn?$AAg?$AAl?$AAi?$AAs?$AAh?$AA?$AA@ 0044355c     languages.obj
 0003:0003b56c       ??_C@_1BC@PKFLBEPK@?$AAl?$AAa?$AAn?$AAg?$AAu?$AAa?$AAg?$AAe?$AA?$AA@ 0044356c     languages.obj
 0003:0003b580       ??_C@_1BC@KIHFACHP@?$AAs?$AAe?$AAt?$AAt?$AAi?$AAn?$AAg?$AAs?$AA?$AA@ 00443580     languages.obj
 0003:0003b594       ??_C@_1BK@BDLHIEGA@?$AAs?$AAe?$AAt?$AAt?$AAi?$AAn?$AAg?$AAs?$AA?4?$AAi?$AAn?$AAi?$AA?$AA@ 00443594     main.obj
 0003:0003b5b0       ??_C@_15JNBOKNOG@?$AA?$AN?$AA?6?$AA?$AA@ 004435b0     tools.obj
 0003:0003b5b8       __IMPORT_DESCRIPTOR_KERNEL32 004435b8     kernel32:KERNEL32.dll
 0003:0003b5cc       __IMPORT_DESCRIPTOR_USER32 004435cc     user32:USER32.dll
 0003:0003b5e0       __IMPORT_DESCRIPTOR_ADVAPI32 004435e0     advapi32:ADVAPI32.dll
 0003:0003b5f4       __IMPORT_DESCRIPTOR_SHLWAPI 004435f4     shlwapi:SHLWAPI.dll
 0003:0003b608       __IMPORT_DESCRIPTOR_SHELL32 00443608     shell32:SHELL32.dll
 0003:0003b61c       __IMPORT_DESCRIPTOR_COMCTL32 0044361c     comctl32:COMCTL32.dll
 0003:0003b630       __IMPORT_DESCRIPTOR_COMDLG32 00443630     comdlg32:COMDLG32.dll
 0003:0003b644       __IMPORT_DESCRIPTOR_ole32  00443644     ole32:ole32.dll
 0003:0003b658       __NULL_IMPORT_DESCRIPTOR   00443658     kernel32:KERNEL32.dll
 0004:00000e1c       ?currentModule@@3PAUHINSTANCE__@@A 00444e1c     main.obj
 0004:00000e20       ?homePath@@3PA_WA          00444e20     main.obj
 0004:00001030       ?settingsFile@@3PA_WA      00445030     main.obj

 entry point at        0000:00000000

 Static symbols

 0001:000000e6       ?searchNextInject_Tool_alloc_for_next@@YI_NPAUSNIDATA@@@Z 004010e6 f    CIL library: CIL module
 0001:00000127       ?freeWebInject@@YIXPAUSNIDATA@@@Z 00401127 f    CIL library: CIL module
 0001:00000155       ?searchNextWebInject@@YI_NPAE0PAUSNIDATA@@K@Z 00401155 f    CIL library: CIL module
 0001:000005b6       ?buildWebInject@@YIKPAUHWND__@@PA_WPAPAUSTORAGE@BinStorage@@PAPAEPAK4@Z 004015b6 f    CIL library: CIL module
 0001:000007a8       ?captcha2Binary@@YIPAUCAPTCHAENTRY@HttpInject@@PAU_VAR@Config0@@@Z 004017a8 f    CIL library: CIL module
 0001:00000858       ?childToMultiString@@YI_NPAUHWND__@@PAPAUSTORAGE@BinStorage@@PAU_VAR@Config0@@PADKE@Z 00401858 f    CIL library: CIL module
 0001:00001344       ?BuildDropper1@@YI_NPADPAUHWND__@@@Z 00402344 f    CIL library: CIL module
 0001:000016c0       ?loadConfig@@YI_NPAUHWND__@@PA_WPAUCFGDATA@Config0@@_N@Z 004026c0 f    CIL library: CIL module
 0001:00001753       ?enableButtons@@YIXPAUHWND__@@_N@Z 00402753 f    CIL library: CIL module
 0001:0000178d       ?buildThread@@YGKPAX@Z     0040278d f    CIL library: CIL module
 0001:00001ba6       ?unicodeToX@@YIHKQA_WHPADH@Z 00402ba6 f    CIL library: CIL module
 0001:00001bdc       ?unicodeToXEx@@YIPADKQA_WH@Z 00402bdc f    CIL library: CIL module
 0001:00001c2e       ?xToUnicode@@YIHKQADHPA_WH@Z 00402c2e f    CIL library: CIL module
 0001:00001c61       ?xToUnicodeEx@@YIPA_WKPADH@Z 00402c61 f    CIL library: CIL module
 0001:00001cb6       ?vsprintfHelperExW@@YIKPAPA_WKQA_WPAD@Z 00402cb6 f    CIL library: CIL module
 0001:00001fa2       ?swd_init@@YIHPAUucl_swd_t@@PAEK@Z 00402fa2 f    CIL library: CIL module
 0001:00002120       ?swd_exit@@YIXPAUucl_swd_t@@@Z 00403120 f    CIL library: CIL module
 0001:00002169       ?swd_search@@YIXPAUucl_swd_t@@KK@Z 00403169 f    CIL library: CIL module
 0001:0000220e       ?swd_remove_node@@YIXPAUucl_swd_t@@K@Z 0040320e f    CIL library: CIL module
 0001:0000225d       ?swd_findbest@@YIXPAUucl_swd_t@@@Z 0040325d f    CIL library: CIL module
 0001:00002371       ?swd_getbyte@@YIXPAUucl_swd_t@@@Z 00403371 f    CIL library: CIL module
 0001:000023dd       ?swd_accept@@YIXPAUucl_swd_t@@K@Z 004033dd f    CIL library: CIL module
 0001:00002462       ?find_match@@YIXPAUUCL_COMPRESS_DATA@@PAUucl_swd_t@@KK@Z 00403462 f    CIL library: CIL module
 0001:000024f0       ?len_of_coded_match@@YIHPAUUCL_COMPRESS_DATA@@KK@Z 004034f0 f    CIL library: CIL module
 0001:00002541       ?bbPutBit@@YIXPAUUCL_COMPRESS_DATA@@I@Z 00403541 f    CIL library: CIL module
 0001:0000259e       ?bbPutByte@@YI_NPAUUCL_COMPRESS_DATA@@I@Z 0040359e f    CIL library: CIL module
 0001:000025b8       ?code_run@@YI_NPAUUCL_COMPRESS_DATA@@PAEK@Z 004035b8 f    CIL library: CIL module
 0001:000025f2       ?code_prefix_ss11@@YIXPAUUCL_COMPRESS_DATA@@K@Z 004035f2 f    CIL library: CIL module
 0001:0000263d       ?code_match@@YI_NPAUUCL_COMPRESS_DATA@@KK@Z 0040363d f    CIL library: CIL module
 0001:000026ca       ?bbFlushBits@@YIXPAUUCL_COMPRESS_DATA@@K@Z 004036ca f    CIL library: CIL module
 0001:00003f78       ?loadTool@@YIXPAUHWND__@@E@Z 00404f78 f    CIL library: CIL module
 0001:00003ff4       ?mainDialogProc@@YGHPAUHWND__@@IIJ@Z 00404ff4 f    CIL library: CIL module
