 socks5Server32

 Timestamp is 51df18d0 (Fri Jul 12 00:42:56 2013)

 Preferred load address is 01000000

 Start         Length     Name                   Class
 0001:00000000 000000acH .idata$5                CODE
 0001:000000b0 000004e8H .rdata                  CODE
 0001:00000598 00001ea1H .text                   CODE
 0001:0000243c 0000003cH .idata$2                CODE
 0001:00002478 00000014H .idata$3                CODE
 0001:0000248c 000000acH .idata$4                CODE
 0001:00002538 0000018eH .idata$6                CODE
 0001:000026d0 000000e3H .edata                  CODE
 0002:00000000 00000000H .data                   DATA
 0002:00000000 0000100cH .bss                    DATA

  Address         Publics by Value              Rva+Base       Lib:Object

 0001:00000000       __imp__GetProcessHeap@0    01001000     kernel32:KERNEL32.dll
 0001:00000004       __imp__IsBadReadPtr@8      01001004     kernel32:KERNEL32.dll
 0001:00000008       __imp__WideCharToMultiByte@32 01001008     kernel32:KERNEL32.dll
 0001:0000000c       __imp__Sleep@4             0100100c     kernel32:KERNEL32.dll
 0001:00000010       __imp__HeapDestroy@4       01001010     kernel32:KERNEL32.dll
 0001:00000014       __imp__HeapCreate@12       01001014     kernel32:KERNEL32.dll
 0001:00000018       __imp__MultiByteToWideChar@24 01001018     kernel32:KERNEL32.dll
 0001:0000001c       __imp__HeapFree@12         0100101c     kernel32:KERNEL32.dll
 0001:00000020       __imp__CloseHandle@4       01001020     kernel32:KERNEL32.dll
 0001:00000024       __imp__InitializeCriticalSection@4 01001024     kernel32:KERNEL32.dll
 0001:00000028       __imp__LeaveCriticalSection@4 01001028     kernel32:KERNEL32.dll
 0001:0000002c       __imp__EnterCriticalSection@4 0100102c     kernel32:KERNEL32.dll
 0001:00000030       __imp__DeleteCriticalSection@4 01001030     kernel32:KERNEL32.dll
 0001:00000034       __imp__CreateThread@24     01001034     kernel32:KERNEL32.dll
 0001:00000038       __imp__HeapAlloc@12        01001038     kernel32:KERNEL32.dll
 0001:0000003c       __imp__HeapReAlloc@16      0100103c     kernel32:KERNEL32.dll
 0001:00000040       \177KERNEL32_NULL_THUNK_DATA 01001040     kernel32:KERNEL32.dll
 0001:00000044       __imp__wvnsprintfW@16      01001044     shlwapi:SHLWAPI.dll
 0001:00000048       \177SHLWAPI_NULL_THUNK_DATA 01001048     shlwapi:SHLWAPI.dll
 0001:0000004c       __imp__accept@12           0100104c     ws2_32:WS2_32.dll
 0001:00000050       __imp__WSAStringToAddressW@20 01001050     ws2_32:WS2_32.dll
 0001:00000054       __imp__listen@8            01001054     ws2_32:WS2_32.dll
 0001:00000058       __imp__send@16             01001058     ws2_32:WS2_32.dll
 0001:0000005c       __imp__closesocket@4       0100105c     ws2_32:WS2_32.dll
 0001:00000060       __imp__WSASetLastError@4   01001060     ws2_32:WS2_32.dll
 0001:00000064       __imp__freeaddrinfo@4      01001064     ws2_32:WS2_32.dll
 0001:00000068       __imp__socket@12           01001068     ws2_32:WS2_32.dll
 0001:0000006c       __imp__bind@12             0100106c     ws2_32:WS2_32.dll
 0001:00000070       __imp__recv@16             01001070     ws2_32:WS2_32.dll
 0001:00000074       __imp__WSACleanup@0        01001074     ws2_32:WS2_32.dll
 0001:00000078       __imp__setsockopt@20       01001078     ws2_32:WS2_32.dll
 0001:0000007c       __imp__shutdown@8          0100107c     ws2_32:WS2_32.dll
 0001:00000080       __imp__getsockname@12      01001080     ws2_32:WS2_32.dll
 0001:00000084       __imp__WSAGetLastError@0   01001084     ws2_32:WS2_32.dll
 0001:00000088       __imp__select@20           01001088     ws2_32:WS2_32.dll
 0001:0000008c       __imp__getaddrinfo@16      0100108c     ws2_32:WS2_32.dll
 0001:00000090       __imp__WSAStartup@8        01001090     ws2_32:WS2_32.dll
 0001:00000094       __imp__connect@12          01001094     ws2_32:WS2_32.dll
 0001:00000098       __imp__WSAIoctl@36         01001098     ws2_32:WS2_32.dll
 0001:0000009c       __imp__sendto@24           0100109c     ws2_32:WS2_32.dll
 0001:000000a0       __imp__recvfrom@24         010010a0     ws2_32:WS2_32.dll
 0001:000000a4       __imp__getpeername@12      010010a4     ws2_32:WS2_32.dll
 0001:000000a8       \177WS2_32_NULL_THUNK_DATA 010010a8     ws2_32:WS2_32.dll
 0001:000000b0       ??_C@_1BC@IAJJFBHO@?$AAS?$AAt?$AAa?$AAr?$AAt?$AAe?$AAd?$AA?4?$AA?$AA@ 010010b0     core.obj
 0001:000000c4       ??_C@_0DP@JGDBLDAC@C?3?2Zeus?5projects?2last?2src_curren@ 010010c4     core.obj
 0001:00000104       ??_C@_0L@LDICJFMC@procTunnel?$AA@ 01001104     core.obj
 0001:00000110       ??_C@_1FC@ILKHGJFB@?$AAF?$AAa?$AAi?$AAl?$AAe?$AAd?$AA?5?$AAt?$AAo?$AA?5?$AAc?$AAo?$AAn?$AAn?$AAe?$AAc?$AAt?$AA?5?$AAt?$AAo?$AA?5?$AAl?$AAo?$AAc?$AAa?$AAl?$AA?5?$AAI?$AAP?$AAv?$AA4?$AA?5@ 01001110     core.obj
 0001:00000164       ??_C@_1BC@KONCDKBL@?$AAS?$AAt?$AAo?$AAp?$AAp?$AAe?$AAd?$AA?4?$AA?$AA@ 01001164     core.obj
 0001:00000178       ??_C@_1CC@DEHENENK@?$AAS?$AAe?$AAs?$AAs?$AAi?$AAo?$AAn?$AA?5?$AAs?$AAt?$AAa?$AAr?$AAt?$AAe?$AAd?$AA?4?$AA?$AA@ 01001178     core.obj
 0001:0000019c       ??_C@_0M@IAAGCBHE@procConnect?$AA@ 0100119c     core.obj
 0001:000001a8       ??_C@_1EG@KAHNOAJO@?$AAC?$AAo?$AAn?$AAn?$AAe?$AAc?$AAt?$AAe?$AAd?$AA?5?$AAt?$AAo?$AA?5?$AAB?$AAC?$AA?4?$AA?5?$AAC?$AAo?$AAn?$AAn?$AAe?$AAc?$AAt?$AA?5?$AAt?$AAo?$AA?3?$AA?5?$AA?$CF?$AAs?$AA?3@ 010011a8     core.obj
 0001:000001f0       ??_C@_1CC@BKDPLPLP@?$AAS?$AAe?$AAs?$AAs?$AAi?$AAo?$AAn?$AA?5?$AAs?$AAt?$AAo?$AAp?$AAp?$AAe?$AAd?$AA?4?$AA?$AA@ 010011f0     core.obj
 0001:00000214       ??_C@_1DA@PPIJIGCN@?$AAC?$AAo?$AAu?$AAl?$AAd?$AA?5?$AAn?$AAo?$AAt?$AA?5?$AAc?$AAo?$AAn?$AAn?$AAe?$AAc?$AAt?$AA?5?$AAt?$AAo?$AA?5?$AAB?$AAC?$AA?$AA@ 01001214     core.obj
 0001:00000248       ??_C@_1GE@GPLMDMBN@?$AAE?$AAr?$AAr?$AAo?$AAr?$AA?5?$AAw?$AAh?$AAe?$AAn?$AA?5?$AAc?$AAo?$AAn?$AAn?$AAe?$AAc?$AAt?$AAi?$AAn?$AAg?$AA?5?$AAt?$AAo?$AA?3?$AA?5?$AA?$CF?$AAs?$AA?3?$AA?$CF?$AAs?$AA?0@ 01001248     core.obj
 0001:000002ac       ??_C@_1BK@FEKMMDMM@?$AAI?$AAP?$AA?3?$AAP?$AAO?$AAR?$AAT?$AA?5?$AA?9?$AA?5?$AA?$CF?$AAs?$AA?$AA@ 010012ac     core.obj
 0001:000002c8       ??_C@_0BD@DIHKBPFB@Socks5Server?3?3Init?$AA@ 010012c8     core.obj
 0001:000002dc       ??_C@_0O@ODKGAEAK@wannadance?$CB?3?$CJ?$AA@ 010012dc     core.obj
 0001:000002ec       ??_C@_1DA@GMIGJNEN@?$AAC?$AAa?$AAn?$AAn?$AAo?$AAt?$AA?5?$AAa?$AAl?$AAl?$AAo?$AAc?$AAa?$AAt?$AAe?$AA?5?$AAm?$AAe?$AAm?$AAo?$AAr?$AAy?$AA?4?$AA?$AA@ 010012ec     core.obj
 0001:00000320       ??_C@_1GG@HDKMOOHK@?$AAF?$AAa?$AAi?$AAl?$AAe?$AAd?$AA?5?$AAw?$AAh?$AAe?$AAn?$AA?5?$AAc?$AAo?$AAn?$AAv?$AAe?$AAr?$AAt?$AAi?$AAn?$AAg?$AA?5?$AAI?$AAP?$AA?3?$AAP?$AAO?$AAR?$AAT?$AA?5?$AAt@ 01001320     core.obj
 0001:00000388       ??_C@_1DA@PDPKCNL@?$AAF?$AAa?$AAi?$AAl?$AAe?$AAd?$AA?5?$AAt?$AAo?$AA?5?$AAc?$AAo?$AAn?$AAn?$AAe?$AAc?$AAt?$AA?5?$AAt?$AAo?$AA?5?$AAB?$AAC?$AA?$AA@ 01001388     core.obj
 0001:000003b8       ??_C@_1DE@NCEPBGEL@?$AAF?$AAa?$AAi?$AAl?$AAe?$AAd?$AA?5?$AAt?$AAo?$AA?5?$AAs?$AAe?$AAn?$AAd?$AA?5?$AAh?$AAa?$AAn?$AAd?$AAs?$AAh?$AAa?$AAk?$AAe?$AA?4?$AA?$AA@ 010013b8     core.obj
 0001:000003ec       ??_C@_1CK@IOLMDCME@?$AAC?$AAo?$AAu?$AAl?$AAd?$AA?8?$AAn?$AAt?$AA?5?$AAr?$AAe?$AAc?$AAe?$AAi?$AAv?$AAe?$AA?5?$AAc?$AAd?$AA?4?$AA?$AA@ 010013ec     core.obj
 0001:00000418       ??_C@_1CG@DHEJONJM@?$AAC?$AAa?$AAn?$AA?8?$AAt?$AA?5?$AAf?$AAi?$AAn?$AAd?$AA?5?$AAI?$AAP?$AA?3?$AAP?$AAO?$AAR?$AAT?$AA?$AA@ 01001418     core.obj
 0001:00000440       ??_C@_1FE@EABKNNE@?$AAS?$AAe?$AAr?$AAv?$AAe?$AAr?$AA?3?$AA?5?$AA?$CF?$AAs?$AA?0?$AA?5?$AAb?$AAo?$AAt?$AA?5?$AAp?$AAo?$AAr?$AAt?$AA?3?$AA?5?$AA?$CF?$AAs?$AA?0?$AA?5?$AAc?$AAl?$AAi?$AAe?$AAn?$AAt@ 01001440     core.obj
 0001:00000494       ??_C@_1CK@FBNKBEHP@?$AAC?$AAa?$AAn?$AAn?$AAo?$AAt?$AA?5?$AAc?$AAo?$AAp?$AAy?$AA?5?$AAb?$AAo?$AAt?$AAn?$AAa?$AAm?$AAe?$AA?4?$AA?$AA@ 01001494     core.obj
 0001:000004c0       ??_C@_0BK@DJIONIAG@Socks5Server?3?3TakeBotGuid?$AA@ 010014c0     core.obj
 0001:000004dc       ??_C@_1CI@HHEDLMPL@?$AAC?$AAa?$AAn?$AA?8?$AAt?$AA?5?$AAs?$AAt?$AAa?$AAr?$AAt?$AA?5?$AAt?$AAh?$AAr?$AAe?$AAa?$AAd?$AA?4?$AA?$AA@ 010014dc     core.obj
 0001:00000504       ??_C@_0BN@KJIFBIKL@Socks5Server?3?3DefaultConnect?$AA@ 01001504     core.obj
 0001:00000524       ??_C@_1DA@BKDJPIFK@?$AAE?$AAr?$AAr?$AAo?$AAr?$AA?0?$AA?5?$AAa?$AAr?$AAg?$AAs?$AA?5?$AAc?$AAo?$AAu?$AAn?$AAt?$AA?5?$AAi?$AAs?$AA?5?$AA?$CF?$AAu?$AA?$AA@ 01001524     core.obj
 0001:00000554       ??_C@_0BI@GBOEOLGH@Socks5Server?3?3ConnectTo?$AA@ 01001554     core.obj
 0001:0000056c       ??_C@_1CM@FDAMCJDJ@?$AAC?$AAa?$AAn?$AA?8?$AAt?$AA?5?$AAs?$AAt?$AAa?$AAr?$AAt?$AA?5?$AAt?$AAh?$AAr?$AAe?$AAa?$AAd?$AA?4?$AA?$CD?$AA2?$AA?$AA@ 0100156c     core.obj
 0001:00000598       ?reallocEx@Mem@@YI_NPAXK@Z 01001598 f   common.obj
 0001:000005df       ?alloc@Mem@@YIPAXK@Z       010015df f   common.obj
 0001:000005f2       ?quickAlloc@Mem@@YIPAXK@Z  010015f2 f   common.obj
 0001:0000060a       ?free@Mem@@YIXPAX@Z        0100160a f   common.obj
 0001:0000062a       ?copyEx@Mem@@YIPAXPBXK@Z   0100162a f   common.obj
 0001:0000064a       ?_compare@Mem@@YIHPBX0K@Z  0100164a f   common.obj
 0001:00000796       ?_CopyExA@Str@@YIPADPADH_N@Z 01001796 f   common.obj
 0001:000007c8       ?_ToInt32A@Str@@YIHPADPA_N@Z 010017c8 f   common.obj
 0001:00000852       ?_FromInt32A@Str@@YIKHPADE_N@Z 01001852 f   common.obj
 0001:00000898       ?_LengthA@Str@@YIHPBD@Z    01001898 f   common.obj
 0001:000008aa       ?_LengthW@Str@@YIHPB_W@Z   010018aa f   common.obj
 0001:000008be       ?_sprintfExW@Str@@YAHPAPA_WPB_WZZ 010018be f   common.obj
 0001:000008f5       ?_utf8FromUnicode@Str@@YI_NQA_WHPAUUTF8STRING@1@@Z 010018f5 f   common.obj
 0001:00000926       ?_fdIsSet@WSocket@@YI_NIPAUfd_set@@@Z 01001926 f   common.obj
 0001:0000094c       ?tcpRecv@WSocket@@YIHIPAXHK@Z 0100194c f   common.obj
 0001:000009bc       ?tcpRecvAll@WSocket@@YI_NIPAXHK@Z 010019bc f   common.obj
 0001:00000a04       ?tcpRecvAllToNull@WSocket@@YI_NIHK@Z 01001a04 f   common.obj
 0001:00000a35       ?tcpSend@WSocket@@YI_NIPBXH@Z 01001a35 f   common.obj
 0001:00000a53       ?tcpConnect@WSocket@@YIIPBUsockaddr_storage@@@Z 01001a53 f   common.obj
 0001:00000a94       ?tcpConnectA@WSocket@@YIIQADG@Z 01001a94 f   common.obj
 0001:00000b43       ?tcpListen@WSocket@@YIIPBUsockaddr_storage@@H@Z 01001b43 f   common.obj
 0001:00000b91       ?tcpTunnel@WSocket@@YIXII@Z 01001b91 f   common.obj
 0001:00000c45       ?tcpWaitForEvent@WSocket@@YIIPBIKK0K@Z 01001c45 f   common.obj
 0001:00000cdb       ?tcpWaitForIncomingAndAccept@WSocket@@YIIPAIKKPAUsockaddr_storage@@PAK0K@Z 01001cdb f   common.obj
 0001:00000d09       ?tcpClose@WSocket@@YIXI@Z  01001d09 f   common.obj
 0001:00000d1f       ?tcpSetKeepAlive@WSocket@@YI_NI_NKK@Z 01001d1f f   common.obj
 0001:00000d61       ?tcpDisableDelay@WSocket@@YI_NI_N@Z 01001d61 f   common.obj
 0001:00000d86       ?udpListen@WSocket@@YIIPBUsockaddr_storage@@@Z 01001d86 f   common.obj
 0001:00000dc7       ?getFamily@WSocket@@YIGI@Z 01001dc7 f   common.obj
 0001:00000dfe       ?_writeCommand@Backconnect@@YI_NIEPBXG@Z 01001dfe f   common.obj
 0001:00000f4d       ?_start5@Socks5Server@@YI_NIK@Z 01001f4d f   core.obj
 0001:0000188f       ?_start4@Socks5Server@@YI_NIK@Z 0100288f f   core.obj
 0001:00001ae5       ?_start@Socks5Server@@YI_NIK@Z 01002ae5 f   core.obj
 0001:00001f6b       _DllMain@12                01002f6b f   core.obj
 0001:00001f70       _Start                     01002f70 f   core.obj
 0001:00001f7c       _Stop                      01002f7c f   core.obj
 0001:00001fb1       _Init                      01002fb1 f   core.obj
 0001:00002299       _TakeDebugGate             01003299 f   core.obj
 0001:000022a3       _TakeGateToCollector3      010032a3 f   core.obj
 0001:000022ad       _TakeBotGuid               010032ad f   core.obj
 0001:000022f5       _DefaultConnect            010032f5 f   core.obj
 0001:00002358       _ConnectTo                 01003358 f   core.obj
 0001:0000243c       __IMPORT_DESCRIPTOR_KERNEL32 0100343c     kernel32:KERNEL32.dll
 0001:00002450       __IMPORT_DESCRIPTOR_SHLWAPI 01003450     shlwapi:SHLWAPI.dll
 0001:00002464       __IMPORT_DESCRIPTOR_WS2_32 01003464     ws2_32:WS2_32.dll
 0001:00002478       __NULL_IMPORT_DESCRIPTOR   01003478     kernel32:KERNEL32.dll
 0002:00000dc8       ?g_bcData@@3UBCDATA@@A     01004dc8     core.obj
 0002:00000de0       ?g_botName@@3PA_WA         01004de0     core.obj
 0002:00000fe8       ?cs@@3U_RTL_CRITICAL_SECTION@@A 01004fe8     core.obj
 0002:00001000       ?g_IsActive@@3_NA          01005000     core.obj
 0002:00001004       ?g_GateToCollector3@@3P6AHKPA_W0K@ZA 01005004     core.obj
 0002:00001008       ?g_Debug@@3P6AXPAD0KEPA_WZZA 01005008     core.obj

 entry point at        0000:00000000

 Static symbols

 0001:00000671       ?unicodeToX@@YIHKQA_WHPADH@Z 01001671 f    CIL library: CIL module
 0001:000006ac       ?unicodeToXEx@@YIPADKQA_WH@Z 010016ac f    CIL library: CIL module
 0001:000006f5       ?xToUnicode@@YIHKQADHPA_WH@Z 010016f5 f    CIL library: CIL module
 0001:00000723       ?vsprintfHelperExW@@YIKPAPA_WKQA_WPAD@Z 01001723 f    CIL library: CIL module
 0001:00000e49       ?socks5Reply@@YIHIIEK@Z    01001e49 f    CIL library: CIL module
 0001:00001819       ?socks4Reply@@YIHIIEK@Z    01002819 f    CIL library: CIL module
 0001:00001b32       ?procTunnel@@YGKPAX@Z      01002b32 f    CIL library: CIL module
 0001:00001c5e       ?procConnect@@YGKPAX@Z     01002c5e f    CIL library: CIL module

 Exports

  ordinal    name

        1    _ConnectTo
               exported name: ConnectTo
        2    _DefaultConnect
               exported name: DefaultConnect
        3    _Init
               exported name: Init
        4    _Start
               exported name: Start
        5    _Stop
               exported name: Stop
        6    _TakeBotGuid
               exported name: TakeBotGuid
        7    _TakeDebugGate
               exported name: TakeDebugGate
        8    _TakeGateToCollector3
               exported name: TakeGateToCollector3
