 dropper64

 Timestamp is 51df18d4 (Fri Jul 12 00:43:00 2013)

 Preferred load address is 0000000140000000

 Start         Length     Name                   Class
 0001:00000000 00005480H .text                   CODE
 0002:00000000 00000370H .idata$5                DATA
 0002:00000370 0000203aH .rdata                  DATA
 0002:000023ac 00000570H .xdata                  DATA
 0002:0000291c 000000b4H .idata$2                DATA
 0002:000029d0 00000014H .idata$3                DATA
 0002:000029e8 00000370H .idata$4                DATA
 0002:00002d58 000006ecH .idata$6                DATA
 0002:00003450 0000010dH .edata                  DATA
 0003:00000000 00000454H .data                   DATA
 0003:00000460 000020a4H .bss                    DATA
 0004:00000000 00000534H .pdata                  DATA

  Address         Publics by Value              Rva+Base               Lib:Object

 0000:00000000       ___safe_se_handler_count   0000000000000000     <absolute>
 0000:00000000       ___safe_se_handler_table   0000000000000000     <absolute>
 0001:00000000       ?CfgsCheckSection@@YAEPEAU_CFGI_INI@@PEADK@Z 0000000140001000 f   cfgini.obj
 0001:00000048       ?CfgsCheckVariable@@YAEPEAU_CFGI_INI@@PEADK@Z 0000000140001048 f   cfgini.obj
 0001:00000104       ?CfgsIniFromMem@@YAPEAU_CFGI_INI@@PEAD@Z 0000000140001104 f   cfgini.obj
 0001:000001e4       ?CfgsIniToMem@@YAPEAXPEAU_CFGI_INI@@PEAK@Z 00000001400011e4 f   cfgini.obj
 0001:0000030c       ?CfgsFindSection@@YAPEAU_CFGI_SEC@@PEAU_CFGI_INI@@PEAD@Z 000000014000130c f   cfgini.obj
 0001:00000380       ?CfgsFindVariable@@YAPEAU_CFGI_VAR@@PEAU_CFGI_SEC@@PEAD@Z 0000000140001380 f   cfgini.obj
 0001:000003ec       ?CfgsWriteString@@YAPEAXPEAXPEAKPEAD22@Z 00000001400013ec f   cfgini.obj
 0001:00000528       ?CfgsReadString@@YAKPEAXKPEAD1PEAPEAD@Z 0000000140001528 f   cfgini.obj
 0001:000005c0       ?CfgfWriteString@@YAEPEAD0000@Z 00000001400015c0 f   cfgini.obj
 0001:000006cc       ?CfgfReadStringM@@YAKPEAD00PEAPEAD0@Z 00000001400016cc f   cfgini.obj
 0001:0000078c       ?CfgfReadString@@YAKPEAD0000K0@Z 000000014000178c f   cfgini.obj
 0001:00000808       ?ReadConfig@Config@@YAXXZ  0000000140001808 f   config.obj
 0001:0000085c       ?WriteString@Config@@YAEPEAD00@Z 000000014000185c f   config.obj
 0001:0000089c       ?ReadString@Config@@YAEPEAD00K@Z 000000014000189c f   config.obj
 0001:00000924       ?ReadInt@Config@@YAKPEAD0@Z 0000000140001924 f   config.obj
 0001:00000960       ?WriteInt@Config@@YAEPEAD0K@Z 0000000140001960 f   config.obj
 0001:000009bc       ?RegWriteString@Config@@YAEPEAD0@Z 00000001400019bc f   config.obj
 0001:00000aa8       ?RegReadString@Config@@YAEPEAD0K@Z 0000000140001aa8 f   config.obj
 0001:00000ba0       ?GetMachineGuid@Drop@@YAPEADXZ 0000000140001ba0 f   dropper.obj
 0001:00000c38       ?GetBotID@Drop@@YAPEADXZ   0000000140001c38 f   dropper.obj
 0001:00000e2c       ?CreateInjectStartThread@Drop@@YAXXZ 0000000140001e2c f   dropper.obj
 0001:00000e5c       ?InjectStartThread@Drop@@YAKPEAX@Z 0000000140001e5c f   dropper.obj
 0001:00000f20       ?Entry@@YAHPEAUHINSTANCE__@@KPEAX@Z 0000000140001f20 f   dropper.obj
 0001:00000f30       ?CheckProcessName@Inject@@YAEPEAX@Z 0000000140001f30 f   inject.obj
 0001:00001050       ?InjectNormalRoutine@@YAXPEAX@Z 0000000140002050 f   inject.obj
 0001:00001068       ?InjectApcRoutine@@YAXPEAX00@Z 0000000140002068 f   inject.obj
 0001:00001070       ?NewZwResumeThread@@YAJPEAXPEAK@Z 0000000140002070 f   inject.obj
 0001:000010ec       ?SetCreateProcessHooks@Inject@@YAXXZ 00000001400020ec f   inject.obj
 0001:00001174       ?InjectRoutine@Inject@@YAXPEAXE@Z 0000000140002174 f   inject.obj
 0001:00001224       ?CopyImageToProcess@Inject@@YAEPEAX0KPEA_K@Z 0000000140002224 f   inject.obj
 0001:00001318       ?InjectImageToProcess@Inject@@YAEPEAX0K0@Z 0000000140002318 f   inject.obj
 0001:000013e4       ?InjectProcess@Inject@@YAEKPEAX@Z 00000001400023e4 f   inject.obj
 0001:000014f4       ?LoadInjectModules@Modules@@YAXPEAD@Z 00000001400024f4 f   modules.obj
 0001:00001588       ?LoadModulesToProcess@Modules@@YAXPEAD@Z 0000000140002588 f   modules.obj
 0001:000015d4       ?InjectorAdd@Modules@@YAEPEAD0@Z 00000001400025d4 f   modules.obj
 0001:0000167c       ?GetModuleByName@Modules@@YAPEAU_DCT_MODULE@1@PEAD@Z 000000014000267c f   modules.obj
 0001:000016f8       ?GetModuleByHandle@Modules@@YAPEAU_DCT_MODULE@1@PEAX@Z 00000001400026f8 f   modules.obj
 0001:0000172c       ?WriteModuleAndLoad@Modules@@YAEPEAXKPEADK11K1@Z 000000014000272c f   modules.obj
 0001:000018ac       ?ModuleLoad@Modules@@YAPEAXPEAD@Z 00000001400028ac f   modules.obj
 0001:00001b8c       ?RegisterDelayedModuleLoad@Modules@@YAEPEAD0@Z 0000000140002b8c f   modules.obj
 0001:00001c68       ?ModuleLoadNotify@Modules@@YAXPEADPEAX@Z 0000000140002c68 f   modules.obj
 0001:00001cec       ?ModulePreprocess@Modules@@YAXPEAXPEAD1@Z 0000000140002cec f   modules.obj
 0001:00001dfc       ?PeImageNtHeader@PeLdr@@YAPEAU_IMAGE_NT_HEADERS64@@PEAX@Z 0000000140002dfc f   peldr.obj
 0001:00001e18       ?PeSearchSection@PeLdr@@YAPEAU_IMAGE_SECTION_HEADER@@PEAXPEAD@Z 0000000140002e18 f   peldr.obj
 0001:00001e78       ?PeImageDirectoryEntryToData@PeLdr@@YAPEAXPEAXEKPEAKE@Z 0000000140002e78 f   peldr.obj
 0001:00001ef8       ?PeGetNtdllImageBase@PeLdr@@YAPEAXXZ 0000000140002ef8 f   peldr.obj
 0001:00001f34       ?PeGetProcAddress@PeLdr@@YAPEAXPEAXPEADE@Z 0000000140002f34 f   peldr.obj
 0001:00001fc0       ?PeProcessImport@PeLdr@@YAEPEAXE@Z 0000000140002fc0 f   peldr.obj
 0001:00002130       ?PeProcessRelocationBlock@PeLdr@@YAPEFAU_IMAGE_BASE_RELOCATION@@_KKPEAG_J@Z 0000000140003130 f   peldr.obj
 0001:00002354       ?PeProcessRelocs@PeLdr@@YAEPEAX_K@Z 0000000140003354 f   peldr.obj
 0001:000023e4       ?FreeSpaceInHeader@PeLdr@@YA_KPEAXPEAU_IMAGE_NT_HEADERS64@@@Z 00000001400033e4 f   peldr.obj
 0001:00002408       ?GetVirtualyLastSectionHeader@PeLdr@@YAPEAU_IMAGE_SECTION_HEADER@@PEAU_IMAGE_NT_HEADERS64@@@Z 0000000140003408 f   peldr.obj
 0001:00002424       ?GetPhysicalyLastSectionHeader@PeLdr@@YAPEAU_IMAGE_SECTION_HEADER@@PEAU_IMAGE_NT_HEADERS64@@@Z 0000000140003424 f   peldr.obj
 0001:00002464       ?InsertSection@PeLdr@@YAEPEADPEAXK1KPEAPEAXPEAKE@Z 0000000140003464 f   peldr.obj
 0001:000026a8       ?PeGetImageBase@PeLdr@@YA_KPEAX@Z 00000001400036a8 f   peldr.obj
 0001:000026e0       ?LoadPEImage@PeLdr@@YAPEAXPEAXP6AX0PEAD1@Z11@Z 00000001400036e0 f   peldr.obj
 0001:00002848       ?UpdateMain@Protect@@YAEPEAXK@Z 0000000140003848 f   protect.obj
 0001:00002904       ?ProtectThread@Protect@@YAKPEAX@Z 0000000140003904 f   protect.obj
 0001:000029a0       ?StartProtect@Protect@@YAXXZ 00000001400039a0 f   protect.obj
 0001:00002a74       ?GetFileNameFromGuid@Protect@@YAXPEAD0@Z 0000000140003a74 f   protect.obj
 0001:00002b18       ?GetStorageFolderPath@Protect@@YAXPEAD@Z 0000000140003b18 f   protect.obj
 0001:00002b38       ?GetNewPath@Protect@@YAXPEAD0@Z 0000000140003b38 f   protect.obj
 0001:00002ba0       ?WriteFileToNewPath@Protect@@YAEPEAD0@Z 0000000140003ba0 f   protect.obj
 0001:00002c50       ?AddKeyToRun@Protect@@YAEPEAD@Z 0000000140003c50 f   protect.obj
 0001:00002d88       ?InsertSectionConfig@SecCfg@@YAEPEAU_SECTION_CONFIG@1@PEAXKPEAPEAXPEAKE@Z 0000000140003d88 f   seccfg.obj
 0001:00002e54       ?GetSectionConfig@SecCfg@@YAEPEAU_SECTION_CONFIG@1@PEAX@Z 0000000140003e54 f   seccfg.obj
 0001:00002ee8       ?LoadImageSections@SecCfg@@YAPEAXPEAXPEAK@Z 0000000140003ee8 f   seccfg.obj
 0001:00002fb4       ?ConvertImageToImage@SecCfg@@YAEPEAXPEAU_SECTION_CONFIG@1@PEAPEAXPEAKE@Z 0000000140003fb4 f   seccfg.obj
 0001:00003170       ?GetImageFromImage@SecCfg@@YAEPEAXPEAPEAXPEAKE@Z 0000000140004170 f   seccfg.obj
 0001:000031f4       ?DownloadRunExeUrl@@YAEKPEAD0@Z 00000001400041f4 f   server.obj
 0001:000032c8       ?DownloadRunExeId@@YAEKPEADK@Z 00000001400042c8 f   server.obj
 0001:00003350       ?DownloadRunModId@@YAEKPEADK0K00K0@Z 0000000140004350 f   server.obj
 0001:00003430       ?DownloadUpdateMain@@YAEKPEADKK@Z 0000000140004430 f   server.obj
 0001:000034fc       ?WriteConfigString@@YAEKPEAD000@Z 00000001400044fc f   server.obj
 0001:0000350c       ?SendLogs@@YAKKPEAD@Z      000000014000450c f   server.obj
 0001:00003578       ?SendServerAnswer@Server@@YAXKPEADEK@Z 0000000140004578 f   server.obj
 0001:00003610       ?DownloadFileById@Server@@YAPEAXKPEADPEAK@Z 0000000140004610 f   server.obj
 0001:00003670       ?SendRequest@Server@@YAPEADPEADK0KEPEAKPEAE@Z 0000000140004670 f   server.obj
 0001:00003880       ?ProcessServerAnswer@Server@@YAKPEAD@Z 0000000140004880 f   server.obj
 0001:000039e4       ?SendReport@Server@@YAEPEAD@Z 00000001400049e4 f   server.obj
 0001:00003af8       ?ServerLoopThread@Server@@YAKPEAX@Z 0000000140004af8 f   server.obj
 0001:00003bf4       ?WriteLogMessage@Utils@@YAXPEAD@Z 0000000140004bf4 f   utils.obj
 0001:00003c5c       ?ReadLogsFromFile@Utils@@YAPEAXPEAK@Z 0000000140004c5c f   utils.obj
 0001:00003cc4       ?DbgMsg@@YAXPEADZZ         0000000140004cc4 f   utils.obj
 0001:00003d90       malloc                     0000000140004d90 f   utils.obj
 0001:00003db8       free                       0000000140004db8 f   utils.obj
 0001:00003de0       realloc                    0000000140004de0 f   utils.obj
 0001:00003e18       ?xwcsicmp@@YAHPEA_W0@Z     0000000140004e18 f   utils.obj
 0001:00003e64       ?xstrcmp@@YAHPEAD0@Z       0000000140004e64 f   utils.obj
 0001:00003e8c       ?UtiStrNCpyM@@YAPEADPEAD_K@Z 0000000140004e8c f   utils.obj
 0001:00003ed8       ?UtiStrNCpy@@YAXPEAD0_K@Z  0000000140004ed8 f   utils.obj
 0001:00003f00       ?xstrlen@@YA_KPEAD@Z       0000000140004f00 f   utils.obj
 0001:00003f14       ?xRtlInitAnsiString@@YAXPEAU_STRING@@PEAD@Z 0000000140004f14 f   utils.obj
 0001:00003f48       ?PrintSystemTime@Utils@@YAXPEADK@Z 0000000140004f48 f   utils.obj
 0001:00003ff0       ?GetRandomString@Utils@@YAXPEADK@Z 0000000140004ff0 f   utils.obj
 0001:00004058       ?RegReadValue@Utils@@YAJPEAUHKEY__@@PEAD1KPEAXK@Z 0000000140005058 f   utils.obj
 0001:00004100       ?_getValueAsBinaryEx@Utils@@YAKPEAUHKEY__@@QEAD1PEAKPEAPEAX@Z 0000000140005100 f   utils.obj
 0001:000041f4       ?ThreadCreate@Utils@@YAKPEAX0PEAPEAXK@Z 00000001400051f4 f   utils.obj
 0001:00004280       ?FileLock@Utils@@YAPEAXPEADKK@Z 0000000140005280 f   utils.obj
 0001:00004308       ?FileUnlock@Utils@@YAXPEAX@Z 0000000140005308 f   utils.obj
 0001:0000434c       ?FileHandleWrite@Utils@@YAEPEAX0KK@Z 000000014000534c f   utils.obj
 0001:000043a0       ?FileWrite@Utils@@YAEPEADKPEAXKK@Z 00000001400053a0 f   utils.obj
 0001:0000443c       ?FileHandleRead@Utils@@YAPEAXPEAXPEAK@Z 000000014000543c f   utils.obj
 0001:000044e0       ?FileRead@Utils@@YAPEAXPEADPEAK@Z 00000001400054e0 f   utils.obj
 0001:00004570       ?IsWow64@Utils@@YAHPEAX@Z  0000000140005570 f   utils.obj
 0001:000045b4       ?ReplaceIAT@Utils@@YAEPEAD0PEAXPEAUHINSTANCE__@@@Z 00000001400055b4 f   utils.obj
 0001:00004740       ?UtiCryptRc4@Utils@@YAXPEADKPEAX1K@Z 0000000140005740 f   utils.obj
 0001:00004834       ?UtiCryptRc4M@Utils@@YAPEAXPEADKPEAXK@Z 0000000140005834 f   utils.obj
 0001:0000489c       ?StringTokenBreak@Utils@@YAEPEAPEADPEAD0@Z 000000014000589c f   utils.obj
 0001:0000493c       ?GetWindowsVersion@Utils@@YAXPEADK@Z 000000014000593c f   utils.obj
 0001:00004b0c       ?SetPrivilege@Utils@@YAHPEADH@Z 0000000140005b0c f   utils.obj
 0001:00004ba0       ?CheckMutex@Utils@@YAEKPEAD@Z 0000000140005ba0 f   utils.obj
 0001:00004bf4       ?CreateCheckMutex@Utils@@YAPEAXKPEAD@Z 0000000140005bf4 f   utils.obj
 0001:00004c58       ?WriteFileAndExecute@Utils@@YAEPEAXK@Z 0000000140005c58 f   utils.obj
 0001:00004cec       ?DeleteFileReboot@Utils@@YAXPEAD@Z 0000000140005cec f   utils.obj
 0001:00004d90       ?WinetGetUserAgentStr@@YAXPEADK@Z 0000000140005d90 f   utils.obj
 0001:00004e04       ?ExecExportProcedure@Utils@@YA_KPEAXPEAD1@Z 0000000140005e04 f   utils.obj
 0001:00005038       ?WinetLoadUrl@@YAPEAXPEAU_WINET_LOADURL@@@Z 0000000140006038 f   utils.obj
 0001:00005360       ?WinetLoadUrlThread@@YAPEAXPEAU_WINET_LOADURL@@@Z 0000000140006360 f   utils.obj
 0001:0000539c       ?WinetLoadUrlWait@@YAPEAXPEAU_WINET_LOADURL@@K@Z 000000014000639c f   utils.obj
 0001:000053c0       ?crc32Hash@Utils@@YAKPEBXK@Z 00000001400063c0 f   utils.obj
 0001:0000544c       ?XorCrypt@Utils@@YAXPEAXKK@Z 000000014000644c f   utils.obj
 0001:0000546e       memset                     000000014000646e f   ntdll:ntdll.dll
 0001:00005474       memcpy                     0000000140006474 f   ntdll:ntdll.dll
 0001:0000547a       __chkstk                   000000014000647a f   ntdll:ntdll.dll
 0002:00000000       __imp_AdjustTokenPrivileges 0000000140007000     advapi32:ADVAPI32.dll
 0002:00000008       __imp_RegOpenKeyExA        0000000140007008     advapi32:ADVAPI32.dll
 0002:00000010       __imp_LookupPrivilegeValueA 0000000140007010     advapi32:ADVAPI32.dll
 0002:00000018       __imp_OpenProcessToken     0000000140007018     advapi32:ADVAPI32.dll
 0002:00000020       __imp_RegCloseKey          0000000140007020     advapi32:ADVAPI32.dll
 0002:00000028       __imp_RegCreateKeyExA      0000000140007028     advapi32:ADVAPI32.dll
 0002:00000030       __imp_RegQueryValueExA     0000000140007030     advapi32:ADVAPI32.dll
 0002:00000038       __imp_RegSetValueExA       0000000140007038     advapi32:ADVAPI32.dll
 0002:00000040       \177ADVAPI32_NULL_THUNK_DATA 0000000140007040     advapi32:ADVAPI32.dll
 0002:00000048       __imp_GetLocalTime         0000000140007048     kernel32:KERNEL32.dll
 0002:00000050       __imp_lstrlenA             0000000140007050     kernel32:KERNEL32.dll
 0002:00000058       __imp_GetFileSize          0000000140007058     kernel32:KERNEL32.dll
 0002:00000060       __imp_SetFilePointer       0000000140007060     kernel32:KERNEL32.dll
 0002:00000068       __imp_SetEndOfFile         0000000140007068     kernel32:KERNEL32.dll
 0002:00000070       __imp_GetTickCount         0000000140007070     kernel32:KERNEL32.dll
 0002:00000078       __imp_WriteFile            0000000140007078     kernel32:KERNEL32.dll
 0002:00000080       __imp_Sleep                0000000140007080     kernel32:KERNEL32.dll
 0002:00000088       __imp_ReadFile             0000000140007088     kernel32:KERNEL32.dll
 0002:00000090       __imp_GetLastError         0000000140007090     kernel32:KERNEL32.dll
 0002:00000098       __imp_GetProcAddress       0000000140007098     kernel32:KERNEL32.dll
 0002:000000a0       __imp_GetModuleHandleA     00000001400070a0     kernel32:KERNEL32.dll
 0002:000000a8       __imp_VirtualProtect       00000001400070a8     kernel32:KERNEL32.dll
 0002:000000b0       __imp_CloseHandle          00000001400070b0     kernel32:KERNEL32.dll
 0002:000000b8       __imp_GetCurrentProcessId  00000001400070b8     kernel32:KERNEL32.dll
 0002:000000c0       __imp_WriteProcessMemory   00000001400070c0     kernel32:KERNEL32.dll
 0002:000000c8       __imp_ExitProcess          00000001400070c8     kernel32:KERNEL32.dll
 0002:000000d0       __imp_GetComputerNameA     00000001400070d0     kernel32:KERNEL32.dll
 0002:000000d8       __imp_lstrcpynA            00000001400070d8     kernel32:KERNEL32.dll
 0002:000000e0       __imp_GetVersionExW        00000001400070e0     kernel32:KERNEL32.dll
 0002:000000e8       __imp_lstrcatA             00000001400070e8     kernel32:KERNEL32.dll
 0002:000000f0       __imp_lstrcmpiA            00000001400070f0     kernel32:KERNEL32.dll
 0002:000000f8       __imp_lstrcpyA             00000001400070f8     kernel32:KERNEL32.dll
 0002:00000100       __imp_VirtualFree          0000000140007100     kernel32:KERNEL32.dll
 0002:00000108       __imp_OpenProcess          0000000140007108     kernel32:KERNEL32.dll
 0002:00000110       __imp_VirtualAllocEx       0000000140007110     kernel32:KERNEL32.dll
 0002:00000118       __imp_GetModuleFileNameA   0000000140007118     kernel32:KERNEL32.dll
 0002:00000120       __imp_HeapReAlloc          0000000140007120     kernel32:KERNEL32.dll
 0002:00000128       __imp_HeapAlloc            0000000140007128     kernel32:KERNEL32.dll
 0002:00000130       __imp_HeapFree             0000000140007130     kernel32:KERNEL32.dll
 0002:00000138       __imp_GetProcessHeap       0000000140007138     kernel32:KERNEL32.dll
 0002:00000140       __imp_LoadLibraryA         0000000140007140     kernel32:KERNEL32.dll
 0002:00000148       __imp_OutputDebugStringA   0000000140007148     kernel32:KERNEL32.dll
 0002:00000150       __imp_VirtualAlloc         0000000140007150     kernel32:KERNEL32.dll
 0002:00000158       __imp_lstrcmpA             0000000140007158     kernel32:KERNEL32.dll
 0002:00000160       __imp_WaitForSingleObject  0000000140007160     kernel32:KERNEL32.dll
 0002:00000168       __imp_ExitThread           0000000140007168     kernel32:KERNEL32.dll
 0002:00000170       __imp_SetLastError         0000000140007170     kernel32:KERNEL32.dll
 0002:00000178       __imp_GetTempFileNameA     0000000140007178     kernel32:KERNEL32.dll
 0002:00000180       __imp_WinExec              0000000140007180     kernel32:KERNEL32.dll
 0002:00000188       __imp_GetTempPathA         0000000140007188     kernel32:KERNEL32.dll
 0002:00000190       __imp_CreateFileA          0000000140007190     kernel32:KERNEL32.dll
 0002:00000198       __imp_MoveFileExA          0000000140007198     kernel32:KERNEL32.dll
 0002:000001a0       __imp_GetCurrentProcess    00000001400071a0     kernel32:KERNEL32.dll
 0002:000001a8       __imp_GetTimeFormatA       00000001400071a8     kernel32:KERNEL32.dll
 0002:000001b0       __imp_UnlockFileEx         00000001400071b0     kernel32:KERNEL32.dll
 0002:000001b8       __imp_GetDateFormatA       00000001400071b8     kernel32:KERNEL32.dll
 0002:000001c0       __imp_FlushInstructionCache 00000001400071c0     kernel32:KERNEL32.dll
 0002:000001c8       __imp_LockFileEx           00000001400071c8     kernel32:KERNEL32.dll
 0002:000001d0       __imp_CreateThread         00000001400071d0     kernel32:KERNEL32.dll
 0002:000001d8       __imp_OpenMutexA           00000001400071d8     kernel32:KERNEL32.dll
 0002:000001e0       __imp_GetExitCodeThread    00000001400071e0     kernel32:KERNEL32.dll
 0002:000001e8       __imp_GetSystemInfo        00000001400071e8     kernel32:KERNEL32.dll
 0002:000001f0       __imp_CreateMutexA         00000001400071f0     kernel32:KERNEL32.dll
 0002:000001f8       __imp_GetVersionExA        00000001400071f8     kernel32:KERNEL32.dll
 0002:00000200       __imp_DeleteFileA          0000000140007200     kernel32:KERNEL32.dll
 0002:00000208       \177KERNEL32_NULL_THUNK_DATA 0000000140007208     kernel32:KERNEL32.dll
 0002:00000210       __imp_GetProcessImageFileNameA 0000000140007210     psapi:PSAPI.DLL
 0002:00000218       \177PSAPI_NULL_THUNK_DATA  0000000140007218     psapi:PSAPI.DLL
 0002:00000220       __imp_SHGetFolderPathA     0000000140007220     shell32:SHELL32.dll
 0002:00000228       \177SHELL32_NULL_THUNK_DATA 0000000140007228     shell32:SHELL32.dll
 0002:00000230       __imp_PathFindFileNameA    0000000140007230     shlwapi:SHLWAPI.dll
 0002:00000238       __imp_StrToIntA            0000000140007238     shlwapi:SHLWAPI.dll
 0002:00000240       __imp_StrStrIA             0000000140007240     shlwapi:SHLWAPI.dll
 0002:00000248       __imp_PathCombineA         0000000140007248     shlwapi:SHLWAPI.dll
 0002:00000250       __imp_UrlGetPartA          0000000140007250     shlwapi:SHLWAPI.dll
 0002:00000258       \177SHLWAPI_NULL_THUNK_DATA 0000000140007258     shlwapi:SHLWAPI.dll
 0002:00000260       __imp_GetSystemMetrics     0000000140007260     user32:USER32.dll
 0002:00000268       \177USER32_NULL_THUNK_DATA 0000000140007268     user32:USER32.dll
 0002:00000270       __imp_HttpQueryInfoA       0000000140007270     wininet:WININET.dll
 0002:00000278       __imp_InternetCrackUrlA    0000000140007278     wininet:WININET.dll
 0002:00000280       __imp_InternetReadFile     0000000140007280     wininet:WININET.dll
 0002:00000288       __imp_InternetSetOptionA   0000000140007288     wininet:WININET.dll
 0002:00000290       __imp_HttpOpenRequestA     0000000140007290     wininet:WININET.dll
 0002:00000298       __imp_HttpSendRequestA     0000000140007298     wininet:WININET.dll
 0002:000002a0       __imp_InternetOpenA        00000001400072a0     wininet:WININET.dll
 0002:000002a8       __imp_InternetCloseHandle  00000001400072a8     wininet:WININET.dll
 0002:000002b0       __imp_InternetConnectA     00000001400072b0     wininet:WININET.dll
 0002:000002b8       \177WININET_NULL_THUNK_DATA 00000001400072b8     wininet:WININET.dll
 0002:000002c0       __imp_strchr               00000001400072c0     ntdll:ntdll.dll
 0002:000002c8       __imp__snprintf            00000001400072c8     ntdll:ntdll.dll
 0002:000002d0       __imp_memcpy               00000001400072d0     ntdll:ntdll.dll
 0002:000002d8       __imp_memset               00000001400072d8     ntdll:ntdll.dll
 0002:000002e0       __imp__snwprintf           00000001400072e0     ntdll:ntdll.dll
 0002:000002e8       __imp_RtlImageNtHeader     00000001400072e8     ntdll:ntdll.dll
 0002:000002f0       __imp_RtlExitUserThread    00000001400072f0     ntdll:ntdll.dll
 0002:000002f8       __imp_ZwResumeThread       00000001400072f8     ntdll:ntdll.dll
 0002:00000300       __imp_NtQueryInformationThread 0000000140007300     ntdll:ntdll.dll
 0002:00000308       __imp_NtQueueApcThread     0000000140007308     ntdll:ntdll.dll
 0002:00000310       __imp_RtlQueueApcWow64Thread 0000000140007310     ntdll:ntdll.dll
 0002:00000318       __imp_tolower              0000000140007318     ntdll:ntdll.dll
 0002:00000320       __imp_isalpha              0000000140007320     ntdll:ntdll.dll
 0002:00000328       __imp_sscanf               0000000140007328     ntdll:ntdll.dll
 0002:00000330       __imp_strncpy              0000000140007330     ntdll:ntdll.dll
 0002:00000338       __imp__vsnprintf           0000000140007338     ntdll:ntdll.dll
 0002:00000340       __imp_RtlRandom            0000000140007340     ntdll:ntdll.dll
 0002:00000348       __imp__stricmp             0000000140007348     ntdll:ntdll.dll
 0002:00000350       __imp___chkstk             0000000140007350     ntdll:ntdll.dll
 0002:00000358       \177ntdll_NULL_THUNK_DATA  0000000140007358     ntdll:ntdll.dll
 0002:00000360       __imp_URLDownloadToFileA   0000000140007360     urlmon:urlmon.dll
 0002:00000368       \177urlmon_NULL_THUNK_DATA 0000000140007368     urlmon:urlmon.dll
 0002:00000370       LIBID_TaskScheduler        0000000140007370     taskschd:taskschd_i.obj
 0002:00000380       IID_ITaskFolderCollection  0000000140007380     taskschd:taskschd_i.obj
 0002:00000390       IID_ITaskService           0000000140007390     taskschd:taskschd_i.obj
 0002:000003a0       IID_ITaskHandler           00000001400073a0     taskschd:taskschd_i.obj
 0002:000003b0       IID_ITaskHandlerStatus     00000001400073b0     taskschd:taskschd_i.obj
 0002:000003c0       IID_ITaskVariables         00000001400073c0     taskschd:taskschd_i.obj
 0002:000003d0       IID_ITaskNamedValuePair    00000001400073d0     taskschd:taskschd_i.obj
 0002:000003e0       IID_ITaskNamedValueCollection 00000001400073e0     taskschd:taskschd_i.obj
 0002:000003f0       IID_IRunningTask           00000001400073f0     taskschd:taskschd_i.obj
 0002:00000400       IID_IRunningTaskCollection 0000000140007400     taskschd:taskschd_i.obj
 0002:00000410       IID_IRegisteredTask        0000000140007410     taskschd:taskschd_i.obj
 0002:00000420       IID_ITrigger               0000000140007420     taskschd:taskschd_i.obj
 0002:00000430       IID_IIdleTrigger           0000000140007430     taskschd:taskschd_i.obj
 0002:00000440       IID_ILogonTrigger          0000000140007440     taskschd:taskschd_i.obj
 0002:00000450       IID_ISessionStateChangeTrigger 0000000140007450     taskschd:taskschd_i.obj
 0002:00000460       IID_IEventTrigger          0000000140007460     taskschd:taskschd_i.obj
 0002:00000470       IID_ITimeTrigger           0000000140007470     taskschd:taskschd_i.obj
 0002:00000480       IID_IDailyTrigger          0000000140007480     taskschd:taskschd_i.obj
 0002:00000490       IID_IWeeklyTrigger         0000000140007490     taskschd:taskschd_i.obj
 0002:000004a0       IID_IMonthlyTrigger        00000001400074a0     taskschd:taskschd_i.obj
 0002:000004b0       IID_IMonthlyDOWTrigger     00000001400074b0     taskschd:taskschd_i.obj
 0002:000004c0       IID_IBootTrigger           00000001400074c0     taskschd:taskschd_i.obj
 0002:000004d0       IID_IRegistrationTrigger   00000001400074d0     taskschd:taskschd_i.obj
 0002:000004e0       IID_IAction                00000001400074e0     taskschd:taskschd_i.obj
 0002:000004f0       IID_IExecAction            00000001400074f0     taskschd:taskschd_i.obj
 0002:00000500       IID_IShowMessageAction     0000000140007500     taskschd:taskschd_i.obj
 0002:00000510       IID_IComHandlerAction      0000000140007510     taskschd:taskschd_i.obj
 0002:00000520       IID_IEmailAction           0000000140007520     taskschd:taskschd_i.obj
 0002:00000530       IID_ITriggerCollection     0000000140007530     taskschd:taskschd_i.obj
 0002:00000540       IID_IActionCollection      0000000140007540     taskschd:taskschd_i.obj
 0002:00000550       IID_IPrincipal             0000000140007550     taskschd:taskschd_i.obj
 0002:00000560       IID_IRegistrationInfo      0000000140007560     taskschd:taskschd_i.obj
 0002:00000570       IID_ITaskDefinition        0000000140007570     taskschd:taskschd_i.obj
 0002:00000580       IID_ITaskSettings          0000000140007580     taskschd:taskschd_i.obj
 0002:00000590       IID_ITaskSettings2         0000000140007590     taskschd:taskschd_i.obj
 0002:000005a0       CLSID_TaskScheduler        00000001400075a0     taskschd:taskschd_i.obj
 0002:000005b0       CLSID_TaskHandlerPS        00000001400075b0     taskschd:taskschd_i.obj
 0002:000005c0       CLSID_TaskHandlerStatusPS  00000001400075c0     taskschd:taskschd_i.obj
 0002:000005d0       IID_IRegisteredTaskCollection 00000001400075d0     taskschd:taskschd_i.obj
 0002:000005e0       IID_ITaskFolder            00000001400075e0     taskschd:taskschd_i.obj
 0002:000005f0       IID_IIdleSettings          00000001400075f0     taskschd:taskschd_i.obj
 0002:00000600       IID_INetworkSettings       0000000140007600     taskschd:taskschd_i.obj
 0002:00000610       IID_IRepetitionPattern     0000000140007610     taskschd:taskschd_i.obj
 0002:00000620       IID_IPrincipal2            0000000140007620     taskschd:taskschd_i.obj
 0002:0000291c       __IMPORT_DESCRIPTOR_ntdll  000000014000991c     ntdll:ntdll.dll
 0002:00002930       __IMPORT_DESCRIPTOR_KERNEL32 0000000140009930     kernel32:KERNEL32.dll
 0002:00002944       __IMPORT_DESCRIPTOR_USER32 0000000140009944     user32:USER32.dll
 0002:00002958       __IMPORT_DESCRIPTOR_ADVAPI32 0000000140009958     advapi32:ADVAPI32.dll
 0002:0000296c       __IMPORT_DESCRIPTOR_SHLWAPI 000000014000996c     shlwapi:SHLWAPI.dll
 0002:00002980       __IMPORT_DESCRIPTOR_SHELL32 0000000140009980     shell32:SHELL32.dll
 0002:00002994       __IMPORT_DESCRIPTOR_PSAPI  0000000140009994     psapi:PSAPI.DLL
 0002:000029a8       __IMPORT_DESCRIPTOR_WININET 00000001400099a8     wininet:WININET.dll
 0002:000029bc       __IMPORT_DESCRIPTOR_urlmon 00000001400099bc     urlmon:urlmon.dll
 0002:000029d0       __NULL_IMPORT_DESCRIPTOR   00000001400099d0     ntdll:ntdll.dll
 0003:00000000       ?ExpFmt@@3PA_WA            000000014000b000     common.obj
 0003:00000228       ?wszComment@@3PA_WA        000000014000b228     common.obj
 0003:00000248       ?OldZwConnectPort@@3P6AJPEAPEAXPEAU_UNICODE_STRING@@PEAU_SECURITY_QUALITY_OF_SERVICE@@PEAX3PEAK34@ZEA 000000014000b248     common.obj
 0003:00000250       ?hde32_table@@3PAEA        000000014000b250     common.obj
 0003:00000460       ?ConfigFileName@Config@@3PADA 000000014000b460     config.obj
 0003:00000564       ?CurrentImageSize@Drop@@3KA 000000014000b564     dropper.obj
 0003:00000568       ?CurrentImageBase@Drop@@3PEAXEA 000000014000b568     dropper.obj
 0003:00000570       ?CurrentModulePath@Drop@@3PADA 000000014000b570     dropper.obj
 0003:00000674       ?bFirstImageLoad@Drop@@3EA 000000014000b674     dropper.obj
 0003:00000675       ?bWorkThread@Drop@@3EA     000000014000b675     dropper.obj
 0003:00000680       ?MachineGuid@Drop@@3PADA   000000014000b680     dropper.obj
 0003:00000788       ?BotID@Drop@@3PADA         000000014000b788     dropper.obj
 0003:000007c8       ?g_hProtectThread@@3PEAXEA 000000014000b7c8     protect.obj
 0003:000007d0       ?g_chDllPath@Drop@@3PADA   000000014000b7d0     dropper.obj
 0003:000008e0       ?CurrentConfigPath@Drop@@3PADA 000000014000b8e0     dropper.obj
 0003:00000df0       ?OldZwConnectPortBytes@@3PAEA 000000014000bdf0     common.obj
 0003:00000e04       ?ConfigSize@Config@@3KA    000000014000be04     config.obj
 0003:00000e08       ?ConfigBuffer@Config@@3PEAXEA 000000014000be08     config.obj
 0003:00000e10       ?DctModules@Modules@@3PAU_DCT_MODULE@1@A 000000014000be10     modules.obj
 0003:00001e30       ?DctDelayedLoadModules@Modules@@3PAUDCT_DELAYEDLOAD@1@A 000000014000ce30     modules.obj
 0003:000022ec       ?g_bStopProt@@3EA          000000014000d2ec     protect.obj
 0003:000022f0       ?g_CurrentServer@@3PADA    000000014000d2f0     server.obj
 0003:00002400       ?g_chUserAgent@@3PADA      000000014000d400     utils.obj

 entry point at        0000:00000000

 Static symbols


 Exports

  ordinal    name

        1    ?DownloadRunExeId@@YAEKPEADK@Z (unsigned char __cdecl DownloadRunExeId(unsigned long,char *,unsigned long))
               exported name: DownloadRunExeId
        2    ?DownloadRunExeUrl@@YAEKPEAD0@Z (unsigned char __cdecl DownloadRunExeUrl(unsigned long,char *,char *))
               exported name: DownloadRunExeUrl
        3    ?DownloadRunModId@@YAEKPEADK0K00K0@Z (unsigned char __cdecl DownloadRunModId(unsigned long,char *,unsigned long,char *,unsigned long,char *,char *,unsigned long,char *))
               exported name: DownloadRunModId
        4    ?DownloadUpdateMain@@YAEKPEADKK@Z (unsigned char __cdecl DownloadUpdateMain(unsigned long,char *,unsigned long,unsigned long))
               exported name: DownloadUpdateMain
        5    ?InjectApcRoutine@@YAXPEAX00@Z (void __cdecl InjectApcRoutine(void *,void *,void *))
               exported name: InjectApcRoutine
        6    ?InjectNormalRoutine@@YAXPEAX@Z (void __cdecl InjectNormalRoutine(void *))
               exported name: InjectNormalRoutine
        7    ?SendLogs@@YAKKPEAD@Z (unsigned long __cdecl SendLogs(unsigned long,char *))
               exported name: SendLogs
        8    ?WriteConfigString@@YAEKPEAD000@Z (unsigned char __cdecl WriteConfigString(unsigned long,char *,char *,char *,char *))
               exported name: WriteConfigString
